Archive member included to satisfy reference by file (symbol)

/home/ilya/UCU/Grade2/POC/labs/STM32_Tune/Middlewares/ST/STM32_Audio/Addons/PDM/Lib/libPDMFilter_CM4_GCC_wc32.a(pdm_filter.o)
                              PDM2PCM/App/pdm2pcm.o (PDM_Filter_Init)
/home/ilya/UCU/Grade2/POC/labs/STM32_Tune/Middlewares/ST/STM32_Audio/Addons/PDM/Lib/libPDMFilter_CM4_GCC_wc32.a(stm32_crc_lock.o)
                              /home/ilya/UCU/Grade2/POC/labs/STM32_Tune/Middlewares/ST/STM32_Audio/Addons/PDM/Lib/libPDMFilter_CM4_GCC_wc32.a(pdm_filter.o) (CRC_Lock)
/home/ilya/UCU/Grade2/POC/labs/STM32_Tune/libs/CMSIS-master/CMSIS/Lib/GCC/libarm_cortexM4lf_math.a(arm_rfft_fast_init_f32.o)
                              Core/Src/main.o (arm_rfft_fast_init_f32)
/home/ilya/UCU/Grade2/POC/labs/STM32_Tune/libs/CMSIS-master/CMSIS/Lib/GCC/libarm_cortexM4lf_math.a(arm_rfft_fast_f32.o)
                              Core/Src/main.o (arm_rfft_fast_f32)
/home/ilya/UCU/Grade2/POC/labs/STM32_Tune/libs/CMSIS-master/CMSIS/Lib/GCC/libarm_cortexM4lf_math.a(arm_cfft_f32.o)
                              /home/ilya/UCU/Grade2/POC/labs/STM32_Tune/libs/CMSIS-master/CMSIS/Lib/GCC/libarm_cortexM4lf_math.a(arm_rfft_fast_f32.o) (arm_cfft_f32)
/home/ilya/UCU/Grade2/POC/labs/STM32_Tune/libs/CMSIS-master/CMSIS/Lib/GCC/libarm_cortexM4lf_math.a(arm_common_tables.o)
                              /home/ilya/UCU/Grade2/POC/labs/STM32_Tune/libs/CMSIS-master/CMSIS/Lib/GCC/libarm_cortexM4lf_math.a(arm_rfft_fast_init_f32.o) (twiddleCoef_rfft_4096)
/home/ilya/UCU/Grade2/POC/labs/STM32_Tune/libs/CMSIS-master/CMSIS/Lib/GCC/libarm_cortexM4lf_math.a(arm_bitreversal2.o)
                              /home/ilya/UCU/Grade2/POC/labs/STM32_Tune/libs/CMSIS-master/CMSIS/Lib/GCC/libarm_cortexM4lf_math.a(arm_cfft_f32.o) (arm_bitreversal_32)
/home/ilya/UCU/Grade2/POC/labs/STM32_Tune/libs/CMSIS-master/CMSIS/Lib/GCC/libarm_cortexM4lf_math.a(arm_cfft_radix8_f32.o)
                              /home/ilya/UCU/Grade2/POC/labs/STM32_Tune/libs/CMSIS-master/CMSIS/Lib/GCC/libarm_cortexM4lf_math.a(arm_cfft_f32.o) (arm_radix8_butterfly_f32)
/home/ilya/Ac6/SystemWorkbench/plugins/fr.ac6.mcu.externaltools.arm-none.linux64_1.17.0.201812190825/tools/compiler/bin/../lib/gcc/arm-none-eabi/7.3.1/../../../../arm-none-eabi/lib/thumb/v7e-m/fpv4-sp/hard/libm.a(lib_a-sf_round.o)
                              /home/ilya/UCU/Grade2/POC/labs/STM32_Tune/Middlewares/ST/STM32_Audio/Addons/PDM/Lib/libPDMFilter_CM4_GCC_wc32.a(pdm_filter.o) (roundf)
/home/ilya/Ac6/SystemWorkbench/plugins/fr.ac6.mcu.externaltools.arm-none.linux64_1.17.0.201812190825/tools/compiler/bin/../lib/gcc/arm-none-eabi/7.3.1/../../../../arm-none-eabi/lib/thumb/v7e-m/fpv4-sp/hard/libm.a(lib_a-wf_log10.o)
                              Core/Src/main.o (log10f)
/home/ilya/Ac6/SystemWorkbench/plugins/fr.ac6.mcu.externaltools.arm-none.linux64_1.17.0.201812190825/tools/compiler/bin/../lib/gcc/arm-none-eabi/7.3.1/../../../../arm-none-eabi/lib/thumb/v7e-m/fpv4-sp/hard/libm.a(lib_a-wf_pow.o)
                              /home/ilya/UCU/Grade2/POC/labs/STM32_Tune/Middlewares/ST/STM32_Audio/Addons/PDM/Lib/libPDMFilter_CM4_GCC_wc32.a(pdm_filter.o) (powf)
/home/ilya/Ac6/SystemWorkbench/plugins/fr.ac6.mcu.externaltools.arm-none.linux64_1.17.0.201812190825/tools/compiler/bin/../lib/gcc/arm-none-eabi/7.3.1/../../../../arm-none-eabi/lib/thumb/v7e-m/fpv4-sp/hard/libm.a(lib_a-wf_sqrt.o)
                              Core/Src/main.o (sqrtf)
/home/ilya/Ac6/SystemWorkbench/plugins/fr.ac6.mcu.externaltools.arm-none.linux64_1.17.0.201812190825/tools/compiler/bin/../lib/gcc/arm-none-eabi/7.3.1/../../../../arm-none-eabi/lib/thumb/v7e-m/fpv4-sp/hard/libm.a(lib_a-ef_log10.o)
                              /home/ilya/Ac6/SystemWorkbench/plugins/fr.ac6.mcu.externaltools.arm-none.linux64_1.17.0.201812190825/tools/compiler/bin/../lib/gcc/arm-none-eabi/7.3.1/../../../../arm-none-eabi/lib/thumb/v7e-m/fpv4-sp/hard/libm.a(lib_a-wf_log10.o) (__ieee754_log10f)
/home/ilya/Ac6/SystemWorkbench/plugins/fr.ac6.mcu.externaltools.arm-none.linux64_1.17.0.201812190825/tools/compiler/bin/../lib/gcc/arm-none-eabi/7.3.1/../../../../arm-none-eabi/lib/thumb/v7e-m/fpv4-sp/hard/libm.a(lib_a-ef_pow.o)
                              /home/ilya/Ac6/SystemWorkbench/plugins/fr.ac6.mcu.externaltools.arm-none.linux64_1.17.0.201812190825/tools/compiler/bin/../lib/gcc/arm-none-eabi/7.3.1/../../../../arm-none-eabi/lib/thumb/v7e-m/fpv4-sp/hard/libm.a(lib_a-wf_pow.o) (__ieee754_powf)
/home/ilya/Ac6/SystemWorkbench/plugins/fr.ac6.mcu.externaltools.arm-none.linux64_1.17.0.201812190825/tools/compiler/bin/../lib/gcc/arm-none-eabi/7.3.1/../../../../arm-none-eabi/lib/thumb/v7e-m/fpv4-sp/hard/libm.a(lib_a-ef_sqrt.o)
                              /home/ilya/Ac6/SystemWorkbench/plugins/fr.ac6.mcu.externaltools.arm-none.linux64_1.17.0.201812190825/tools/compiler/bin/../lib/gcc/arm-none-eabi/7.3.1/../../../../arm-none-eabi/lib/thumb/v7e-m/fpv4-sp/hard/libm.a(lib_a-wf_sqrt.o) (__ieee754_sqrtf)
[...]
Memory Configuration

Name             Origin             Length             Attributes
RAM              0x0000000020000000 0x0000000000020000 xrw
FLASH            0x0000000008000000 0x0000000000080000 xr
*default*        0x0000000000000000 0xffffffffffffffff

Linker script and memory map

LOAD /home/ilya/Ac6/SystemWorkbench/plugins/fr.ac6.mcu.externaltools.arm-none.linux64_1.17.0.201812190825/tools/compiler/bin/../lib/gcc/arm-none-eabi/7.3.1/thumb/v7e-m/fpv4-sp/hard/crti.o
LOAD /home/ilya/Ac6/SystemWorkbench/plugins/fr.ac6.mcu.externaltools.arm-none.linux64_1.17.0.201812190825/tools/compiler/bin/../lib/gcc/arm-none-eabi/7.3.1/thumb/v7e-m/fpv4-sp/hard/crtbegin.o
LOAD /home/ilya/Ac6/SystemWorkbench/plugins/fr.ac6.mcu.externaltools.arm-none.linux64_1.17.0.201812190825/tools/compiler/bin/../lib/gcc/arm-none-eabi/7.3.1/../../../../arm-none-eabi/lib/thumb/v7e-m/fpv4-sp/hard/crt0.o
LOAD Core/Src/crc.o
LOAD Core/Src/dma.o
LOAD Core/Src/gpio.o
LOAD Core/Src/i2c.o
LOAD Core/Src/i2s.o
LOAD Core/Src/main.o
LOAD Core/Src/spi.o
LOAD Core/Src/stm32f4xx_hal_msp.o
LOAD Core/Src/stm32f4xx_it.o
LOAD Core/Src/syscalls.o
LOAD Core/Src/system_stm32f4xx.o
LOAD Drivers/STM32F4xx_HAL_Driver/Src/stm32f4xx_hal.o
LOAD Drivers/STM32F4xx_HAL_Driver/Src/stm32f4xx_hal_cortex.o
LOAD Drivers/STM32F4xx_HAL_Driver/Src/stm32f4xx_hal_crc.o
LOAD Drivers/STM32F4xx_HAL_Driver/Src/stm32f4xx_hal_dma.o
LOAD Drivers/STM32F4xx_HAL_Driver/Src/stm32f4xx_hal_dma_ex.o
LOAD Drivers/STM32F4xx_HAL_Driver/Src/stm32f4xx_hal_exti.o
LOAD Drivers/STM32F4xx_HAL_Driver/Src/stm32f4xx_hal_flash.o
LOAD Drivers/STM32F4xx_HAL_Driver/Src/stm32f4xx_hal_flash_ex.o
LOAD Drivers/STM32F4xx_HAL_Driver/Src/stm32f4xx_hal_flash_ramfunc.o
LOAD Drivers/STM32F4xx_HAL_Driver/Src/stm32f4xx_hal_gpio.o
LOAD Drivers/STM32F4xx_HAL_Driver/Src/stm32f4xx_hal_i2c.o
LOAD Drivers/STM32F4xx_HAL_Driver/Src/stm32f4xx_hal_i2c_ex.o
LOAD Drivers/STM32F4xx_HAL_Driver/Src/stm32f4xx_hal_i2s.o
LOAD Drivers/STM32F4xx_HAL_Driver/Src/stm32f4xx_hal_i2s_ex.o
LOAD Drivers/STM32F4xx_HAL_Driver/Src/stm32f4xx_hal_pcd.o
LOAD Drivers/STM32F4xx_HAL_Driver/Src/stm32f4xx_hal_pcd_ex.o
LOAD Drivers/STM32F4xx_HAL_Driver/Src/stm32f4xx_hal_pwr.o
LOAD Drivers/STM32F4xx_HAL_Driver/Src/stm32f4xx_hal_pwr_ex.o
LOAD Drivers/STM32F4xx_HAL_Driver/Src/stm32f4xx_hal_rcc.o
LOAD Drivers/STM32F4xx_HAL_Driver/Src/stm32f4xx_hal_rcc_ex.o
LOAD Drivers/STM32F4xx_HAL_Driver/Src/stm32f4xx_hal_spi.o
LOAD Drivers/STM32F4xx_HAL_Driver/Src/stm32f4xx_hal_tim.o
LOAD Drivers/STM32F4xx_HAL_Driver/Src/stm32f4xx_hal_tim_ex.o
LOAD Drivers/STM32F4xx_HAL_Driver/Src/stm32f4xx_ll_usb.o
LOAD Middlewares/ST/STM32_USB_Device_Library/Class/CDC/Src/usbd_cdc.o
LOAD Middlewares/ST/STM32_USB_Device_Library/Core/Src/usbd_core.o
LOAD Middlewares/ST/STM32_USB_Device_Library/Core/Src/usbd_ctlreq.o
LOAD Middlewares/ST/STM32_USB_Device_Library/Core/Src/usbd_ioreq.o
LOAD PDM2PCM/App/pdm2pcm.o
LOAD USB_DEVICE/App/usb_device.o
LOAD USB_DEVICE/App/usbd_cdc_if.o
LOAD USB_DEVICE/App/usbd_desc.o
LOAD USB_DEVICE/Target/usbd_conf.o
LOAD startup/startup_stm32f411xe.o
LOAD /home/ilya/UCU/Grade2/POC/labs/STM32_Tune/Middlewares/ST/STM32_Audio/Addons/PDM/Lib/libPDMFilter_CM4_GCC_wc32.a
LOAD /home/ilya/UCU/Grade2/POC/labs/STM32_Tune/libs/CMSIS-master/CMSIS/Lib/GCC/libarm_cortexM4lf_math.a
LOAD /home/ilya/Ac6/SystemWorkbench/plugins/fr.ac6.mcu.externaltools.arm-none.linux64_1.17.0.201812190825/tools/compiler/bin/../lib/gcc/arm-none-eabi/7.3.1/../../../../arm-none-eabi/lib/thumb/v7e-m/fpv4-sp/hard/libm.a
START GROUP
LOAD /home/ilya/Ac6/SystemWorkbench/plugins/fr.ac6.mcu.externaltools.arm-none.linux64_1.17.0.201812190825/tools/compiler/bin/../lib/gcc/arm-none-eabi/7.3.1/thumb/v7e-m/fpv4-sp/hard/libgcc.a
LOAD /home/ilya/Ac6/SystemWorkbench/plugins/fr.ac6.mcu.externaltools.arm-none.linux64_1.17.0.201812190825/tools/compiler/bin/../lib/gcc/arm-none-eabi/7.3.1/../../../../arm-none-eabi/lib/thumb/v7e-m/fpv4-sp/hard/libc_nano.a
END GROUP
START GROUP
LOAD /home/ilya/Ac6/SystemWorkbench/plugins/fr.ac6.mcu.externaltools.arm-none.linux64_1.17.0.201812190825/tools/compiler/bin/../lib/gcc/arm-none-eabi/7.3.1/thumb/v7e-m/fpv4-sp/hard/libgcc.a
LOAD /home/ilya/Ac6/SystemWorkbench/plugins/fr.ac6.mcu.externaltools.arm-none.linux64_1.17.0.201812190825/tools/compiler/bin/../lib/gcc/arm-none-eabi/7.3.1/../../../../arm-none-eabi/lib/thumb/v7e-m/fpv4-sp/hard/libc_nano.a
LOAD /home/ilya/Ac6/SystemWorkbench/plugins/fr.ac6.mcu.externaltools.arm-none.linux64_1.17.0.201812190825/tools/compiler/bin/../lib/gcc/arm-none-eabi/7.3.1/../../../../arm-none-eabi/lib/thumb/v7e-m/fpv4-sp/hard/libnosys.a
END GROUP
START GROUP
LOAD /home/ilya/Ac6/SystemWorkbench/plugins/fr.ac6.mcu.externaltools.arm-none.linux64_1.17.0.201812190825/tools/compiler/bin/../lib/gcc/arm-none-eabi/7.3.1/thumb/v7e-m/fpv4-sp/hard/libgcc.a
LOAD /home/ilya/Ac6/SystemWorkbench/plugins/fr.ac6.mcu.externaltools.arm-none.linux64_1.17.0.201812190825/tools/compiler/bin/../lib/gcc/arm-none-eabi/7.3.1/../../../../arm-none-eabi/lib/thumb/v7e-m/fpv4-sp/hard/libc_nano.a
LOAD /home/ilya/Ac6/SystemWorkbench/plugins/fr.ac6.mcu.externaltools.arm-none.linux64_1.17.0.201812190825/tools/compiler/bin/../lib/gcc/arm-none-eabi/7.3.1/../../../../arm-none-eabi/lib/thumb/v7e-m/fpv4-sp/hard/libnosys.a
END GROUP
LOAD /home/ilya/Ac6/SystemWorkbench/plugins/fr.ac6.mcu.externaltools.arm-none.linux64_1.17.0.201812190825/tools/compiler/bin/../lib/gcc/arm-none-eabi/7.3.1/thumb/v7e-m/fpv4-sp/hard/crtend.o
LOAD /home/ilya/Ac6/SystemWorkbench/plugins/fr.ac6.mcu.externaltools.arm-none.linux64_1.17.0.201812190825/tools/compiler/bin/../lib/gcc/arm-none-eabi/7.3.1/thumb/v7e-m/fpv4-sp/hard/crtn.o
                0x0000000020020000                _estack = 0x20020000
                0x0000000000000200                _Min_Heap_Size = 0x200
                0x0000000000000400                _Min_Stack_Size = 0x400

.isr_vector     0x0000000008000000      0x198
                0x0000000008000000                . = ALIGN (0x4)
 *(.isr_vector)
 .isr_vector    0x0000000008000000      0x198 startup/startup_stm32f411xe.o
                0x0000000008000000                g_pfnVectors
                0x0000000008000198                . = ALIGN (0x4)

.text           0x00000000080001a0     0x929c
                0x00000000080001a0                . = ALIGN (0x4)
 *(.text)
 .text          0x00000000080001a0       0x40 /home/ilya/Ac6/SystemWorkbench/plugins/fr.ac6.mcu.externaltools.arm-none.linux64_1.17.0.201812190825/tools/compiler/bin/../lib/gcc/arm-none-eabi/7.3.1/thumb/v7e-m/fpv4-sp/hard/crtbegin.o
 .text          0x00000000080001e0      0x378 /home/ilya/Ac6/SystemWorkbench/plugins/fr.ac6.mcu.externaltools.arm-none.linux64_1.17.0.201812190825/tools/compiler/bin/../lib/gcc/arm-none-eabi/7.3.1/thumb/v7e-m/fpv4-sp/hard/libgcc.a(_arm_addsubdf3.o)
                0x00000000080001e0                __aeabi_drsub
                0x00000000080001e8                __aeabi_dsub
                0x00000000080001e8                __subdf3
                0x00000000080001ec                __adddf3
                0x00000000080001ec                __aeabi_dadd
                0x0000000008000464                __aeabi_ui2d
                0x0000000008000464                __floatunsidf
                0x0000000008000484                __floatsidf
                0x0000000008000484                __aeabi_i2d
                0x00000000080004a8                __extendsfdf2
                0x00000000080004a8                __aeabi_f2d
                0x00000000080004ec                __aeabi_ul2d
                0x00000000080004ec                __floatundidf
                0x00000000080004fc                __floatdidf
                0x00000000080004fc                __aeabi_l2d
 .text          0x0000000008000558       0xa0 /home/ilya/Ac6/SystemWorkbench/plugins/fr.ac6.mcu.externaltools.arm-none.linux64_1.17.0.201812190825/tools/compiler/bin/../lib/gcc/arm-none-eabi/7.3.1/thumb/v7e-m/fpv4-sp/hard/libgcc.a(_arm_truncdfsf2.o)
                0x0000000008000558                __aeabi_d2f
                0x0000000008000558                __truncdfsf2
 .text          0x00000000080005f8       0x30 /home/ilya/Ac6/SystemWorkbench/plugins/fr.ac6.mcu.externaltools.arm-none.linux64_1.17.0.201812190825/tools/compiler/bin/../lib/gcc/arm-none-eabi/7.3.1/thumb/v7e-m/fpv4-sp/hard/libgcc.a(_aeabi_uldivmod.o)
                0x00000000080005f8                __aeabi_uldivmod
 .text          0x0000000008000628      0x2cc /home/ilya/Ac6/SystemWorkbench/plugins/fr.ac6.mcu.externaltools.arm-none.linux64_1.17.0.201812190825/tools/compiler/bin/../lib/gcc/arm-none-eabi/7.3.1/thumb/v7e-m/fpv4-sp/hard/libgcc.a(_udivmoddi4.o)
                0x0000000008000628                __udivmoddi4
 .text          0x00000000080008f4        0x4 /home/ilya/Ac6/SystemWorkbench/plugins/fr.ac6.mcu.externaltools.arm-none.linux64_1.17.0.201812190825/tools/compiler/bin/../lib/gcc/arm-none-eabi/7.3.1/thumb/v7e-m/fpv4-sp/hard/libgcc.a(_dvmd_tls.o)
                0x00000000080008f4                __aeabi_ldiv0
                0x00000000080008f4                __aeabi_idiv0
 .text          0x00000000080008f8       0x10 /home/ilya/Ac6/SystemWorkbench/plugins/fr.ac6.mcu.externaltools.arm-none.linux64_1.17.0.201812190825/tools/compiler/bin/../lib/gcc/arm-none-eabi/7.3.1/../../../../arm-none-eabi/lib/thumb/v7e-m/fpv4-sp/hard/libc_nano.a(lib_a-strlen.o)
                0x00000000080008f8                strlen
 *fill*         0x0000000008000908        0x8 
 .text          0x0000000008000910       0xa0 /home/ilya/Ac6/SystemWorkbench/plugins/fr.ac6.mcu.externaltools.arm-none.linux64_1.17.0.201812190825/tools/compiler/bin/../lib/gcc/arm-none-eabi/7.3.1/../../../../arm-none-eabi/lib/thumb/v7e-m/fpv4-sp/hard/libc_nano.a(lib_a-memchr.o)
                0x0000000008000910                memchr
 *(.text*)
 .text.MX_CRC_Init
                0x00000000080009b0       0x20 Core/Src/crc.o
                0x00000000080009b0                MX_CRC_Init
 .text.HAL_CRC_MspInit
                0x00000000080009d0       0x30 Core/Src/crc.o
                0x00000000080009d0                HAL_CRC_MspInit
 .text.MX_DMA_Init
                0x0000000008000a00       0x44 Core/Src/dma.o
                0x0000000008000a00                MX_DMA_Init
 .text.MX_GPIO_Init
                0x0000000008000a44      0x150 Core/Src/gpio.o
                0x0000000008000a44                MX_GPIO_Init
 .text.MX_I2C1_Init
                0x0000000008000b94       0x3c Core/Src/i2c.o
                0x0000000008000b94                MX_I2C1_Init
 .text.HAL_I2C_MspInit
                0x0000000008000bd0       0x70 Core/Src/i2c.o
                0x0000000008000bd0                HAL_I2C_MspInit
 .text.MX_I2S2_Init
                0x0000000008000c40       0x3c Core/Src/i2s.o
                0x0000000008000c40                MX_I2S2_Init
 .text.MX_I2S3_Init
                0x0000000008000c7c       0x3c Core/Src/i2s.o
                0x0000000008000c7c                MX_I2S3_Init
 .text.HAL_I2S_MspInit
                0x0000000008000cb8      0x19c Core/Src/i2s.o
                0x0000000008000cb8                HAL_I2S_MspInit
 .text.getClosest
                0x0000000008000e54       0x16 Core/Src/main.o
                0x0000000008000e54                getClosest
 .text.concat   0x0000000008000e6a       0x2e Core/Src/main.o
                0x0000000008000e6a                concat
 .text.detectString
                0x0000000008000e98      0x180 Core/Src/main.o
                0x0000000008000e98                detectString
 .text.SystemClock_Config
                0x0000000008001018       0xb0 Core/Src/main.o
                0x0000000008001018                SystemClock_Config
 .text.main     0x00000000080010c8      0x178 Core/Src/main.o
                0x00000000080010c8                main
 .text.HAL_I2S_TxHalfCpltCallback
                0x0000000008001240        0xc Core/Src/main.o
                0x0000000008001240                HAL_I2S_TxHalfCpltCallback
 .text.HAL_I2S_TxCpltCallback
                0x000000000800124c        0xc Core/Src/main.o
                0x000000000800124c                HAL_I2S_TxCpltCallback
 .text.HAL_I2S_RxHalfCpltCallback
                0x0000000008001258        0xc Core/Src/main.o
                0x0000000008001258                HAL_I2S_RxHalfCpltCallback
 .text.HAL_I2S_RxCpltCallback
                0x0000000008001264        0xc Core/Src/main.o
                0x0000000008001264                HAL_I2S_RxCpltCallback
 .text.Error_Handler
                0x0000000008001270        0x2 Core/Src/main.o
                0x0000000008001270                Error_Handler
 .text.assert_failed
                0x0000000008001272        0x2 Core/Src/main.o
                0x0000000008001272                assert_failed
 .text.MX_SPI1_Init
                0x0000000008001274       0x40 Core/Src/spi.o
                0x0000000008001274                MX_SPI1_Init
 .text.HAL_SPI_MspInit
                0x00000000080012b4       0x70 Core/Src/spi.o
                0x00000000080012b4                HAL_SPI_MspInit
 .text.HAL_MspInit
                0x0000000008001324       0x40 Core/Src/stm32f4xx_hal_msp.o
                0x0000000008001324                HAL_MspInit
 .text.NMI_Handler
                0x0000000008001364        0x2 Core/Src/stm32f4xx_it.o
                0x0000000008001364                NMI_Handler
 .text.HardFault_Handler
                0x0000000008001366        0x2 Core/Src/stm32f4xx_it.o
                0x0000000008001366                HardFault_Handler
 .text.MemManage_Handler
                0x0000000008001368        0x2 Core/Src/stm32f4xx_it.o
                0x0000000008001368                MemManage_Handler
 .text.BusFault_Handler
                0x000000000800136a        0x2 Core/Src/stm32f4xx_it.o
                0x000000000800136a                BusFault_Handler
 .text.UsageFault_Handler
                0x000000000800136c        0x2 Core/Src/stm32f4xx_it.o
                0x000000000800136c                UsageFault_Handler
 .text.SVC_Handler
                0x000000000800136e        0x2 Core/Src/stm32f4xx_it.o
                0x000000000800136e                SVC_Handler
 .text.DebugMon_Handler
                0x0000000008001370        0x2 Core/Src/stm32f4xx_it.o
                0x0000000008001370                DebugMon_Handler
 .text.PendSV_Handler
                0x0000000008001372        0x2 Core/Src/stm32f4xx_it.o
                0x0000000008001372                PendSV_Handler
 .text.SysTick_Handler
                0x0000000008001374        0x8 Core/Src/stm32f4xx_it.o
                0x0000000008001374                SysTick_Handler
 .text.DMA1_Stream3_IRQHandler
                0x000000000800137c       0x10 Core/Src/stm32f4xx_it.o
                0x000000000800137c                DMA1_Stream3_IRQHandler
 .text.DMA1_Stream5_IRQHandler
                0x000000000800138c       0x10 Core/Src/stm32f4xx_it.o
                0x000000000800138c                DMA1_Stream5_IRQHandler
 .text.OTG_FS_IRQHandler
                0x000000000800139c       0x10 Core/Src/stm32f4xx_it.o
                0x000000000800139c                OTG_FS_IRQHandler
 .text._sbrk    0x00000000080013ac       0x3c Core/Src/syscalls.o
                0x00000000080013ac                _sbrk
 .text.SystemInit
                0x00000000080013e8       0x1c Core/Src/system_stm32f4xx.o
                0x00000000080013e8                SystemInit
 .text.HAL_InitTick
                0x0000000008001404       0x48 Drivers/STM32F4xx_HAL_Driver/Src/stm32f4xx_hal.o
                0x0000000008001404                HAL_InitTick
 .text.HAL_Init
                0x000000000800144c       0x34 Drivers/STM32F4xx_HAL_Driver/Src/stm32f4xx_hal.o
                0x000000000800144c                HAL_Init
 .text.HAL_IncTick
                0x0000000008001480       0x18 Drivers/STM32F4xx_HAL_Driver/Src/stm32f4xx_hal.o
                0x0000000008001480                HAL_IncTick
 .text.HAL_GetTick
                0x0000000008001498        0xc Drivers/STM32F4xx_HAL_Driver/Src/stm32f4xx_hal.o
                0x0000000008001498                HAL_GetTick
 .text.HAL_Delay
                0x00000000080014a4       0x28 Drivers/STM32F4xx_HAL_Driver/Src/stm32f4xx_hal.o
                0x00000000080014a4                HAL_Delay
 .text.HAL_NVIC_SetPriorityGrouping
                0x00000000080014cc       0x3c Drivers/STM32F4xx_HAL_Driver/Src/stm32f4xx_hal_cortex.o
                0x00000000080014cc                HAL_NVIC_SetPriorityGrouping
 .text.HAL_NVIC_SetPriority
                0x0000000008001508       0x8c Drivers/STM32F4xx_HAL_Driver/Src/stm32f4xx_hal_cortex.o
                0x0000000008001508                HAL_NVIC_SetPriority
 .text.HAL_NVIC_EnableIRQ
                0x0000000008001594       0x30 Drivers/STM32F4xx_HAL_Driver/Src/stm32f4xx_hal_cortex.o
                0x0000000008001594                HAL_NVIC_EnableIRQ
 .text.HAL_SYSTICK_Config
                0x00000000080015c4       0x2c Drivers/STM32F4xx_HAL_Driver/Src/stm32f4xx_hal_cortex.o
                0x00000000080015c4                HAL_SYSTICK_Config
 .text.HAL_CRC_Init
                0x00000000080015f0       0x38 Drivers/STM32F4xx_HAL_Driver/Src/stm32f4xx_hal_crc.o
                0x00000000080015f0                HAL_CRC_Init
 .text.DMA_SetConfig
                0x0000000008001628       0x2c Drivers/STM32F4xx_HAL_Driver/Src/stm32f4xx_hal_dma.o
 .text.DMA_CalcBaseAndBitshift
                0x0000000008001654       0x3c Drivers/STM32F4xx_HAL_Driver/Src/stm32f4xx_hal_dma.o
 .text.DMA_CheckFifoParam
                0x0000000008001690       0x8e Drivers/STM32F4xx_HAL_Driver/Src/stm32f4xx_hal_dma.o
 *fill*         0x000000000800171e        0x2 
 .text.HAL_DMA_Init
                0x0000000008001720      0x290 Drivers/STM32F4xx_HAL_Driver/Src/stm32f4xx_hal_dma.o
                0x0000000008001720                HAL_DMA_Init
 .text.HAL_DMA_Start_IT
                0x00000000080019b0       0x94 Drivers/STM32F4xx_HAL_Driver/Src/stm32f4xx_hal_dma.o
                0x00000000080019b0                HAL_DMA_Start_IT
 .text.HAL_DMA_IRQHandler
                0x0000000008001a44      0x1dc Drivers/STM32F4xx_HAL_Driver/Src/stm32f4xx_hal_dma.o
                0x0000000008001a44                HAL_DMA_IRQHandler
 .text.HAL_GPIO_Init
                0x0000000008001c20      0x2ac Drivers/STM32F4xx_HAL_Driver/Src/stm32f4xx_hal_gpio.o
                0x0000000008001c20                HAL_GPIO_Init
 .text.HAL_GPIO_WritePin
                0x0000000008001ecc       0x38 Drivers/STM32F4xx_HAL_Driver/Src/stm32f4xx_hal_gpio.o
                0x0000000008001ecc                HAL_GPIO_WritePin
 .text.HAL_I2C_Init
                0x0000000008001f04      0x2a4 Drivers/STM32F4xx_HAL_Driver/Src/stm32f4xx_hal_i2c.o
                0x0000000008001f04                HAL_I2C_Init
 .text.HAL_I2S_Init
                0x00000000080021a8      0x2a8 Drivers/STM32F4xx_HAL_Driver/Src/stm32f4xx_hal_i2s.o
                0x00000000080021a8                HAL_I2S_Init
 .text.HAL_I2S_Transmit_DMA
                0x0000000008002450       0xdc Drivers/STM32F4xx_HAL_Driver/Src/stm32f4xx_hal_i2s.o
                0x0000000008002450                HAL_I2S_Transmit_DMA
 .text.HAL_I2S_Receive_DMA
                0x000000000800252c       0xfc Drivers/STM32F4xx_HAL_Driver/Src/stm32f4xx_hal_i2s.o
                0x000000000800252c                HAL_I2S_Receive_DMA
 .text.I2S_DMATxHalfCplt
                0x0000000008002628        0xa Drivers/STM32F4xx_HAL_Driver/Src/stm32f4xx_hal_i2s.o
 .text.I2S_Transmit_IT
                0x0000000008002632       0x36 Drivers/STM32F4xx_HAL_Driver/Src/stm32f4xx_hal_i2s.o
 .text.I2S_DMATxCplt
                0x0000000008002668       0x24 Drivers/STM32F4xx_HAL_Driver/Src/stm32f4xx_hal_i2s.o
 .text.I2S_DMARxHalfCplt
                0x000000000800268c        0xa Drivers/STM32F4xx_HAL_Driver/Src/stm32f4xx_hal_i2s.o
 .text.I2S_Receive_IT
                0x0000000008002696       0x36 Drivers/STM32F4xx_HAL_Driver/Src/stm32f4xx_hal_i2s.o
 .text.I2S_DMARxCplt
                0x00000000080026cc       0x24 Drivers/STM32F4xx_HAL_Driver/Src/stm32f4xx_hal_i2s.o
 .text.HAL_I2S_ErrorCallback
                0x00000000080026f0        0x2 Drivers/STM32F4xx_HAL_Driver/Src/stm32f4xx_hal_i2s.o
                0x00000000080026f0                HAL_I2S_ErrorCallback
 .text.I2S_IRQHandler
                0x00000000080026f2       0xd0 Drivers/STM32F4xx_HAL_Driver/Src/stm32f4xx_hal_i2s.o
 .text.I2S_DMAError
                0x00000000080027c2       0x28 Drivers/STM32F4xx_HAL_Driver/Src/stm32f4xx_hal_i2s.o
 .text.HAL_I2SEx_TxRxCpltCallback
                0x00000000080027ea        0x2 Drivers/STM32F4xx_HAL_Driver/Src/stm32f4xx_hal_i2s_ex.o
                0x00000000080027ea                HAL_I2SEx_TxRxCpltCallback
 .text.I2SEx_TxISR_I2S
                0x00000000080027ec       0x3a Drivers/STM32F4xx_HAL_Driver/Src/stm32f4xx_hal_i2s_ex.o
 *fill*         0x0000000008002826        0x2 
 .text.I2SEx_RxISR_I2SExt
                0x0000000008002828       0x60 Drivers/STM32F4xx_HAL_Driver/Src/stm32f4xx_hal_i2s_ex.o
 .text.I2SEx_TxISR_I2SExt
                0x0000000008002888       0x60 Drivers/STM32F4xx_HAL_Driver/Src/stm32f4xx_hal_i2s_ex.o
 .text.I2SEx_RxISR_I2S
                0x00000000080028e8       0x3a Drivers/STM32F4xx_HAL_Driver/Src/stm32f4xx_hal_i2s_ex.o
 *fill*         0x0000000008002922        0x2 
 .text.HAL_I2SEx_FullDuplex_IRQHandler
                0x0000000008002924      0x1d8 Drivers/STM32F4xx_HAL_Driver/Src/stm32f4xx_hal_i2s_ex.o
                0x0000000008002924                HAL_I2SEx_FullDuplex_IRQHandler
 .text.PCD_WriteEmptyTxFifo
                0x0000000008002afc       0xd4 Drivers/STM32F4xx_HAL_Driver/Src/stm32f4xx_hal_pcd.o
 .text.HAL_PCD_Init
                0x0000000008002bd0      0x138 Drivers/STM32F4xx_HAL_Driver/Src/stm32f4xx_hal_pcd.o
                0x0000000008002bd0                HAL_PCD_Init
 .text.HAL_PCD_Start
                0x0000000008002d08       0x42 Drivers/STM32F4xx_HAL_Driver/Src/stm32f4xx_hal_pcd.o
                0x0000000008002d08                HAL_PCD_Start
 *fill*         0x0000000008002d4a        0x2 
 .text.PCD_EP_OutXfrComplete_int
                0x0000000008002d4c      0x100 Drivers/STM32F4xx_HAL_Driver/Src/stm32f4xx_hal_pcd.o
 .text.PCD_EP_OutSetupPacket_int
                0x0000000008002e4c       0x50 Drivers/STM32F4xx_HAL_Driver/Src/stm32f4xx_hal_pcd.o
 .text.HAL_PCD_IRQHandler
                0x0000000008002e9c      0x4a6 Drivers/STM32F4xx_HAL_Driver/Src/stm32f4xx_hal_pcd.o
                0x0000000008002e9c                HAL_PCD_IRQHandler
 .text.HAL_PCD_SetAddress
                0x0000000008003342       0x28 Drivers/STM32F4xx_HAL_Driver/Src/stm32f4xx_hal_pcd.o
                0x0000000008003342                HAL_PCD_SetAddress
 .text.HAL_PCD_EP_Open
                0x000000000800336a       0x82 Drivers/STM32F4xx_HAL_Driver/Src/stm32f4xx_hal_pcd.o
                0x000000000800336a                HAL_PCD_EP_Open
 .text.HAL_PCD_EP_Close
                0x00000000080033ec       0x6e Drivers/STM32F4xx_HAL_Driver/Src/stm32f4xx_hal_pcd.o
                0x00000000080033ec                HAL_PCD_EP_Close
 .text.HAL_PCD_EP_Receive
                0x000000000800345a       0x5c Drivers/STM32F4xx_HAL_Driver/Src/stm32f4xx_hal_pcd.o
                0x000000000800345a                HAL_PCD_EP_Receive
 .text.HAL_PCD_EP_GetRxCount
                0x00000000080034b6       0x12 Drivers/STM32F4xx_HAL_Driver/Src/stm32f4xx_hal_pcd.o
                0x00000000080034b6                HAL_PCD_EP_GetRxCount
 .text.HAL_PCD_EP_Transmit
                0x00000000080034c8       0x54 Drivers/STM32F4xx_HAL_Driver/Src/stm32f4xx_hal_pcd.o
                0x00000000080034c8                HAL_PCD_EP_Transmit
 .text.HAL_PCD_EP_SetStall
                0x000000000800351c       0x82 Drivers/STM32F4xx_HAL_Driver/Src/stm32f4xx_hal_pcd.o
                0x000000000800351c                HAL_PCD_EP_SetStall
 .text.HAL_PCD_EP_ClrStall
                0x000000000800359e       0x6e Drivers/STM32F4xx_HAL_Driver/Src/stm32f4xx_hal_pcd.o
                0x000000000800359e                HAL_PCD_EP_ClrStall
 .text.HAL_PCDEx_SetTxFiFo
                0x000000000800360c       0x48 Drivers/STM32F4xx_HAL_Driver/Src/stm32f4xx_hal_pcd_ex.o
                0x000000000800360c                HAL_PCDEx_SetTxFiFo
 .text.HAL_PCDEx_SetRxFiFo
                0x0000000008003654        0x8 Drivers/STM32F4xx_HAL_Driver/Src/stm32f4xx_hal_pcd_ex.o
                0x0000000008003654                HAL_PCDEx_SetRxFiFo
 .text.HAL_PCDEx_LPM_Callback
                0x000000000800365c        0x2 Drivers/STM32F4xx_HAL_Driver/Src/stm32f4xx_hal_pcd_ex.o
                0x000000000800365c                HAL_PCDEx_LPM_Callback
 *fill*         0x000000000800365e        0x2 
 .text.HAL_RCC_OscConfig
                0x0000000008003660      0x4f4 Drivers/STM32F4xx_HAL_Driver/Src/stm32f4xx_hal_rcc.o
                0x0000000008003660                HAL_RCC_OscConfig
 .text.HAL_RCC_GetSysClockFreq
                0x0000000008003b54       0xd8 Drivers/STM32F4xx_HAL_Driver/Src/stm32f4xx_hal_rcc.o
                0x0000000008003b54                HAL_RCC_GetSysClockFreq
 .text.HAL_RCC_ClockConfig
                0x0000000008003c2c      0x21c Drivers/STM32F4xx_HAL_Driver/Src/stm32f4xx_hal_rcc.o
                0x0000000008003c2c                HAL_RCC_ClockConfig
 .text.HAL_RCC_GetHCLKFreq
                0x0000000008003e48        0xc Drivers/STM32F4xx_HAL_Driver/Src/stm32f4xx_hal_rcc.o
                0x0000000008003e48                HAL_RCC_GetHCLKFreq
 .text.HAL_RCC_GetPCLK1Freq
                0x0000000008003e54       0x20 Drivers/STM32F4xx_HAL_Driver/Src/stm32f4xx_hal_rcc.o
                0x0000000008003e54                HAL_RCC_GetPCLK1Freq
 .text.HAL_RCCEx_PeriphCLKConfig
                0x0000000008003e74      0x2cc Drivers/STM32F4xx_HAL_Driver/Src/stm32f4xx_hal_rcc_ex.o
                0x0000000008003e74                HAL_RCCEx_PeriphCLKConfig
 .text.HAL_RCCEx_GetPeriphCLKFreq
                0x0000000008004140       0x78 Drivers/STM32F4xx_HAL_Driver/Src/stm32f4xx_hal_rcc_ex.o
                0x0000000008004140                HAL_RCCEx_GetPeriphCLKFreq
 .text.HAL_SPI_Init
                0x00000000080041b8      0x1a4 Drivers/STM32F4xx_HAL_Driver/Src/stm32f4xx_hal_spi.o
                0x00000000080041b8                HAL_SPI_Init
 .text.USB_CoreReset
                0x000000000800435c       0x3c Drivers/STM32F4xx_HAL_Driver/Src/stm32f4xx_ll_usb.o
 .text.USB_CoreInit
                0x0000000008004398       0x8a Drivers/STM32F4xx_HAL_Driver/Src/stm32f4xx_ll_usb.o
                0x0000000008004398                USB_CoreInit
 *fill*         0x0000000008004422        0x2 
 .text.USB_SetTurnaroundTime
                0x0000000008004424       0xec Drivers/STM32F4xx_HAL_Driver/Src/stm32f4xx_ll_usb.o
                0x0000000008004424                USB_SetTurnaroundTime
 .text.USB_EnableGlobalInt
                0x0000000008004510        0xc Drivers/STM32F4xx_HAL_Driver/Src/stm32f4xx_ll_usb.o
                0x0000000008004510                USB_EnableGlobalInt
 .text.USB_DisableGlobalInt
                0x000000000800451c        0xc Drivers/STM32F4xx_HAL_Driver/Src/stm32f4xx_ll_usb.o
                0x000000000800451c                USB_DisableGlobalInt
 .text.USB_SetCurrentMode
                0x0000000008004528       0x30 Drivers/STM32F4xx_HAL_Driver/Src/stm32f4xx_ll_usb.o
                0x0000000008004528                USB_SetCurrentMode
 .text.USB_FlushTxFifo
                0x0000000008004558       0x28 Drivers/STM32F4xx_HAL_Driver/Src/stm32f4xx_ll_usb.o
                0x0000000008004558                USB_FlushTxFifo
 .text.USB_FlushRxFifo
                0x0000000008004580       0x24 Drivers/STM32F4xx_HAL_Driver/Src/stm32f4xx_ll_usb.o
                0x0000000008004580                USB_FlushRxFifo
 .text.USB_SetDevSpeed
                0x00000000080045a4        0xe Drivers/STM32F4xx_HAL_Driver/Src/stm32f4xx_ll_usb.o
                0x00000000080045a4                USB_SetDevSpeed
 *fill*         0x00000000080045b2        0x2 
 .text.USB_DevInit
                0x00000000080045b4      0x190 Drivers/STM32F4xx_HAL_Driver/Src/stm32f4xx_ll_usb.o
                0x00000000080045b4                USB_DevInit
 .text.USB_GetDevSpeed
                0x0000000008004744       0x22 Drivers/STM32F4xx_HAL_Driver/Src/stm32f4xx_ll_usb.o
                0x0000000008004744                USB_GetDevSpeed
 .text.USB_ActivateEndpoint
                0x0000000008004766       0x94 Drivers/STM32F4xx_HAL_Driver/Src/stm32f4xx_ll_usb.o
                0x0000000008004766                USB_ActivateEndpoint
 *fill*         0x00000000080047fa        0x2 
 .text.USB_DeactivateEndpoint
                0x00000000080047fc       0xdc Drivers/STM32F4xx_HAL_Driver/Src/stm32f4xx_ll_usb.o
                0x00000000080047fc                USB_DeactivateEndpoint
 .text.USB_EP0StartXfer
                0x00000000080048d8      0x11c Drivers/STM32F4xx_HAL_Driver/Src/stm32f4xx_ll_usb.o
                0x00000000080048d8                USB_EP0StartXfer
 .text.USB_WritePacket
                0x00000000080049f4       0x28 Drivers/STM32F4xx_HAL_Driver/Src/stm32f4xx_ll_usb.o
                0x00000000080049f4                USB_WritePacket
 .text.USB_EPStartXfer
                0x0000000008004a1c      0x21c Drivers/STM32F4xx_HAL_Driver/Src/stm32f4xx_ll_usb.o
                0x0000000008004a1c                USB_EPStartXfer
 .text.USB_ReadPacket
                0x0000000008004c38       0x28 Drivers/STM32F4xx_HAL_Driver/Src/stm32f4xx_ll_usb.o
                0x0000000008004c38                USB_ReadPacket
 .text.USB_EPSetStall
                0x0000000008004c60       0x5a Drivers/STM32F4xx_HAL_Driver/Src/stm32f4xx_ll_usb.o
                0x0000000008004c60                USB_EPSetStall
 .text.USB_EPClearStall
                0x0000000008004cba       0x5c Drivers/STM32F4xx_HAL_Driver/Src/stm32f4xx_ll_usb.o
                0x0000000008004cba                USB_EPClearStall
 .text.USB_SetDevAddress
                0x0000000008004d16       0x20 Drivers/STM32F4xx_HAL_Driver/Src/stm32f4xx_ll_usb.o
                0x0000000008004d16                USB_SetDevAddress
 .text.USB_DevConnect
                0x0000000008004d36       0x1c Drivers/STM32F4xx_HAL_Driver/Src/stm32f4xx_ll_usb.o
                0x0000000008004d36                USB_DevConnect
 .text.USB_DevDisconnect
                0x0000000008004d52       0x1c Drivers/STM32F4xx_HAL_Driver/Src/stm32f4xx_ll_usb.o
                0x0000000008004d52                USB_DevDisconnect
 .text.USB_ReadInterrupts
                0x0000000008004d6e        0x8 Drivers/STM32F4xx_HAL_Driver/Src/stm32f4xx_ll_usb.o
                0x0000000008004d6e                USB_ReadInterrupts
 .text.USB_ReadDevAllOutEpInterrupt
                0x0000000008004d76       0x10 Drivers/STM32F4xx_HAL_Driver/Src/stm32f4xx_ll_usb.o
                0x0000000008004d76                USB_ReadDevAllOutEpInterrupt
 .text.USB_ReadDevAllInEpInterrupt
                0x0000000008004d86       0x10 Drivers/STM32F4xx_HAL_Driver/Src/stm32f4xx_ll_usb.o
                0x0000000008004d86                USB_ReadDevAllInEpInterrupt
 .text.USB_ReadDevOutEPInterrupt
                0x0000000008004d96       0x12 Drivers/STM32F4xx_HAL_Driver/Src/stm32f4xx_ll_usb.o
                0x0000000008004d96                USB_ReadDevOutEPInterrupt
 .text.USB_ReadDevInEPInterrupt
                0x0000000008004da8       0x28 Drivers/STM32F4xx_HAL_Driver/Src/stm32f4xx_ll_usb.o
                0x0000000008004da8                USB_ReadDevInEPInterrupt
 .text.USB_GetMode
                0x0000000008004dd0        0x8 Drivers/STM32F4xx_HAL_Driver/Src/stm32f4xx_ll_usb.o
                0x0000000008004dd0                USB_GetMode
 .text.USB_ActivateSetup
                0x0000000008004dd8       0x20 Drivers/STM32F4xx_HAL_Driver/Src/stm32f4xx_ll_usb.o
                0x0000000008004dd8                USB_ActivateSetup
 .text.USB_EP0_OutStart
                0x0000000008004df8       0x60 Drivers/STM32F4xx_HAL_Driver/Src/stm32f4xx_ll_usb.o
                0x0000000008004df8                USB_EP0_OutStart
 .text.USBD_CDC_EP0_RxReady
                0x0000000008004e58       0x28 Middlewares/ST/STM32_USB_Device_Library/Class/CDC/Src/usbd_cdc.o
 .text.USBD_CDC_GetFSCfgDesc
                0x0000000008004e80        0xc Middlewares/ST/STM32_USB_Device_Library/Class/CDC/Src/usbd_cdc.o
 .text.USBD_CDC_GetHSCfgDesc
                0x0000000008004e8c        0xc Middlewares/ST/STM32_USB_Device_Library/Class/CDC/Src/usbd_cdc.o
 .text.USBD_CDC_GetOtherSpeedCfgDesc
                0x0000000008004e98        0xc Middlewares/ST/STM32_USB_Device_Library/Class/CDC/Src/usbd_cdc.o
 .text.USBD_CDC_GetDeviceQualifierDescriptor
                0x0000000008004ea4        0xc Middlewares/ST/STM32_USB_Device_Library/Class/CDC/Src/usbd_cdc.o
                0x0000000008004ea4                USBD_CDC_GetDeviceQualifierDescriptor
 .text.USBD_CDC_DataOut
                0x0000000008004eb0       0x2a Middlewares/ST/STM32_USB_Device_Library/Class/CDC/Src/usbd_cdc.o
 .text.USBD_CDC_DataIn
                0x0000000008004eda       0x66 Middlewares/ST/STM32_USB_Device_Library/Class/CDC/Src/usbd_cdc.o
 .text.USBD_CDC_Setup
                0x0000000008004f40       0xe8 Middlewares/ST/STM32_USB_Device_Library/Class/CDC/Src/usbd_cdc.o
 .text.USBD_CDC_DeInit
                0x0000000008005028       0x48 Middlewares/ST/STM32_USB_Device_Library/Class/CDC/Src/usbd_cdc.o
 .text.USBD_CDC_Init
                0x0000000008005070       0xc2 Middlewares/ST/STM32_USB_Device_Library/Class/CDC/Src/usbd_cdc.o
 .text.USBD_CDC_RegisterInterface
                0x0000000008005132        0xe Middlewares/ST/STM32_USB_Device_Library/Class/CDC/Src/usbd_cdc.o
                0x0000000008005132                USBD_CDC_RegisterInterface
 .text.USBD_CDC_SetTxBuffer
                0x0000000008005140       0x10 Middlewares/ST/STM32_USB_Device_Library/Class/CDC/Src/usbd_cdc.o
                0x0000000008005140                USBD_CDC_SetTxBuffer
 .text.USBD_CDC_SetRxBuffer
                0x0000000008005150        0xc Middlewares/ST/STM32_USB_Device_Library/Class/CDC/Src/usbd_cdc.o
                0x0000000008005150                USBD_CDC_SetRxBuffer
 .text.USBD_CDC_TransmitPacket
                0x000000000800515c       0x34 Middlewares/ST/STM32_USB_Device_Library/Class/CDC/Src/usbd_cdc.o
                0x000000000800515c                USBD_CDC_TransmitPacket
 .text.USBD_CDC_ReceivePacket
                0x0000000008005190       0x32 Middlewares/ST/STM32_USB_Device_Library/Class/CDC/Src/usbd_cdc.o
                0x0000000008005190                USBD_CDC_ReceivePacket
 .text.USBD_Init
                0x00000000080051c2       0x38 Middlewares/ST/STM32_USB_Device_Library/Core/Src/usbd_core.o
                0x00000000080051c2                USBD_Init
 .text.USBD_RegisterClass
                0x00000000080051fa       0x28 Middlewares/ST/STM32_USB_Device_Library/Core/Src/usbd_core.o
                0x00000000080051fa                USBD_RegisterClass
 .text.USBD_Start
                0x0000000008005222        0x8 Middlewares/ST/STM32_USB_Device_Library/Core/Src/usbd_core.o
                0x0000000008005222                USBD_Start
 .text.USBD_SetClassConfig
                0x000000000800522a       0x12 Middlewares/ST/STM32_USB_Device_Library/Core/Src/usbd_core.o
                0x000000000800522a                USBD_SetClassConfig
 .text.USBD_ClrClassConfig
                0x000000000800523c       0x10 Middlewares/ST/STM32_USB_Device_Library/Core/Src/usbd_core.o
                0x000000000800523c                USBD_ClrClassConfig
 .text.USBD_LL_SetupStage
                0x000000000800524c       0x58 Middlewares/ST/STM32_USB_Device_Library/Core/Src/usbd_core.o
                0x000000000800524c                USBD_LL_SetupStage
 .text.USBD_LL_DataOutStage
                0x00000000080052a4       0x72 Middlewares/ST/STM32_USB_Device_Library/Core/Src/usbd_core.o
                0x00000000080052a4                USBD_LL_DataOutStage
 .text.USBD_LL_DataInStage
                0x0000000008005316       0xb6 Middlewares/ST/STM32_USB_Device_Library/Core/Src/usbd_core.o
                0x0000000008005316                USBD_LL_DataInStage
 .text.USBD_LL_Reset
                0x00000000080053cc       0x52 Middlewares/ST/STM32_USB_Device_Library/Core/Src/usbd_core.o
                0x00000000080053cc                USBD_LL_Reset
 .text.USBD_LL_SetSpeed
                0x000000000800541e        0x6 Middlewares/ST/STM32_USB_Device_Library/Core/Src/usbd_core.o
                0x000000000800541e                USBD_LL_SetSpeed
 .text.USBD_LL_Suspend
                0x0000000008005424       0x12 Middlewares/ST/STM32_USB_Device_Library/Core/Src/usbd_core.o
                0x0000000008005424                USBD_LL_Suspend
 .text.USBD_LL_Resume
                0x0000000008005436       0x16 Middlewares/ST/STM32_USB_Device_Library/Core/Src/usbd_core.o
                0x0000000008005436                USBD_LL_Resume
 .text.USBD_LL_SOF
                0x000000000800544c       0x1c Middlewares/ST/STM32_USB_Device_Library/Core/Src/usbd_core.o
                0x000000000800544c                USBD_LL_SOF
 .text.USBD_LL_IsoINIncomplete
                0x0000000008005468        0x4 Middlewares/ST/STM32_USB_Device_Library/Core/Src/usbd_core.o
                0x0000000008005468                USBD_LL_IsoINIncomplete
 .text.USBD_LL_IsoOUTIncomplete
                0x000000000800546c        0x4 Middlewares/ST/STM32_USB_Device_Library/Core/Src/usbd_core.o
                0x000000000800546c                USBD_LL_IsoOUTIncomplete
 .text.USBD_LL_DevConnected
                0x0000000008005470        0x4 Middlewares/ST/STM32_USB_Device_Library/Core/Src/usbd_core.o
                0x0000000008005470                USBD_LL_DevConnected
 .text.USBD_LL_DevDisconnected
                0x0000000008005474       0x18 Middlewares/ST/STM32_USB_Device_Library/Core/Src/usbd_core.o
                0x0000000008005474                USBD_LL_DevDisconnected
 .text.USBD_GetLen
                0x000000000800548c       0x14 Middlewares/ST/STM32_USB_Device_Library/Core/Src/usbd_ctlreq.o
 .text.USBD_SetFeature
                0x00000000080054a0       0x14 Middlewares/ST/STM32_USB_Device_Library/Core/Src/usbd_ctlreq.o
 .text.USBD_ParseSetupRequest
                0x00000000080054b4       0x28 Middlewares/ST/STM32_USB_Device_Library/Core/Src/usbd_ctlreq.o
                0x00000000080054b4                USBD_ParseSetupRequest
 .text.USBD_CtlError
                0x00000000080054dc       0x14 Middlewares/ST/STM32_USB_Device_Library/Core/Src/usbd_ctlreq.o
                0x00000000080054dc                USBD_CtlError
 .text.USBD_GetDescriptor
                0x00000000080054f0      0x18a Middlewares/ST/STM32_USB_Device_Library/Core/Src/usbd_ctlreq.o
 .text.USBD_SetAddress
                0x000000000800567a       0x4e Middlewares/ST/STM32_USB_Device_Library/Core/Src/usbd_ctlreq.o
 .text.USBD_SetConfig
                0x00000000080056c8       0xc8 Middlewares/ST/STM32_USB_Device_Library/Core/Src/usbd_ctlreq.o
 .text.USBD_GetConfig
                0x0000000008005790       0x3c Middlewares/ST/STM32_USB_Device_Library/Core/Src/usbd_ctlreq.o
 .text.USBD_GetStatus
                0x00000000080057cc       0x38 Middlewares/ST/STM32_USB_Device_Library/Core/Src/usbd_ctlreq.o
 .text.USBD_ClrFeature
                0x0000000008005804       0x26 Middlewares/ST/STM32_USB_Device_Library/Core/Src/usbd_ctlreq.o
 .text.USBD_StdDevReq
                0x000000000800582a       0x76 Middlewares/ST/STM32_USB_Device_Library/Core/Src/usbd_ctlreq.o
                0x000000000800582a                USBD_StdDevReq
 .text.USBD_StdItfReq
                0x00000000080058a0       0x68 Middlewares/ST/STM32_USB_Device_Library/Core/Src/usbd_ctlreq.o
                0x00000000080058a0                USBD_StdItfReq
 .text.USBD_StdEPReq
                0x0000000008005908      0x202 Middlewares/ST/STM32_USB_Device_Library/Core/Src/usbd_ctlreq.o
                0x0000000008005908                USBD_StdEPReq
 .text.USBD_GetString
                0x0000000008005b0a       0x38 Middlewares/ST/STM32_USB_Device_Library/Core/Src/usbd_ctlreq.o
                0x0000000008005b0a                USBD_GetString
 .text.USBD_CtlSendData
                0x0000000008005b42       0x1a Middlewares/ST/STM32_USB_Device_Library/Core/Src/usbd_ioreq.o
                0x0000000008005b42                USBD_CtlSendData
 .text.USBD_CtlContinueSendData
                0x0000000008005b5c       0x10 Middlewares/ST/STM32_USB_Device_Library/Core/Src/usbd_ioreq.o
                0x0000000008005b5c                USBD_CtlContinueSendData
 .text.USBD_CtlPrepareRx
                0x0000000008005b6c       0x1e Middlewares/ST/STM32_USB_Device_Library/Core/Src/usbd_ioreq.o
                0x0000000008005b6c                USBD_CtlPrepareRx
 .text.USBD_CtlContinueRx
                0x0000000008005b8a       0x10 Middlewares/ST/STM32_USB_Device_Library/Core/Src/usbd_ioreq.o
                0x0000000008005b8a                USBD_CtlContinueRx
 .text.USBD_CtlSendStatus
                0x0000000008005b9a       0x16 Middlewares/ST/STM32_USB_Device_Library/Core/Src/usbd_ioreq.o
                0x0000000008005b9a                USBD_CtlSendStatus
 .text.USBD_CtlReceiveStatus
                0x0000000008005bb0       0x16 Middlewares/ST/STM32_USB_Device_Library/Core/Src/usbd_ioreq.o
                0x0000000008005bb0                USBD_CtlReceiveStatus
 *fill*         0x0000000008005bc6        0x2 
 .text.MX_PDM2PCM_Init
                0x0000000008005bc8       0x3c PDM2PCM/App/pdm2pcm.o
                0x0000000008005bc8                MX_PDM2PCM_Init
 .text.MX_USB_DEVICE_Init
                0x0000000008005c04       0x54 USB_DEVICE/App/usb_device.o
                0x0000000008005c04                MX_USB_DEVICE_Init
 .text.CDC_DeInit_FS
                0x0000000008005c58        0x4 USB_DEVICE/App/usbd_cdc_if.o
 .text.CDC_Control_FS
                0x0000000008005c5c        0x4 USB_DEVICE/App/usbd_cdc_if.o
 .text.CDC_TransmitCplt_FS
                0x0000000008005c60        0x4 USB_DEVICE/App/usbd_cdc_if.o
 .text.CDC_Receive_FS
                0x0000000008005c64       0x1c USB_DEVICE/App/usbd_cdc_if.o
 .text.CDC_Init_FS
                0x0000000008005c80       0x28 USB_DEVICE/App/usbd_cdc_if.o
 .text.CDC_Transmit_FS
                0x0000000008005ca8       0x2c USB_DEVICE/App/usbd_cdc_if.o
                0x0000000008005ca8                CDC_Transmit_FS
 .text.USBD_FS_DeviceDescriptor
                0x0000000008005cd4        0xc USB_DEVICE/App/usbd_desc.o
                0x0000000008005cd4                USBD_FS_DeviceDescriptor
 .text.USBD_FS_LangIDStrDescriptor
                0x0000000008005ce0        0xc USB_DEVICE/App/usbd_desc.o
                0x0000000008005ce0                USBD_FS_LangIDStrDescriptor
 .text.IntToUnicode
                0x0000000008005cec       0x36 USB_DEVICE/App/usbd_desc.o
 *fill*         0x0000000008005d22        0x2 
 .text.Get_SerialNum
                0x0000000008005d24       0x38 USB_DEVICE/App/usbd_desc.o
 .text.USBD_FS_SerialStrDescriptor
                0x0000000008005d5c       0x14 USB_DEVICE/App/usbd_desc.o
                0x0000000008005d5c                USBD_FS_SerialStrDescriptor
 .text.USBD_FS_ProductStrDescriptor
                0x0000000008005d70       0x24 USB_DEVICE/App/usbd_desc.o
                0x0000000008005d70                USBD_FS_ProductStrDescriptor
 .text.USBD_FS_ManufacturerStrDescriptor
                0x0000000008005d94       0x1c USB_DEVICE/App/usbd_desc.o
                0x0000000008005d94                USBD_FS_ManufacturerStrDescriptor
 .text.USBD_FS_ConfigStrDescriptor
                0x0000000008005db0       0x24 USB_DEVICE/App/usbd_desc.o
                0x0000000008005db0                USBD_FS_ConfigStrDescriptor
 .text.USBD_FS_InterfaceStrDescriptor
                0x0000000008005dd4       0x24 USB_DEVICE/App/usbd_desc.o
                0x0000000008005dd4                USBD_FS_InterfaceStrDescriptor
 .text.HAL_PCD_MspInit
                0x0000000008005df8       0x9c USB_DEVICE/Target/usbd_conf.o
                0x0000000008005df8                HAL_PCD_MspInit
 .text.HAL_PCD_SetupStageCallback
                0x0000000008005e94       0x10 USB_DEVICE/Target/usbd_conf.o
                0x0000000008005e94                HAL_PCD_SetupStageCallback
 .text.HAL_PCD_DataOutStageCallback
                0x0000000008005ea4       0x18 USB_DEVICE/Target/usbd_conf.o
                0x0000000008005ea4                HAL_PCD_DataOutStageCallback
 .text.HAL_PCD_DataInStageCallback
                0x0000000008005ebc       0x16 USB_DEVICE/Target/usbd_conf.o
                0x0000000008005ebc                HAL_PCD_DataInStageCallback
 .text.HAL_PCD_SOFCallback
                0x0000000008005ed2        0xc USB_DEVICE/Target/usbd_conf.o
                0x0000000008005ed2                HAL_PCD_SOFCallback
 .text.HAL_PCD_ResetCallback
                0x0000000008005ede       0x22 USB_DEVICE/Target/usbd_conf.o
                0x0000000008005ede                HAL_PCD_ResetCallback
 .text.HAL_PCD_SuspendCallback
                0x0000000008005f00       0x30 USB_DEVICE/Target/usbd_conf.o
                0x0000000008005f00                HAL_PCD_SuspendCallback
 .text.HAL_PCD_ResumeCallback
                0x0000000008005f30        0xc USB_DEVICE/Target/usbd_conf.o
                0x0000000008005f30                HAL_PCD_ResumeCallback
 .text.HAL_PCD_ISOOUTIncompleteCallback
                0x0000000008005f3c        0xc USB_DEVICE/Target/usbd_conf.o
                0x0000000008005f3c                HAL_PCD_ISOOUTIncompleteCallback
 .text.HAL_PCD_ISOINIncompleteCallback
                0x0000000008005f48        0xc USB_DEVICE/Target/usbd_conf.o
                0x0000000008005f48                HAL_PCD_ISOINIncompleteCallback
 .text.HAL_PCD_ConnectCallback
                0x0000000008005f54        0xc USB_DEVICE/Target/usbd_conf.o
                0x0000000008005f54                HAL_PCD_ConnectCallback
 .text.HAL_PCD_DisconnectCallback
                0x0000000008005f60        0xc USB_DEVICE/Target/usbd_conf.o
                0x0000000008005f60                HAL_PCD_DisconnectCallback
 .text.USBD_LL_Init
                0x0000000008005f6c       0x68 USB_DEVICE/Target/usbd_conf.o
                0x0000000008005f6c                USBD_LL_Init
 .text.USBD_LL_IsStallEP
                0x0000000008005fd4       0x2e USB_DEVICE/Target/usbd_conf.o
                0x0000000008005fd4                USBD_LL_IsStallEP
 .text.USBD_LL_GetRxDataSize
                0x0000000008006002        0xc USB_DEVICE/Target/usbd_conf.o
                0x0000000008006002                USBD_LL_GetRxDataSize
 .text.USBD_Get_USB_Status
                0x000000000800600e       0x12 USB_DEVICE/Target/usbd_conf.o
                0x000000000800600e                USBD_Get_USB_Status
 .text.USBD_LL_Start
                0x0000000008006020       0x10 USB_DEVICE/Target/usbd_conf.o
                0x0000000008006020                USBD_LL_Start
 .text.USBD_LL_OpenEP
                0x0000000008006030       0x16 USB_DEVICE/Target/usbd_conf.o
                0x0000000008006030                USBD_LL_OpenEP
 .text.USBD_LL_CloseEP
                0x0000000008006046       0x10 USB_DEVICE/Target/usbd_conf.o
                0x0000000008006046                USBD_LL_CloseEP
 .text.USBD_LL_StallEP
                0x0000000008006056       0x10 USB_DEVICE/Target/usbd_conf.o
                0x0000000008006056                USBD_LL_StallEP
 .text.USBD_LL_ClearStallEP
                0x0000000008006066       0x10 USB_DEVICE/Target/usbd_conf.o
                0x0000000008006066                USBD_LL_ClearStallEP
 .text.USBD_LL_SetUSBAddress
                0x0000000008006076       0x10 USB_DEVICE/Target/usbd_conf.o
                0x0000000008006076                USBD_LL_SetUSBAddress
 .text.USBD_LL_Transmit
                0x0000000008006086       0x10 USB_DEVICE/Target/usbd_conf.o
                0x0000000008006086                USBD_LL_Transmit
 .text.USBD_LL_PrepareReceive
                0x0000000008006096       0x10 USB_DEVICE/Target/usbd_conf.o
                0x0000000008006096                USBD_LL_PrepareReceive
 *fill*         0x00000000080060a6        0x2 
 .text.Reset_Handler
                0x00000000080060a8       0x50 startup/startup_stm32f411xe.o
                0x00000000080060a8                Reset_Handler
 .text.Default_Handler
                0x00000000080060f8        0x2 startup/startup_stm32f411xe.o
                0x00000000080060f8                RTC_Alarm_IRQHandler
                0x00000000080060f8                EXTI2_IRQHandler
                0x00000000080060f8                SPI4_IRQHandler
                0x00000000080060f8                TIM1_CC_IRQHandler
                0x00000000080060f8                DMA2_Stream5_IRQHandler
                0x00000000080060f8                PVD_IRQHandler
                0x00000000080060f8                SDIO_IRQHandler
                0x00000000080060f8                TAMP_STAMP_IRQHandler
                0x00000000080060f8                EXTI3_IRQHandler
                0x00000000080060f8                TIM1_UP_TIM10_IRQHandler
                0x00000000080060f8                I2C3_ER_IRQHandler
                0x00000000080060f8                EXTI0_IRQHandler
                0x00000000080060f8                I2C2_EV_IRQHandler
                0x00000000080060f8                DMA1_Stream2_IRQHandler
                0x00000000080060f8                FPU_IRQHandler
                0x00000000080060f8                DMA2_Stream2_IRQHandler
                0x00000000080060f8                SPI1_IRQHandler
                0x00000000080060f8                TIM1_BRK_TIM9_IRQHandler
                0x00000000080060f8                DMA2_Stream3_IRQHandler
                0x00000000080060f8                USART6_IRQHandler
                0x00000000080060f8                DMA2_Stream0_IRQHandler
                0x00000000080060f8                TIM4_IRQHandler
                0x00000000080060f8                I2C1_EV_IRQHandler
                0x00000000080060f8                DMA1_Stream6_IRQHandler
                0x00000000080060f8                DMA1_Stream1_IRQHandler
                0x00000000080060f8                TIM3_IRQHandler
                0x00000000080060f8                RCC_IRQHandler
                0x00000000080060f8                Default_Handler
                0x00000000080060f8                EXTI15_10_IRQHandler
                0x00000000080060f8                ADC_IRQHandler
                0x00000000080060f8                DMA1_Stream7_IRQHandler
                0x00000000080060f8                SPI5_IRQHandler
                0x00000000080060f8                TIM5_IRQHandler
                0x00000000080060f8                DMA2_Stream7_IRQHandler
                0x00000000080060f8                I2C3_EV_IRQHandler
                0x00000000080060f8                EXTI9_5_IRQHandler
                0x00000000080060f8                RTC_WKUP_IRQHandler
                0x00000000080060f8                SPI2_IRQHandler
                0x00000000080060f8                DMA1_Stream0_IRQHandler
                0x00000000080060f8                EXTI4_IRQHandler
                0x00000000080060f8                WWDG_IRQHandler
                0x00000000080060f8                TIM2_IRQHandler
                0x00000000080060f8                OTG_FS_WKUP_IRQHandler
                0x00000000080060f8                TIM1_TRG_COM_TIM11_IRQHandler
                0x00000000080060f8                EXTI1_IRQHandler
                0x00000000080060f8                USART2_IRQHandler
                0x00000000080060f8                I2C2_ER_IRQHandler
                0x00000000080060f8                DMA2_Stream1_IRQHandler
                0x00000000080060f8                FLASH_IRQHandler
                0x00000000080060f8                DMA2_Stream4_IRQHandler
                0x00000000080060f8                USART1_IRQHandler
                0x00000000080060f8                SPI3_IRQHandler
                0x00000000080060f8                DMA1_Stream4_IRQHandler
                0x00000000080060f8                I2C1_ER_IRQHandler
                0x00000000080060f8                DMA2_Stream6_IRQHandler
 *fill*         0x00000000080060fa        0x2 
 .text.D16_GENERIC
                0x00000000080060fc      0x120 /home/ilya/UCU/Grade2/POC/labs/STM32_Tune/Middlewares/ST/STM32_Audio/Addons/PDM/Lib/libPDMFilter_CM4_GCC_wc32.a(pdm_filter.o)
 .text.D24_GENERIC
                0x000000000800621c      0x190 /home/ilya/UCU/Grade2/POC/labs/STM32_Tune/Middlewares/ST/STM32_Audio/Addons/PDM/Lib/libPDMFilter_CM4_GCC_wc32.a(pdm_filter.o)
 .text.D32_GENERIC
                0x00000000080063ac      0x198 /home/ilya/UCU/Grade2/POC/labs/STM32_Tune/Middlewares/ST/STM32_Audio/Addons/PDM/Lib/libPDMFilter_CM4_GCC_wc32.a(pdm_filter.o)
 .text.D48_GENERIC
                0x0000000008006544      0x1ec /home/ilya/UCU/Grade2/POC/labs/STM32_Tune/Middlewares/ST/STM32_Audio/Addons/PDM/Lib/libPDMFilter_CM4_GCC_wc32.a(pdm_filter.o)
 .text.D64_GENERIC
                0x0000000008006730      0x220 /home/ilya/UCU/Grade2/POC/labs/STM32_Tune/Middlewares/ST/STM32_Audio/Addons/PDM/Lib/libPDMFilter_CM4_GCC_wc32.a(pdm_filter.o)
 .text.D80_GENERIC
                0x0000000008006950      0x2a0 /home/ilya/UCU/Grade2/POC/labs/STM32_Tune/Middlewares/ST/STM32_Audio/Addons/PDM/Lib/libPDMFilter_CM4_GCC_wc32.a(pdm_filter.o)
 .text.D128_GENERIC
                0x0000000008006bf0      0x3f0 /home/ilya/UCU/Grade2/POC/labs/STM32_Tune/Middlewares/ST/STM32_Audio/Addons/PDM/Lib/libPDMFilter_CM4_GCC_wc32.a(pdm_filter.o)
 .text.D16_1CH_HTONS_VOL_HP
                0x0000000008006fe0       0xe4 /home/ilya/UCU/Grade2/POC/labs/STM32_Tune/Middlewares/ST/STM32_Audio/Addons/PDM/Lib/libPDMFilter_CM4_GCC_wc32.a(pdm_filter.o)
 .text.D24_1CH_HTONS_VOL_HP
                0x00000000080070c4      0x138 /home/ilya/UCU/Grade2/POC/labs/STM32_Tune/Middlewares/ST/STM32_Audio/Addons/PDM/Lib/libPDMFilter_CM4_GCC_wc32.a(pdm_filter.o)
 .text.D32_1CH_HTONS_VOL_HP
                0x00000000080071fc      0x144 /home/ilya/UCU/Grade2/POC/labs/STM32_Tune/Middlewares/ST/STM32_Audio/Addons/PDM/Lib/libPDMFilter_CM4_GCC_wc32.a(pdm_filter.o)
 .text.D48_1CH_HTONS_VOL_HP
                0x0000000008007340      0x16c /home/ilya/UCU/Grade2/POC/labs/STM32_Tune/Middlewares/ST/STM32_Audio/Addons/PDM/Lib/libPDMFilter_CM4_GCC_wc32.a(pdm_filter.o)
 .text.D64_1CH_HTONS_VOL_HP
                0x00000000080074ac      0x1b8 /home/ilya/UCU/Grade2/POC/labs/STM32_Tune/Middlewares/ST/STM32_Audio/Addons/PDM/Lib/libPDMFilter_CM4_GCC_wc32.a(pdm_filter.o)
 .text.D80_1CH_HTONS_VOL_HP
                0x0000000008007664      0x214 /home/ilya/UCU/Grade2/POC/labs/STM32_Tune/Middlewares/ST/STM32_Audio/Addons/PDM/Lib/libPDMFilter_CM4_GCC_wc32.a(pdm_filter.o)
 .text.D128_1CH_HTONS_VOL_HP
                0x0000000008007878      0x324 /home/ilya/UCU/Grade2/POC/labs/STM32_Tune/Middlewares/ST/STM32_Audio/Addons/PDM/Lib/libPDMFilter_CM4_GCC_wc32.a(pdm_filter.o)
 .text.PDM_Filter_Init
                0x0000000008007b9c      0x114 /home/ilya/UCU/Grade2/POC/labs/STM32_Tune/Middlewares/ST/STM32_Audio/Addons/PDM/Lib/libPDMFilter_CM4_GCC_wc32.a(pdm_filter.o)
                0x0000000008007b9c                PDM_Filter_Init
 .text.PDM_Filter_setConfig
                0x0000000008007cb0      0x1e4 /home/ilya/UCU/Grade2/POC/labs/STM32_Tune/Middlewares/ST/STM32_Audio/Addons/PDM/Lib/libPDMFilter_CM4_GCC_wc32.a(pdm_filter.o)
                0x0000000008007cb0                PDM_Filter_setConfig
 .text.CRC_Lock
                0x0000000008007e94       0x7c /home/ilya/UCU/Grade2/POC/labs/STM32_Tune/Middlewares/ST/STM32_Audio/Addons/PDM/Lib/libPDMFilter_CM4_GCC_wc32.a(stm32_crc_lock.o)
                0x0000000008007e94                CRC_Lock
 .text.arm_rfft_fast_init_f32
                0x0000000008007f10      0x108 /home/ilya/UCU/Grade2/POC/labs/STM32_Tune/libs/CMSIS-master/CMSIS/Lib/GCC/libarm_cortexM4lf_math.a(arm_rfft_fast_init_f32.o)
                0x0000000008007f10                arm_rfft_fast_init_f32
 .text.roundf   0x0000000008008018       0x60 /home/ilya/Ac6/SystemWorkbench/plugins/fr.ac6.mcu.externaltools.arm-none.linux64_1.17.0.201812190825/tools/compiler/bin/../lib/gcc/arm-none-eabi/7.3.1/../../../../arm-none-eabi/lib/thumb/v7e-m/fpv4-sp/hard/libm.a(lib_a-sf_round.o)
                0x0000000008008018                roundf
 .text.powf     0x0000000008008078      0x324 /home/ilya/Ac6/SystemWorkbench/plugins/fr.ac6.mcu.externaltools.arm-none.linux64_1.17.0.201812190825/tools/compiler/bin/../lib/gcc/arm-none-eabi/7.3.1/../../../../arm-none-eabi/lib/thumb/v7e-m/fpv4-sp/hard/libm.a(lib_a-wf_pow.o)
                0x0000000008008078                powf
 .text.__ieee754_powf
                0x000000000800839c      0x5e4 /home/ilya/Ac6/SystemWorkbench/plugins/fr.ac6.mcu.externaltools.arm-none.linux64_1.17.0.201812190825/tools/compiler/bin/../lib/gcc/arm-none-eabi/7.3.1/../../../../arm-none-eabi/lib/thumb/v7e-m/fpv4-sp/hard/libm.a(lib_a-ef_pow.o)
                0x000000000800839c                __ieee754_powf
 .text.__ieee754_sqrtf
                0x0000000008008980        0x8 /home/ilya/Ac6/SystemWorkbench/plugins/fr.ac6.mcu.externaltools.arm-none.linux64_1.17.0.201812190825/tools/compiler/bin/../lib/gcc/arm-none-eabi/7.3.1/../../../../arm-none-eabi/lib/thumb/v7e-m/fpv4-sp/hard/libm.a(lib_a-ef_sqrt.o)
                0x0000000008008980                __ieee754_sqrtf
 .text.matherr  0x0000000008008988        0x4 /home/ilya/Ac6/SystemWorkbench/plugins/fr.ac6.mcu.externaltools.arm-none.linux64_1.17.0.201812190825/tools/compiler/bin/../lib/gcc/arm-none-eabi/7.3.1/../../../../arm-none-eabi/lib/thumb/v7e-m/fpv4-sp/hard/libm.a(lib_a-s_matherr.o)
                0x0000000008008988                matherr
 .text.fabsf    0x000000000800898c       0x10 /home/ilya/Ac6/SystemWorkbench/plugins/fr.ac6.mcu.externaltools.arm-none.linux64_1.17.0.201812190825/tools/compiler/bin/../lib/gcc/arm-none-eabi/7.3.1/../../../../arm-none-eabi/lib/thumb/v7e-m/fpv4-sp/hard/libm.a(lib_a-sf_fabs.o)
                0x000000000800898c                fabsf
 .text.finitef  0x000000000800899c       0x14 /home/ilya/Ac6/SystemWorkbench/plugins/fr.ac6.mcu.externaltools.arm-none.linux64_1.17.0.201812190825/tools/compiler/bin/../lib/gcc/arm-none-eabi/7.3.1/../../../../arm-none-eabi/lib/thumb/v7e-m/fpv4-sp/hard/libm.a(lib_a-sf_finite.o)
                0x000000000800899c                finitef
 .text.nanf     0x00000000080089b0        0xc /home/ilya/Ac6/SystemWorkbench/plugins/fr.ac6.mcu.externaltools.arm-none.linux64_1.17.0.201812190825/tools/compiler/bin/../lib/gcc/arm-none-eabi/7.3.1/../../../../arm-none-eabi/lib/thumb/v7e-m/fpv4-sp/hard/libm.a(lib_a-sf_nan.o)
                0x00000000080089b0                nanf
 .text.rintf    0x00000000080089bc       0xc0 /home/ilya/Ac6/SystemWorkbench/plugins/fr.ac6.mcu.externaltools.arm-none.linux64_1.17.0.201812190825/tools/compiler/bin/../lib/gcc/arm-none-eabi/7.3.1/../../../../arm-none-eabi/lib/thumb/v7e-m/fpv4-sp/hard/libm.a(lib_a-sf_rint.o)
                0x00000000080089bc                rintf
 .text.scalbnf  0x0000000008008a7c       0xd0 /home/ilya/Ac6/SystemWorkbench/plugins/fr.ac6.mcu.externaltools.arm-none.linux64_1.17.0.201812190825/tools/compiler/bin/../lib/gcc/arm-none-eabi/7.3.1/../../../../arm-none-eabi/lib/thumb/v7e-m/fpv4-sp/hard/libm.a(lib_a-sf_scalbn.o)
                0x0000000008008a7c                scalbnf
 .text.copysignf
                0x0000000008008b4c       0x18 /home/ilya/Ac6/SystemWorkbench/plugins/fr.ac6.mcu.externaltools.arm-none.linux64_1.17.0.201812190825/tools/compiler/bin/../lib/gcc/arm-none-eabi/7.3.1/../../../../arm-none-eabi/lib/thumb/v7e-m/fpv4-sp/hard/libm.a(lib_a-sf_copysign.o)
                0x0000000008008b4c                copysignf
 .text.__errno  0x0000000008008b64        0xc /home/ilya/Ac6/SystemWorkbench/plugins/fr.ac6.mcu.externaltools.arm-none.linux64_1.17.0.201812190825/tools/compiler/bin/../lib/gcc/arm-none-eabi/7.3.1/../../../../arm-none-eabi/lib/thumb/v7e-m/fpv4-sp/hard/libc_nano.a(lib_a-errno.o)
                0x0000000008008b64                __errno
 .text.__libc_init_array
                0x0000000008008b70       0x48 /home/ilya/Ac6/SystemWorkbench/plugins/fr.ac6.mcu.externaltools.arm-none.linux64_1.17.0.201812190825/tools/compiler/bin/../lib/gcc/arm-none-eabi/7.3.1/../../../../arm-none-eabi/lib/thumb/v7e-m/fpv4-sp/hard/libc_nano.a(lib_a-init.o)
                0x0000000008008b70                __libc_init_array
 .text.malloc   0x0000000008008bb8       0x10 /home/ilya/Ac6/SystemWorkbench/plugins/fr.ac6.mcu.externaltools.arm-none.linux64_1.17.0.201812190825/tools/compiler/bin/../lib/gcc/arm-none-eabi/7.3.1/../../../../arm-none-eabi/lib/thumb/v7e-m/fpv4-sp/hard/libc_nano.a(lib_a-malloc.o)
                0x0000000008008bb8                malloc
 .text.free     0x0000000008008bc8       0x10 /home/ilya/Ac6/SystemWorkbench/plugins/fr.ac6.mcu.externaltools.arm-none.linux64_1.17.0.201812190825/tools/compiler/bin/../lib/gcc/arm-none-eabi/7.3.1/../../../../arm-none-eabi/lib/thumb/v7e-m/fpv4-sp/hard/libc_nano.a(lib_a-malloc.o)
                0x0000000008008bc8                free
 .text.memset   0x0000000008008bd8       0x10 /home/ilya/Ac6/SystemWorkbench/plugins/fr.ac6.mcu.externaltools.arm-none.linux64_1.17.0.201812190825/tools/compiler/bin/../lib/gcc/arm-none-eabi/7.3.1/../../../../arm-none-eabi/lib/thumb/v7e-m/fpv4-sp/hard/libc_nano.a(lib_a-memset.o)
                0x0000000008008bd8                memset
 .text._free_r  0x0000000008008be8       0x9c /home/ilya/Ac6/SystemWorkbench/plugins/fr.ac6.mcu.externaltools.arm-none.linux64_1.17.0.201812190825/tools/compiler/bin/../lib/gcc/arm-none-eabi/7.3.1/../../../../arm-none-eabi/lib/thumb/v7e-m/fpv4-sp/hard/libc_nano.a(lib_a-nano-freer.o)
                0x0000000008008be8                _free_r
 .text._malloc_r
                0x0000000008008c84       0xb4 /home/ilya/Ac6/SystemWorkbench/plugins/fr.ac6.mcu.externaltools.arm-none.linux64_1.17.0.201812190825/tools/compiler/bin/../lib/gcc/arm-none-eabi/7.3.1/../../../../arm-none-eabi/lib/thumb/v7e-m/fpv4-sp/hard/libc_nano.a(lib_a-nano-mallocr.o)
                0x0000000008008c84                _malloc_r
 .text._sbrk_r  0x0000000008008d38       0x20 /home/ilya/Ac6/SystemWorkbench/plugins/fr.ac6.mcu.externaltools.arm-none.linux64_1.17.0.201812190825/tools/compiler/bin/../lib/gcc/arm-none-eabi/7.3.1/../../../../arm-none-eabi/lib/thumb/v7e-m/fpv4-sp/hard/libc_nano.a(lib_a-sbrkr.o)
                0x0000000008008d38                _sbrk_r
 .text.sprintf  0x0000000008008d58       0x40 /home/ilya/Ac6/SystemWorkbench/plugins/fr.ac6.mcu.externaltools.arm-none.linux64_1.17.0.201812190825/tools/compiler/bin/../lib/gcc/arm-none-eabi/7.3.1/../../../../arm-none-eabi/lib/thumb/v7e-m/fpv4-sp/hard/libc_nano.a(lib_a-sprintf.o)
                0x0000000008008d58                sprintf
                0x0000000008008d58                siprintf
 .text.strcat   0x0000000008008d98       0x1e /home/ilya/Ac6/SystemWorkbench/plugins/fr.ac6.mcu.externaltools.arm-none.linux64_1.17.0.201812190825/tools/compiler/bin/../lib/gcc/arm-none-eabi/7.3.1/../../../../arm-none-eabi/lib/thumb/v7e-m/fpv4-sp/hard/libc_nano.a(lib_a-strcat.o)
                0x0000000008008d98                strcat
 .text.strcpy   0x0000000008008db6       0x10 /home/ilya/Ac6/SystemWorkbench/plugins/fr.ac6.mcu.externaltools.arm-none.linux64_1.17.0.201812190825/tools/compiler/bin/../lib/gcc/arm-none-eabi/7.3.1/../../../../arm-none-eabi/lib/thumb/v7e-m/fpv4-sp/hard/libc_nano.a(lib_a-strcpy.o)
                0x0000000008008db6                strcpy
 .text.__malloc_lock
                0x0000000008008dc6        0x2 /home/ilya/Ac6/SystemWorkbench/plugins/fr.ac6.mcu.externaltools.arm-none.linux64_1.17.0.201812190825/tools/compiler/bin/../lib/gcc/arm-none-eabi/7.3.1/../../../../arm-none-eabi/lib/thumb/v7e-m/fpv4-sp/hard/libc_nano.a(lib_a-mlock.o)
                0x0000000008008dc6                __malloc_lock
 .text.__malloc_unlock
                0x0000000008008dc8        0x2 /home/ilya/Ac6/SystemWorkbench/plugins/fr.ac6.mcu.externaltools.arm-none.linux64_1.17.0.201812190825/tools/compiler/bin/../lib/gcc/arm-none-eabi/7.3.1/../../../../arm-none-eabi/lib/thumb/v7e-m/fpv4-sp/hard/libc_nano.a(lib_a-mlock.o)
                0x0000000008008dc8                __malloc_unlock
 .text.__ssputs_r
                0x0000000008008dca       0xb4 /home/ilya/Ac6/SystemWorkbench/plugins/fr.ac6.mcu.externaltools.arm-none.linux64_1.17.0.201812190825/tools/compiler/bin/../lib/gcc/arm-none-eabi/7.3.1/../../../../arm-none-eabi/lib/thumb/v7e-m/fpv4-sp/hard/libc_nano.a(lib_a-nano-svfprintf.o)
                0x0000000008008dca                __ssputs_r
 *fill*         0x0000000008008e7e        0x2 
 .text._svfprintf_r
                0x0000000008008e80      0x1f0 /home/ilya/Ac6/SystemWorkbench/plugins/fr.ac6.mcu.externaltools.arm-none.linux64_1.17.0.201812190825/tools/compiler/bin/../lib/gcc/arm-none-eabi/7.3.1/../../../../arm-none-eabi/lib/thumb/v7e-m/fpv4-sp/hard/libc_nano.a(lib_a-nano-svfprintf.o)
                0x0000000008008e80                _svfprintf_r
                0x0000000008008e80                _svfiprintf_r
 .text._printf_common
                0x0000000008009070       0xea /home/ilya/Ac6/SystemWorkbench/plugins/fr.ac6.mcu.externaltools.arm-none.linux64_1.17.0.201812190825/tools/compiler/bin/../lib/gcc/arm-none-eabi/7.3.1/../../../../arm-none-eabi/lib/thumb/v7e-m/fpv4-sp/hard/libc_nano.a(lib_a-nano-vfprintf_i.o)
                0x0000000008009070                _printf_common
 *fill*         0x000000000800915a        0x2 
 .text._printf_i
                0x000000000800915c      0x224 /home/ilya/Ac6/SystemWorkbench/plugins/fr.ac6.mcu.externaltools.arm-none.linux64_1.17.0.201812190825/tools/compiler/bin/../lib/gcc/arm-none-eabi/7.3.1/../../../../arm-none-eabi/lib/thumb/v7e-m/fpv4-sp/hard/libc_nano.a(lib_a-nano-vfprintf_i.o)
                0x000000000800915c                _printf_i
 .text.memcpy   0x0000000008009380       0x16 /home/ilya/Ac6/SystemWorkbench/plugins/fr.ac6.mcu.externaltools.arm-none.linux64_1.17.0.201812190825/tools/compiler/bin/../lib/gcc/arm-none-eabi/7.3.1/../../../../arm-none-eabi/lib/thumb/v7e-m/fpv4-sp/hard/libc_nano.a(lib_a-memcpy-stub.o)
                0x0000000008009380                memcpy
 .text.memmove  0x0000000008009396       0x32 /home/ilya/Ac6/SystemWorkbench/plugins/fr.ac6.mcu.externaltools.arm-none.linux64_1.17.0.201812190825/tools/compiler/bin/../lib/gcc/arm-none-eabi/7.3.1/../../../../arm-none-eabi/lib/thumb/v7e-m/fpv4-sp/hard/libc_nano.a(lib_a-memmove.o)
                0x0000000008009396                memmove
 .text._realloc_r
                0x00000000080093c8       0x4c /home/ilya/Ac6/SystemWorkbench/plugins/fr.ac6.mcu.externaltools.arm-none.linux64_1.17.0.201812190825/tools/compiler/bin/../lib/gcc/arm-none-eabi/7.3.1/../../../../arm-none-eabi/lib/thumb/v7e-m/fpv4-sp/hard/libc_nano.a(lib_a-nano-reallocr.o)
                0x00000000080093c8                _realloc_r
 .text._malloc_usable_size_r
                0x0000000008009414       0x10 /home/ilya/Ac6/SystemWorkbench/plugins/fr.ac6.mcu.externaltools.arm-none.linux64_1.17.0.201812190825/tools/compiler/bin/../lib/gcc/arm-none-eabi/7.3.1/../../../../arm-none-eabi/lib/thumb/v7e-m/fpv4-sp/hard/libc_nano.a(lib_a-nano-msizer.o)
                0x0000000008009414                _malloc_usable_size_r
 *(.glue_7)
 .glue_7        0x0000000008009424        0x0 linker stubs
 *(.glue_7t)
 .glue_7t       0x0000000008009424        0x0 linker stubs
 *(.eh_frame)
 .eh_frame      0x0000000008009424        0x0 /home/ilya/Ac6/SystemWorkbench/plugins/fr.ac6.mcu.externaltools.arm-none.linux64_1.17.0.201812190825/tools/compiler/bin/../lib/gcc/arm-none-eabi/7.3.1/thumb/v7e-m/fpv4-sp/hard/crtbegin.o
 *(.init)
 .init          0x0000000008009424        0x4 /home/ilya/Ac6/SystemWorkbench/plugins/fr.ac6.mcu.externaltools.arm-none.linux64_1.17.0.201812190825/tools/compiler/bin/../lib/gcc/arm-none-eabi/7.3.1/thumb/v7e-m/fpv4-sp/hard/crti.o
                0x0000000008009424                _init
 .init          0x0000000008009428        0x8 /home/ilya/Ac6/SystemWorkbench/plugins/fr.ac6.mcu.externaltools.arm-none.linux64_1.17.0.201812190825/tools/compiler/bin/../lib/gcc/arm-none-eabi/7.3.1/thumb/v7e-m/fpv4-sp/hard/crtn.o
 *(.fini)
 .fini          0x0000000008009430        0x4 /home/ilya/Ac6/SystemWorkbench/plugins/fr.ac6.mcu.externaltools.arm-none.linux64_1.17.0.201812190825/tools/compiler/bin/../lib/gcc/arm-none-eabi/7.3.1/thumb/v7e-m/fpv4-sp/hard/crti.o
                0x0000000008009430                _fini
 .fini          0x0000000008009434        0x8 /home/ilya/Ac6/SystemWorkbench/plugins/fr.ac6.mcu.externaltools.arm-none.linux64_1.17.0.201812190825/tools/compiler/bin/../lib/gcc/arm-none-eabi/7.3.1/thumb/v7e-m/fpv4-sp/hard/crtn.o
                0x000000000800943c                . = ALIGN (0x4)
                0x000000000800943c                _etext = .

.vfp11_veneer   0x000000000800943c        0x0
 .vfp11_veneer  0x000000000800943c        0x0 linker stubs

.v4_bx          0x000000000800943c        0x0
 .v4_bx         0x000000000800943c        0x0 linker stubs

.iplt           0x000000000800943c        0x0
 .iplt          0x000000000800943c        0x0 /home/ilya/Ac6/SystemWorkbench/plugins/fr.ac6.mcu.externaltools.arm-none.linux64_1.17.0.201812190825/tools/compiler/bin/../lib/gcc/arm-none-eabi/7.3.1/thumb/v7e-m/fpv4-sp/hard/crtbegin.o

.rodata         0x000000000800943c    0x137c4
                0x000000000800943c                . = ALIGN (0x4)
 *(.rodata)
 .rodata        0x000000000800943c       0x18 Core/Src/system_stm32f4xx.o
                0x000000000800943c                AHBPrescTable
                0x000000000800944c                APBPrescTable
 .rodata        0x0000000008009454        0x8 Drivers/STM32F4xx_HAL_Driver/Src/stm32f4xx_hal_dma.o
 .rodata        0x000000000800945c       0x38 /home/ilya/UCU/Grade2/POC/labs/STM32_Tune/Middlewares/ST/STM32_Audio/Addons/PDM/Lib/libPDMFilter_CM4_GCC_wc32.a(pdm_filter.o)
 *(.rodata*)
 .rodata.str1.4
                0x0000000008009494       0x49 Core/Src/main.o
 *fill*         0x00000000080094dd        0x3 
 .rodata.str1.4
                0x00000000080094e0       0x3b Drivers/STM32F4xx_HAL_Driver/Src/stm32f4xx_hal_cortex.o
 *fill*         0x000000000800951b        0x1 
 .rodata.str1.4
                0x000000000800951c       0x38 Drivers/STM32F4xx_HAL_Driver/Src/stm32f4xx_hal_crc.o
 .rodata.str1.4
                0x0000000008009554       0x38 Drivers/STM32F4xx_HAL_Driver/Src/stm32f4xx_hal_dma.o
 .rodata.str1.4
                0x000000000800958c       0x39 Drivers/STM32F4xx_HAL_Driver/Src/stm32f4xx_hal_gpio.o
 *fill*         0x00000000080095c5        0x3 
 .rodata.str1.4
                0x00000000080095c8       0x38 Drivers/STM32F4xx_HAL_Driver/Src/stm32f4xx_hal_i2c.o
 .rodata.str1.4
                0x0000000008009600       0x38 Drivers/STM32F4xx_HAL_Driver/Src/stm32f4xx_hal_i2s.o
 .rodata.str1.4
                0x0000000008009638       0x38 Drivers/STM32F4xx_HAL_Driver/Src/stm32f4xx_hal_pcd.o
 .rodata.str1.4
                0x0000000008009670       0x38 Drivers/STM32F4xx_HAL_Driver/Src/stm32f4xx_hal_rcc.o
 .rodata.str1.4
                0x00000000080096a8       0x3b Drivers/STM32F4xx_HAL_Driver/Src/stm32f4xx_hal_rcc_ex.o
 *fill*         0x00000000080096e3        0x1 
 .rodata.str1.4
                0x00000000080096e4       0x38 Drivers/STM32F4xx_HAL_Driver/Src/stm32f4xx_hal_spi.o
 .rodata.str1.4
                0x000000000800971c       0x46 USB_DEVICE/App/usbd_desc.o
 *fill*         0x0000000008009762        0x2 
 .rodata.twiddleCoef_2048
                0x0000000008009764     0x4000 /home/ilya/UCU/Grade2/POC/labs/STM32_Tune/libs/CMSIS-master/CMSIS/Lib/GCC/libarm_cortexM4lf_math.a(arm_common_tables.o)
                0x0000000008009764                twiddleCoef_2048
 .rodata.twiddleCoef_rfft_64
                0x000000000800d764      0x100 /home/ilya/UCU/Grade2/POC/labs/STM32_Tune/libs/CMSIS-master/CMSIS/Lib/GCC/libarm_cortexM4lf_math.a(arm_common_tables.o)
                0x000000000800d764                twiddleCoef_rfft_64
 .rodata.armBitRevIndexTable64
                0x000000000800d864       0x70 /home/ilya/UCU/Grade2/POC/labs/STM32_Tune/libs/CMSIS-master/CMSIS/Lib/GCC/libarm_cortexM4lf_math.a(arm_common_tables.o)
                0x000000000800d864                armBitRevIndexTable64
 .rodata.twiddleCoef_rfft_2048
                0x000000000800d8d4     0x2000 /home/ilya/UCU/Grade2/POC/labs/STM32_Tune/libs/CMSIS-master/CMSIS/Lib/GCC/libarm_cortexM4lf_math.a(arm_common_tables.o)
                0x000000000800d8d4                twiddleCoef_rfft_2048
 .rodata.twiddleCoef_rfft_4096
                0x000000000800f8d4     0x4000 /home/ilya/UCU/Grade2/POC/labs/STM32_Tune/libs/CMSIS-master/CMSIS/Lib/GCC/libarm_cortexM4lf_math.a(arm_common_tables.o)
                0x000000000800f8d4                twiddleCoef_rfft_4096
 .rodata.twiddleCoef_256
                0x00000000080138d4      0x800 /home/ilya/UCU/Grade2/POC/labs/STM32_Tune/libs/CMSIS-master/CMSIS/Lib/GCC/libarm_cortexM4lf_math.a(arm_common_tables.o)
                0x00000000080138d4                twiddleCoef_256
 .rodata.twiddleCoef_16
                0x00000000080140d4       0x80 /home/ilya/UCU/Grade2/POC/labs/STM32_Tune/libs/CMSIS-master/CMSIS/Lib/GCC/libarm_cortexM4lf_math.a(arm_common_tables.o)
                0x00000000080140d4                twiddleCoef_16
 .rodata.twiddleCoef_1024
                0x0000000008014154     0x2000 /home/ilya/UCU/Grade2/POC/labs/STM32_Tune/libs/CMSIS-master/CMSIS/Lib/GCC/libarm_cortexM4lf_math.a(arm_common_tables.o)
                0x0000000008014154                twiddleCoef_1024
 .rodata.twiddleCoef_32
                0x0000000008016154      0x100 /home/ilya/UCU/Grade2/POC/labs/STM32_Tune/libs/CMSIS-master/CMSIS/Lib/GCC/libarm_cortexM4lf_math.a(arm_common_tables.o)
                0x0000000008016154                twiddleCoef_32
 .rodata.armBitRevIndexTable1024
                0x0000000008016254      0xe10 /home/ilya/UCU/Grade2/POC/labs/STM32_Tune/libs/CMSIS-master/CMSIS/Lib/GCC/libarm_cortexM4lf_math.a(arm_common_tables.o)
                0x0000000008016254                armBitRevIndexTable1024
 .rodata.armBitRevIndexTable16
                0x0000000008017064       0x28 /home/ilya/UCU/Grade2/POC/labs/STM32_Tune/libs/CMSIS-master/CMSIS/Lib/GCC/libarm_cortexM4lf_math.a(arm_common_tables.o)
                0x0000000008017064                armBitRevIndexTable16
 .rodata.twiddleCoef_rfft_32
                0x000000000801708c       0x80 /home/ilya/UCU/Grade2/POC/labs/STM32_Tune/libs/CMSIS-master/CMSIS/Lib/GCC/libarm_cortexM4lf_math.a(arm_common_tables.o)
                0x000000000801708c                twiddleCoef_rfft_32
 .rodata.armBitRevIndexTable32
                0x000000000801710c       0x60 /home/ilya/UCU/Grade2/POC/labs/STM32_Tune/libs/CMSIS-master/CMSIS/Lib/GCC/libarm_cortexM4lf_math.a(arm_common_tables.o)
                0x000000000801710c                armBitRevIndexTable32
 .rodata.twiddleCoef_128
                0x000000000801716c      0x400 /home/ilya/UCU/Grade2/POC/labs/STM32_Tune/libs/CMSIS-master/CMSIS/Lib/GCC/libarm_cortexM4lf_math.a(arm_common_tables.o)
                0x000000000801716c                twiddleCoef_128
 .rodata.twiddleCoef_512
                0x000000000801756c     0x1000 /home/ilya/UCU/Grade2/POC/labs/STM32_Tune/libs/CMSIS-master/CMSIS/Lib/GCC/libarm_cortexM4lf_math.a(arm_common_tables.o)
                0x000000000801756c                twiddleCoef_512
 .rodata.armBitRevIndexTable2048
                0x000000000801856c     0x1dc0 /home/ilya/UCU/Grade2/POC/labs/STM32_Tune/libs/CMSIS-master/CMSIS/Lib/GCC/libarm_cortexM4lf_math.a(arm_common_tables.o)
                0x000000000801856c                armBitRevIndexTable2048
 .rodata.twiddleCoef_64
                0x000000000801a32c      0x200 /home/ilya/UCU/Grade2/POC/labs/STM32_Tune/libs/CMSIS-master/CMSIS/Lib/GCC/libarm_cortexM4lf_math.a(arm_common_tables.o)
                0x000000000801a32c                twiddleCoef_64
 .rodata.twiddleCoef_rfft_512
                0x000000000801a52c      0x800 /home/ilya/UCU/Grade2/POC/labs/STM32_Tune/libs/CMSIS-master/CMSIS/Lib/GCC/libarm_cortexM4lf_math.a(arm_common_tables.o)
                0x000000000801a52c                twiddleCoef_rfft_512
 .rodata.armBitRevIndexTable512
                0x000000000801ad2c      0x380 /home/ilya/UCU/Grade2/POC/labs/STM32_Tune/libs/CMSIS-master/CMSIS/Lib/GCC/libarm_cortexM4lf_math.a(arm_common_tables.o)
                0x000000000801ad2c                armBitRevIndexTable512
 .rodata.twiddleCoef_rfft_1024
                0x000000000801b0ac     0x1000 /home/ilya/UCU/Grade2/POC/labs/STM32_Tune/libs/CMSIS-master/CMSIS/Lib/GCC/libarm_cortexM4lf_math.a(arm_common_tables.o)
                0x000000000801b0ac                twiddleCoef_rfft_1024
 .rodata.twiddleCoef_rfft_256
                0x000000000801c0ac      0x400 /home/ilya/UCU/Grade2/POC/labs/STM32_Tune/libs/CMSIS-master/CMSIS/Lib/GCC/libarm_cortexM4lf_math.a(arm_common_tables.o)
                0x000000000801c0ac                twiddleCoef_rfft_256
 .rodata.armBitRevIndexTable256
                0x000000000801c4ac      0x370 /home/ilya/UCU/Grade2/POC/labs/STM32_Tune/libs/CMSIS-master/CMSIS/Lib/GCC/libarm_cortexM4lf_math.a(arm_common_tables.o)
                0x000000000801c4ac                armBitRevIndexTable256
 .rodata.twiddleCoef_rfft_128
                0x000000000801c81c      0x200 /home/ilya/UCU/Grade2/POC/labs/STM32_Tune/libs/CMSIS-master/CMSIS/Lib/GCC/libarm_cortexM4lf_math.a(arm_common_tables.o)
                0x000000000801c81c                twiddleCoef_rfft_128
 .rodata.armBitRevIndexTable128
                0x000000000801ca1c      0x1a0 /home/ilya/UCU/Grade2/POC/labs/STM32_Tune/libs/CMSIS-master/CMSIS/Lib/GCC/libarm_cortexM4lf_math.a(arm_common_tables.o)
                0x000000000801ca1c                armBitRevIndexTable128
 .rodata.powf.str1.4
                0x000000000801cbbc        0x5 /home/ilya/Ac6/SystemWorkbench/plugins/fr.ac6.mcu.externaltools.arm-none.linux64_1.17.0.201812190825/tools/compiler/bin/../lib/gcc/arm-none-eabi/7.3.1/../../../../arm-none-eabi/lib/thumb/v7e-m/fpv4-sp/hard/libm.a(lib_a-wf_pow.o)
 .rodata.__ieee754_powf.str1.4
                0x000000000801cbc1        0x8 /home/ilya/Ac6/SystemWorkbench/plugins/fr.ac6.mcu.externaltools.arm-none.linux64_1.17.0.201812190825/tools/compiler/bin/../lib/gcc/arm-none-eabi/7.3.1/../../../../arm-none-eabi/lib/thumb/v7e-m/fpv4-sp/hard/libm.a(lib_a-ef_pow.o)
                                          0x1 (size before relaxing)
 *fill*         0x000000000801cbc1        0x3 
 .rodata.TWO23  0x000000000801cbc4        0x8 /home/ilya/Ac6/SystemWorkbench/plugins/fr.ac6.mcu.externaltools.arm-none.linux64_1.17.0.201812190825/tools/compiler/bin/../lib/gcc/arm-none-eabi/7.3.1/../../../../arm-none-eabi/lib/thumb/v7e-m/fpv4-sp/hard/libm.a(lib_a-sf_rint.o)
 .rodata._svfprintf_r.str1.1
                0x000000000801cbcc       0x11 /home/ilya/Ac6/SystemWorkbench/plugins/fr.ac6.mcu.externaltools.arm-none.linux64_1.17.0.201812190825/tools/compiler/bin/../lib/gcc/arm-none-eabi/7.3.1/../../../../arm-none-eabi/lib/thumb/v7e-m/fpv4-sp/hard/libc_nano.a(lib_a-nano-svfprintf.o)
 .rodata._printf_i.str1.1
                0x000000000801cbdd       0x22 /home/ilya/Ac6/SystemWorkbench/plugins/fr.ac6.mcu.externaltools.arm-none.linux64_1.17.0.201812190825/tools/compiler/bin/../lib/gcc/arm-none-eabi/7.3.1/../../../../arm-none-eabi/lib/thumb/v7e-m/fpv4-sp/hard/libc_nano.a(lib_a-nano-vfprintf_i.o)
                0x000000000801cc00                . = ALIGN (0x4)
 *fill*         0x000000000801cbff        0x1 

.ARM.extab
 *(.ARM.extab* .gnu.linkonce.armextab.*)

.ARM            0x000000000801cc00        0x8
                0x000000000801cc00                __exidx_start = .
 *(.ARM.exidx*)
 .ARM.exidx     0x000000000801cc00        0x8 /home/ilya/Ac6/SystemWorkbench/plugins/fr.ac6.mcu.externaltools.arm-none.linux64_1.17.0.201812190825/tools/compiler/bin/../lib/gcc/arm-none-eabi/7.3.1/thumb/v7e-m/fpv4-sp/hard/libgcc.a(_udivmoddi4.o)
                0x000000000801cc08                __exidx_end = .

.rel.dyn        0x000000000801cc08        0x0
 .rel.iplt      0x000000000801cc08        0x0 /home/ilya/Ac6/SystemWorkbench/plugins/fr.ac6.mcu.externaltools.arm-none.linux64_1.17.0.201812190825/tools/compiler/bin/../lib/gcc/arm-none-eabi/7.3.1/thumb/v7e-m/fpv4-sp/hard/crtbegin.o

.preinit_array  0x000000000801cc08        0x0
                0x000000000801cc08                PROVIDE (__preinit_array_start = .)
 *(.preinit_array*)
                0x000000000801cc08                PROVIDE (__preinit_array_end = .)

.init_array     0x000000000801cc08        0x4
                0x000000000801cc08                PROVIDE (__init_array_start = .)
 *(SORT_BY_NAME(.init_array.*))
 *(.init_array*)
 .init_array    0x000000000801cc08        0x4 /home/ilya/Ac6/SystemWorkbench/plugins/fr.ac6.mcu.externaltools.arm-none.linux64_1.17.0.201812190825/tools/compiler/bin/../lib/gcc/arm-none-eabi/7.3.1/thumb/v7e-m/fpv4-sp/hard/crtbegin.o
                0x000000000801cc0c                PROVIDE (__init_array_end = .)

.fini_array     0x000000000801cc0c        0x4
                [!provide]                        PROVIDE (__fini_array_start = .)
 *(SORT_BY_NAME(.fini_array.*))
 *(.fini_array*)
 .fini_array    0x000000000801cc0c        0x4 /home/ilya/Ac6/SystemWorkbench/plugins/fr.ac6.mcu.externaltools.arm-none.linux64_1.17.0.201812190825/tools/compiler/bin/../lib/gcc/arm-none-eabi/7.3.1/thumb/v7e-m/fpv4-sp/hard/crtbegin.o
                [!provide]                        PROVIDE (__fini_array_end = .)
                0x000000000801cc10                _sidata = LOADADDR (.data)

.data           0x0000000020000000      0x600 load address 0x000000000801cc10
                0x0000000020000000                . = ALIGN (0x4)
                0x0000000020000000                _sdata = .
 *(.data)
 .data          0x0000000020000000       0x18 Core/Src/main.o
                0x0000000020000000                String_Freq
 .data          0x0000000020000018        0x4 Core/Src/system_stm32f4xx.o
                0x0000000020000018                SystemCoreClock
 .data          0x000000002000001c        0x8 Drivers/STM32F4xx_HAL_Driver/Src/stm32f4xx_hal.o
                0x000000002000001c                uwTickFreq
                0x0000000020000020                uwTickPrio
 .data          0x0000000020000024      0x110 Middlewares/ST/STM32_USB_Device_Library/Class/CDC/Src/usbd_cdc.o
                0x00000000200000fc                USBD_CDC
 .data          0x0000000020000134       0x14 USB_DEVICE/App/usbd_cdc_if.o
                0x0000000020000134                USBD_Interface_fops_FS
 .data          0x0000000020000148       0x50 USB_DEVICE/App/usbd_desc.o
                0x0000000020000148                USBD_FS_DeviceDesc
                0x000000002000015c                USBD_LangIDDesc
                0x0000000020000160                USBD_StringSerial
                0x000000002000017c                FS_Desc
 .data          0x0000000020000198      0x400 /home/ilya/UCU/Grade2/POC/labs/STM32_Tune/Middlewares/ST/STM32_Audio/Addons/PDM/Lib/libPDMFilter_CM4_GCC_wc32.a(pdm_filter.o)
 *(.data*)
 .data.__fdlib_version
                0x0000000020000598        0x1 /home/ilya/Ac6/SystemWorkbench/plugins/fr.ac6.mcu.externaltools.arm-none.linux64_1.17.0.201812190825/tools/compiler/bin/../lib/gcc/arm-none-eabi/7.3.1/../../../../arm-none-eabi/lib/thumb/v7e-m/fpv4-sp/hard/libm.a(lib_a-s_lib_ver.o)
                0x0000000020000598                __fdlib_version
 *fill*         0x0000000020000599        0x3 
 .data._impure_ptr
                0x000000002000059c        0x4 /home/ilya/Ac6/SystemWorkbench/plugins/fr.ac6.mcu.externaltools.arm-none.linux64_1.17.0.201812190825/tools/compiler/bin/../lib/gcc/arm-none-eabi/7.3.1/../../../../arm-none-eabi/lib/thumb/v7e-m/fpv4-sp/hard/libc_nano.a(lib_a-impure.o)
                0x000000002000059c                _impure_ptr
 .data.impure_data
                0x00000000200005a0       0x60 /home/ilya/Ac6/SystemWorkbench/plugins/fr.ac6.mcu.externaltools.arm-none.linux64_1.17.0.201812190825/tools/compiler/bin/../lib/gcc/arm-none-eabi/7.3.1/../../../../arm-none-eabi/lib/thumb/v7e-m/fpv4-sp/hard/libc_nano.a(lib_a-impure.o)
                0x0000000020000600                . = ALIGN (0x4)
                0x0000000020000600                _edata = .

.igot.plt       0x0000000020000600        0x0 load address 0x000000000801d210
 .igot.plt      0x0000000020000600        0x0 /home/ilya/Ac6/SystemWorkbench/plugins/fr.ac6.mcu.externaltools.arm-none.linux64_1.17.0.201812190825/tools/compiler/bin/../lib/gcc/arm-none-eabi/7.3.1/thumb/v7e-m/fpv4-sp/hard/crtbegin.o
                0x0000000020000600                . = ALIGN (0x4)

.bss            0x0000000020000600     0x3fac load address 0x000000000801d210
                0x0000000020000600                _sbss = .
                0x0000000020000600                __bss_start__ = _sbss
 *(.bss)
 .bss           0x0000000020000600       0x1c /home/ilya/Ac6/SystemWorkbench/plugins/fr.ac6.mcu.externaltools.arm-none.linux64_1.17.0.201812190825/tools/compiler/bin/../lib/gcc/arm-none-eabi/7.3.1/thumb/v7e-m/fpv4-sp/hard/crtbegin.o
 .bss           0x000000002000061c        0x5 Core/Src/main.o
                0x000000002000061c                fifo_w_ptr
                0x000000002000061d                fifo_r_ptr
                0x000000002000061e                rxstate
                0x000000002000061f                fifo_read_enabled
                0x0000000020000620                txstate
 *fill*         0x0000000020000621        0x3 
 .bss           0x0000000020000624        0x8 Core/Src/syscalls.o
                0x0000000020000628                __env
 .bss           0x000000002000062c        0x1 Middlewares/ST/STM32_USB_Device_Library/Core/Src/usbd_ctlreq.o
 .bss           0x000000002000062d        0x1 /home/ilya/UCU/Grade2/POC/labs/STM32_Tune/Middlewares/ST/STM32_Audio/Addons/PDM/Lib/libPDMFilter_CM4_GCC_wc32.a(pdm_filter.o)
 *(.bss*)
 *fill*         0x000000002000062e        0x2 
 .bss.__malloc_free_list
                0x0000000020000630        0x4 /home/ilya/Ac6/SystemWorkbench/plugins/fr.ac6.mcu.externaltools.arm-none.linux64_1.17.0.201812190825/tools/compiler/bin/../lib/gcc/arm-none-eabi/7.3.1/../../../../arm-none-eabi/lib/thumb/v7e-m/fpv4-sp/hard/libc_nano.a(lib_a-nano-mallocr.o)
                0x0000000020000630                __malloc_free_list
 .bss.__malloc_sbrk_start
                0x0000000020000634        0x4 /home/ilya/Ac6/SystemWorkbench/plugins/fr.ac6.mcu.externaltools.arm-none.linux64_1.17.0.201812190825/tools/compiler/bin/../lib/gcc/arm-none-eabi/7.3.1/../../../../arm-none-eabi/lib/thumb/v7e-m/fpv4-sp/hard/libc_nano.a(lib_a-nano-mallocr.o)
                0x0000000020000634                __malloc_sbrk_start
 *(COMMON)
 COMMON         0x0000000020000638        0x8 Core/Src/crc.o
                0x0000000020000638                hcrc
 COMMON         0x0000000020000640       0x54 Core/Src/i2c.o
                0x0000000020000640                hi2c1
 COMMON         0x0000000020000694      0x150 Core/Src/i2s.o
                0x0000000020000694                hdma_spi2_rx
                0x00000000200006f4                hdma_spi3_tx
                0x0000000020000754                hi2s2
                0x000000002000079c                hi2s3
 COMMON         0x00000000200007e4     0x243c Core/Src/main.o
                0x00000000200007e4                fft_handler
                0x00000000200007fc                txBuf
                0x00000000200008fc                i
                0x0000000020000900                MidBuffer
                0x0000000020000920                fft_out_buf
                0x0000000020002920                pdmRxBuf
                0x0000000020002a20                fifobuf
 COMMON         0x0000000020002c20       0x58 Core/Src/spi.o
                0x0000000020002c20                hspi1
 COMMON         0x0000000020002c78        0x4 Drivers/STM32F4xx_HAL_Driver/Src/stm32f4xx_hal.o
                0x0000000020002c78                uwTick
 COMMON         0x0000000020002c7c       0x54 PDM2PCM/App/pdm2pcm.o
                0x0000000020002c7c                PDM1_filter_config
                0x0000000020002c84                PDM1_filter_handler
 COMMON         0x0000000020002cd0      0x2d0 USB_DEVICE/App/usb_device.o
                0x0000000020002cd0                hUsbDeviceFS
 COMMON         0x0000000020002fa0     0x1000 USB_DEVICE/App/usbd_cdc_if.o
                0x0000000020002fa0                UserRxBufferFS
                0x00000000200037a0                UserTxBufferFS
 COMMON         0x0000000020003fa0      0x200 USB_DEVICE/App/usbd_desc.o
                0x0000000020003fa0                USBD_StrDesc
 COMMON         0x00000000200041a0      0x408 USB_DEVICE/Target/usbd_conf.o
                0x00000000200041a0                hpcd_USB_OTG_FS
 COMMON         0x00000000200045a8        0x4 /home/ilya/Ac6/SystemWorkbench/plugins/fr.ac6.mcu.externaltools.arm-none.linux64_1.17.0.201812190825/tools/compiler/bin/../lib/gcc/arm-none-eabi/7.3.1/../../../../arm-none-eabi/lib/thumb/v7e-m/fpv4-sp/hard/libc_nano.a(lib_a-reent.o)
                0x00000000200045a8                errno
                0x00000000200045ac                . = ALIGN (0x4)
                0x00000000200045ac                _ebss = .
                0x00000000200045ac                __bss_end__ = _ebss

._user_heap_stack
                0x00000000200045ac      0x604 load address 0x000000000801d210
                0x00000000200045b0                . = ALIGN (0x8)
 *fill*         0x00000000200045ac        0x4 
                0x00000000200045b0                PROVIDE (end = .)
                [!provide]                        PROVIDE (_end = .)
                0x00000000200047b0                . = (. + _Min_Heap_Size)
 *fill*         0x00000000200045b0      0x200 
                0x0000000020004bb0                . = (. + _Min_Stack_Size)
 *fill*         0x00000000200047b0      0x400 
                0x0000000020004bb0                . = ALIGN (0x8)

/DISCARD/
 libc.a(*)
 libm.a(*)
 libgcc.a(*)

.ARM.attributes
                0x0000000000000000       0x30
 *(.ARM.attributes)
 .ARM.attributes
                0x0000000000000000       0x22 /home/ilya/Ac6/SystemWorkbench/plugins/fr.ac6.mcu.externaltools.arm-none.linux64_1.17.0.201812190825/tools/compiler/bin/../lib/gcc/arm-none-eabi/7.3.1/thumb/v7e-m/fpv4-sp/hard/crti.o
 .ARM.attributes
                0x0000000000000022       0x34 /home/ilya/Ac6/SystemWorkbench/plugins/fr.ac6.mcu.externaltools.arm-none.linux64_1.17.0.201812190825/tools/compiler/bin/../lib/gcc/arm-none-eabi/7.3.1/thumb/v7e-m/fpv4-sp/hard/crtbegin.o
 .ARM.attributes
                0x0000000000000056       0x39 Core/Src/crc.o
 .ARM.attributes
                0x000000000000008f       0x39 Core/Src/dma.o
 .ARM.attributes
                0x00000000000000c8       0x39 Core/Src/gpio.o
 .ARM.attributes
                0x0000000000000101       0x39 Core/Src/i2c.o
 .ARM.attributes
                0x000000000000013a       0x39 Core/Src/i2s.o
 .ARM.attributes
                0x0000000000000173       0x39 Core/Src/main.o
 .ARM.attributes
                0x00000000000001ac       0x39 Core/Src/spi.o
 .ARM.attributes
                0x00000000000001e5       0x39 Core/Src/stm32f4xx_hal_msp.o
 .ARM.attributes
                0x000000000000021e       0x39 Core/Src/stm32f4xx_it.o
 .ARM.attributes
                0x0000000000000257       0x39 Core/Src/syscalls.o
 .ARM.attributes
                0x0000000000000290       0x39 Core/Src/system_stm32f4xx.o
 .ARM.attributes
                0x00000000000002c9       0x39 Drivers/STM32F4xx_HAL_Driver/Src/stm32f4xx_hal.o
 .ARM.attributes
                0x0000000000000302       0x39 Drivers/STM32F4xx_HAL_Driver/Src/stm32f4xx_hal_cortex.o
 .ARM.attributes
                0x000000000000033b       0x39 Drivers/STM32F4xx_HAL_Driver/Src/stm32f4xx_hal_crc.o
 .ARM.attributes
                0x0000000000000374       0x39 Drivers/STM32F4xx_HAL_Driver/Src/stm32f4xx_hal_dma.o
 .ARM.attributes
                0x00000000000003ad       0x39 Drivers/STM32F4xx_HAL_Driver/Src/stm32f4xx_hal_gpio.o
 .ARM.attributes
                0x00000000000003e6       0x39 Drivers/STM32F4xx_HAL_Driver/Src/stm32f4xx_hal_i2c.o
 .ARM.attributes
                0x000000000000041f       0x39 Drivers/STM32F4xx_HAL_Driver/Src/stm32f4xx_hal_i2s.o
 .ARM.attributes
                0x0000000000000458       0x39 Drivers/STM32F4xx_HAL_Driver/Src/stm32f4xx_hal_i2s_ex.o
 .ARM.attributes
                0x0000000000000491       0x39 Drivers/STM32F4xx_HAL_Driver/Src/stm32f4xx_hal_pcd.o
 .ARM.attributes
                0x00000000000004ca       0x39 Drivers/STM32F4xx_HAL_Driver/Src/stm32f4xx_hal_pcd_ex.o
 .ARM.attributes
                0x0000000000000503       0x39 Drivers/STM32F4xx_HAL_Driver/Src/stm32f4xx_hal_rcc.o
 .ARM.attributes
                0x000000000000053c       0x39 Drivers/STM32F4xx_HAL_Driver/Src/stm32f4xx_hal_rcc_ex.o
 .ARM.attributes
                0x0000000000000575       0x39 Drivers/STM32F4xx_HAL_Driver/Src/stm32f4xx_hal_spi.o
 .ARM.attributes
                0x00000000000005ae       0x39 Drivers/STM32F4xx_HAL_Driver/Src/stm32f4xx_ll_usb.o
 .ARM.attributes
                0x00000000000005e7       0x39 Middlewares/ST/STM32_USB_Device_Library/Class/CDC/Src/usbd_cdc.o
 .ARM.attributes
                0x0000000000000620       0x39 Middlewares/ST/STM32_USB_Device_Library/Core/Src/usbd_core.o
 .ARM.attributes
                0x0000000000000659       0x39 Middlewares/ST/STM32_USB_Device_Library/Core/Src/usbd_ctlreq.o
 .ARM.attributes
                0x0000000000000692       0x39 Middlewares/ST/STM32_USB_Device_Library/Core/Src/usbd_ioreq.o
 .ARM.attributes
                0x00000000000006cb       0x39 PDM2PCM/App/pdm2pcm.o
 .ARM.attributes
                0x0000000000000704       0x39 USB_DEVICE/App/usb_device.o
 .ARM.attributes
                0x000000000000073d       0x39 USB_DEVICE/App/usbd_cdc_if.o
 .ARM.attributes
                0x0000000000000776       0x39 USB_DEVICE/App/usbd_desc.o
 .ARM.attributes
                0x00000000000007af       0x39 USB_DEVICE/Target/usbd_conf.o
 .ARM.attributes
                0x00000000000007e8       0x21 startup/startup_stm32f411xe.o
 .ARM.attributes