Archive member included to satisfy reference by file (symbol)

/home/ilya/UCU/Grade2/POC/labs/STM32_Tune/Middlewares/ST/STM32_Audio/Addons/PDM/Lib/libPDMFilter_CM4_GCC_wc32.a(pdm_filter.o)
                              PDM2PCM/App/pdm2pcm.o (PDM_Filter_Init)
/home/ilya/UCU/Grade2/POC/labs/STM32_Tune/Middlewares/ST/STM32_Audio/Addons/PDM/Lib/libPDMFilter_CM4_GCC_wc32.a(stm32_crc_lock.o)
                              /home/ilya/UCU/Grade2/POC/labs/STM32_Tune/Middlewares/ST/STM32_Audio/Addons/PDM/Lib/libPDMFilter_CM4_GCC_wc32.a(pdm_filter.o) (CRC_Lock)
/home/ilya/UCU/Grade2/POC/labs/STM32_Tune/libs/CMSIS-master/CMSIS/Lib/GCC/libarm_cortexM4lf_math.a(arm_rfft_fast_init_f32.o)
                              Core/Src/main.o (arm_rfft_fast_init_f32)
/home/ilya/UCU/Grade2/POC/labs/STM32_Tune/libs/CMSIS-master/CMSIS/Lib/GCC/libarm_cortexM4lf_math.a(arm_rfft_fast_f32.o)
                              Core/Src/main.o (arm_rfft_fast_f32)
/home/ilya/UCU/Grade2/POC/labs/STM32_Tune/libs/CMSIS-master/CMSIS/Lib/GCC/libarm_cortexM4lf_math.a(arm_cfft_f32.o)
                              /home/ilya/UCU/Grade2/POC/labs/STM32_Tune/libs/CMSIS-master/CMSIS/Lib/GCC/libarm_cortexM4lf_math.a(arm_rfft_fast_f32.o) (arm_cfft_f32)
/home/ilya/UCU/Grade2/POC/labs/STM32_Tune/libs/CMSIS-master/CMSIS/Lib/GCC/libarm_cortexM4lf_math.a(arm_common_tables.o)
                              /home/ilya/UCU/Grade2/POC/labs/STM32_Tune/libs/CMSIS-master/CMSIS/Lib/GCC/libarm_cortexM4lf_math.a(arm_rfft_fast_init_f32.o) (twiddleCoef_rfft_4096)
/home/ilya/UCU/Grade2/POC/labs/STM32_Tune/libs/CMSIS-master/CMSIS/Lib/GCC/libarm_cortexM4lf_math.a(arm_bitreversal2.o)
                              /home/ilya/UCU/Grade2/POC/labs/STM32_Tune/libs/CMSIS-master/CMSIS/Lib/GCC/libarm_cortexM4lf_math.a(arm_cfft_f32.o) (arm_bitreversal_32)
/home/ilya/UCU/Grade2/POC/labs/STM32_Tune/libs/CMSIS-master/CMSIS/Lib/GCC/libarm_cortexM4lf_math.a(arm_cfft_radix8_f32.o)
                              /home/ilya/UCU/Grade2/POC/labs/STM32_Tune/libs/CMSIS-master/CMSIS/Lib/GCC/libarm_cortexM4lf_math.a(arm_cfft_f32.o) (arm_radix8_butterfly_f32)
/home/ilya/Ac6/SystemWorkbench/plugins/fr.ac6.mcu.externaltools.arm-none.linux64_1.17.0.201812190825/tools/compiler/bin/../lib/gcc/arm-none-eabi/7.3.1/../../../../arm-none-eabi/lib/thumb/v7e-m/fpv4-sp/hard/libm.a(lib_a-sf_round.o)
                              /home/ilya/UCU/Grade2/POC/labs/STM32_Tune/Middlewares/ST/STM32_Audio/Addons/PDM/Lib/libPDMFilter_CM4_GCC_wc32.a(pdm_filter.o) (roundf)
/home/ilya/Ac6/SystemWorkbench/plugins/fr.ac6.mcu.externaltools.arm-none.linux64_1.17.0.201812190825/tools/compiler/bin/../lib/gcc/arm-none-eabi/7.3.1/../../../../arm-none-eabi/lib/thumb/v7e-m/fpv4-sp/hard/libm.a(lib_a-w_sqrt.o)
                              Core/Src/main.o (sqrt)
/home/ilya/Ac6/SystemWorkbench/plugins/fr.ac6.mcu.externaltools.arm-none.linux64_1.17.0.201812190825/tools/compiler/bin/../lib/gcc/arm-none-eabi/7.3.1/../../../../arm-none-eabi/lib/thumb/v7e-m/fpv4-sp/hard/libm.a(lib_a-wf_pow.o)
                              /home/ilya/UCU/Grade2/POC/labs/STM32_Tune/Middlewares/ST/STM32_Audio/Addons/PDM/Lib/libPDMFilter_CM4_GCC_wc32.a(pdm_filter.o) (powf)
/home/ilya/Ac6/SystemWorkbench/plugins/fr.ac6.mcu.externaltools.arm-none.linux64_1.17.0.201812190825/tools/compiler/bin/../lib/gcc/arm-none-eabi/7.3.1/../../../../arm-none-eabi/lib/thumb/v7e-m/fpv4-sp/hard/libm.a(lib_a-e_sqrt.o)
                              /home/ilya/Ac6/SystemWorkbench/plugins/fr.ac6.mcu.externaltools.arm-none.linux64_1.17.0.201812190825/tools/compiler/bin/../lib/gcc/arm-none-eabi/7.3.1/../../../../arm-none-eabi/lib/thumb/v7e-m/fpv4-sp/hard/libm.a(lib_a-w_sqrt.o) (__ieee754_sqrt)
/home/ilya/Ac6/SystemWorkbench/plugins/fr.ac6.mcu.externaltools.arm-none.linux64_1.17.0.201812190825/tools/compiler/bin/../lib/gcc/arm-none-eabi/7.3.1/../../../../arm-none-eabi/lib/thumb/v7e-m/fpv4-sp/hard/libm.a(lib_a-ef_pow.o)
                              /home/ilya/Ac6/SystemWorkbench/plugins/fr.ac6.mcu.externaltools.arm-none.linux64_1.17.0.201812190825/tools/compiler/bin/../lib/gcc/arm-none-eabi/7.3.1/../../../../arm-none-eabi/lib/thumb/v7e-m/fpv4-sp/hard/libm.a(lib_a-wf_pow.o) (__ieee754_powf)
/home/ilya/Ac6/SystemWorkbench/plugins/fr.ac6.mcu.externaltools.arm-none.linux64_1.17.0.201812190825/tools/compiler/bin/../lib/gcc/arm-none-eabi/7.3.1/../../../../arm-none-eabi/lib/thumb/v7e-m/fpv4-sp/hard/libm.a(lib_a-ef_sqrt.o)
                              /home/ilya/Ac6/SystemWorkbench/plugins/fr.ac6.mcu.externaltools.arm-none.linux64_1.17.0.201812190825/tools/compiler/bin/../lib/gcc/arm-none-eabi/7.3.1/../../../../arm-none-eabi/lib/thumb/v7e-m/fpv4-sp/hard/libm.a(lib_a-ef_pow.o) (__ieee754_sqrtf)
/home/ilya/Ac6/SystemWorkbench/plugins/fr.ac6.mcu.externaltools.arm-none.linux64_1.17.0.201812190825/tools/compiler/bin/../lib/gcc/arm-none-eabi/7.3.1/../../../../arm-none-eabi/lib/thumb/v7e-m/fpv4-sp/hard/libm.a(lib_a-s_lib_ver.o)
[...]
Memory Configuration

Name             Origin             Length             Attributes
RAM              0x0000000020000000 0x0000000000020000 xrw
FLASH            0x0000000008000000 0x0000000000080000 xr
*default*        0x0000000000000000 0xffffffffffffffff

Linker script and memory map

LOAD /home/ilya/Ac6/SystemWorkbench/plugins/fr.ac6.mcu.externaltools.arm-none.linux64_1.17.0.201812190825/tools/compiler/bin/../lib/gcc/arm-none-eabi/7.3.1/thumb/v7e-m/fpv4-sp/hard/crti.o
LOAD /home/ilya/Ac6/SystemWorkbench/plugins/fr.ac6.mcu.externaltools.arm-none.linux64_1.17.0.201812190825/tools/compiler/bin/../lib/gcc/arm-none-eabi/7.3.1/thumb/v7e-m/fpv4-sp/hard/crtbegin.o
LOAD /home/ilya/Ac6/SystemWorkbench/plugins/fr.ac6.mcu.externaltools.arm-none.linux64_1.17.0.201812190825/tools/compiler/bin/../lib/gcc/arm-none-eabi/7.3.1/../../../../arm-none-eabi/lib/thumb/v7e-m/fpv4-sp/hard/crt0.o
LOAD Core/Src/crc.o
LOAD Core/Src/dma.o
LOAD Core/Src/gpio.o
LOAD Core/Src/i2c.o
LOAD Core/Src/i2s.o
LOAD Core/Src/main.o
LOAD Core/Src/spi.o
LOAD Core/Src/stm32f4xx_hal_msp.o
LOAD Core/Src/stm32f4xx_it.o
LOAD Core/Src/syscalls.o
LOAD Core/Src/system_stm32f4xx.o
LOAD Drivers/STM32F4xx_HAL_Driver/Src/stm32f4xx_hal.o
LOAD Drivers/STM32F4xx_HAL_Driver/Src/stm32f4xx_hal_cortex.o
LOAD Drivers/STM32F4xx_HAL_Driver/Src/stm32f4xx_hal_crc.o
LOAD Drivers/STM32F4xx_HAL_Driver/Src/stm32f4xx_hal_dma.o
LOAD Drivers/STM32F4xx_HAL_Driver/Src/stm32f4xx_hal_dma_ex.o
LOAD Drivers/STM32F4xx_HAL_Driver/Src/stm32f4xx_hal_exti.o
LOAD Drivers/STM32F4xx_HAL_Driver/Src/stm32f4xx_hal_flash.o
LOAD Drivers/STM32F4xx_HAL_Driver/Src/stm32f4xx_hal_flash_ex.o
LOAD Drivers/STM32F4xx_HAL_Driver/Src/stm32f4xx_hal_flash_ramfunc.o
LOAD Drivers/STM32F4xx_HAL_Driver/Src/stm32f4xx_hal_gpio.o
LOAD Drivers/STM32F4xx_HAL_Driver/Src/stm32f4xx_hal_i2c.o
LOAD Drivers/STM32F4xx_HAL_Driver/Src/stm32f4xx_hal_i2c_ex.o
LOAD Drivers/STM32F4xx_HAL_Driver/Src/stm32f4xx_hal_i2s.o
LOAD Drivers/STM32F4xx_HAL_Driver/Src/stm32f4xx_hal_i2s_ex.o
LOAD Drivers/STM32F4xx_HAL_Driver/Src/stm32f4xx_hal_pcd.o
LOAD Drivers/STM32F4xx_HAL_Driver/Src/stm32f4xx_hal_pcd_ex.o
LOAD Drivers/STM32F4xx_HAL_Driver/Src/stm32f4xx_hal_pwr.o
LOAD Drivers/STM32F4xx_HAL_Driver/Src/stm32f4xx_hal_pwr_ex.o
LOAD Drivers/STM32F4xx_HAL_Driver/Src/stm32f4xx_hal_rcc.o
LOAD Drivers/STM32F4xx_HAL_Driver/Src/stm32f4xx_hal_rcc_ex.o
LOAD Drivers/STM32F4xx_HAL_Driver/Src/stm32f4xx_hal_spi.o
LOAD Drivers/STM32F4xx_HAL_Driver/Src/stm32f4xx_hal_tim.o
LOAD Drivers/STM32F4xx_HAL_Driver/Src/stm32f4xx_hal_tim_ex.o
LOAD Drivers/STM32F4xx_HAL_Driver/Src/stm32f4xx_ll_usb.o
LOAD Middlewares/ST/STM32_USB_Device_Library/Class/CDC/Src/usbd_cdc.o
LOAD Middlewares/ST/STM32_USB_Device_Library/Core/Src/usbd_core.o
LOAD Middlewares/ST/STM32_USB_Device_Library/Core/Src/usbd_ctlreq.o
LOAD Middlewares/ST/STM32_USB_Device_Library/Core/Src/usbd_ioreq.o
LOAD PDM2PCM/App/pdm2pcm.o
LOAD USB_DEVICE/App/usb_device.o
LOAD USB_DEVICE/App/usbd_cdc_if.o
LOAD USB_DEVICE/App/usbd_desc.o
LOAD USB_DEVICE/Target/usbd_conf.o
LOAD startup/startup_stm32f411xe.o
LOAD /home/ilya/UCU/Grade2/POC/labs/STM32_Tune/Middlewares/ST/STM32_Audio/Addons/PDM/Lib/libPDMFilter_CM4_GCC_wc32.a
LOAD /home/ilya/UCU/Grade2/POC/labs/STM32_Tune/libs/CMSIS-master/CMSIS/Lib/GCC/libarm_cortexM4lf_math.a
LOAD /home/ilya/Ac6/SystemWorkbench/plugins/fr.ac6.mcu.externaltools.arm-none.linux64_1.17.0.201812190825/tools/compiler/bin/../lib/gcc/arm-none-eabi/7.3.1/../../../../arm-none-eabi/lib/thumb/v7e-m/fpv4-sp/hard/libm.a
START GROUP
LOAD /home/ilya/Ac6/SystemWorkbench/plugins/fr.ac6.mcu.externaltools.arm-none.linux64_1.17.0.201812190825/tools/compiler/bin/../lib/gcc/arm-none-eabi/7.3.1/thumb/v7e-m/fpv4-sp/hard/libgcc.a
LOAD /home/ilya/Ac6/SystemWorkbench/plugins/fr.ac6.mcu.externaltools.arm-none.linux64_1.17.0.201812190825/tools/compiler/bin/../lib/gcc/arm-none-eabi/7.3.1/../../../../arm-none-eabi/lib/thumb/v7e-m/fpv4-sp/hard/libc_nano.a
END GROUP
START GROUP
LOAD /home/ilya/Ac6/SystemWorkbench/plugins/fr.ac6.mcu.externaltools.arm-none.linux64_1.17.0.201812190825/tools/compiler/bin/../lib/gcc/arm-none-eabi/7.3.1/thumb/v7e-m/fpv4-sp/hard/libgcc.a
LOAD /home/ilya/Ac6/SystemWorkbench/plugins/fr.ac6.mcu.externaltools.arm-none.linux64_1.17.0.201812190825/tools/compiler/bin/../lib/gcc/arm-none-eabi/7.3.1/../../../../arm-none-eabi/lib/thumb/v7e-m/fpv4-sp/hard/libc_nano.a
LOAD /home/ilya/Ac6/SystemWorkbench/plugins/fr.ac6.mcu.externaltools.arm-none.linux64_1.17.0.201812190825/tools/compiler/bin/../lib/gcc/arm-none-eabi/7.3.1/../../../../arm-none-eabi/lib/thumb/v7e-m/fpv4-sp/hard/libnosys.a
END GROUP
START GROUP
LOAD /home/ilya/Ac6/SystemWorkbench/plugins/fr.ac6.mcu.externaltools.arm-none.linux64_1.17.0.201812190825/tools/compiler/bin/../lib/gcc/arm-none-eabi/7.3.1/thumb/v7e-m/fpv4-sp/hard/libgcc.a
LOAD /home/ilya/Ac6/SystemWorkbench/plugins/fr.ac6.mcu.externaltools.arm-none.linux64_1.17.0.201812190825/tools/compiler/bin/../lib/gcc/arm-none-eabi/7.3.1/../../../../arm-none-eabi/lib/thumb/v7e-m/fpv4-sp/hard/libc_nano.a
LOAD /home/ilya/Ac6/SystemWorkbench/plugins/fr.ac6.mcu.externaltools.arm-none.linux64_1.17.0.201812190825/tools/compiler/bin/../lib/gcc/arm-none-eabi/7.3.1/../../../../arm-none-eabi/lib/thumb/v7e-m/fpv4-sp/hard/libnosys.a
END GROUP
LOAD /home/ilya/Ac6/SystemWorkbench/plugins/fr.ac6.mcu.externaltools.arm-none.linux64_1.17.0.201812190825/tools/compiler/bin/../lib/gcc/arm-none-eabi/7.3.1/thumb/v7e-m/fpv4-sp/hard/crtend.o
LOAD /home/ilya/Ac6/SystemWorkbench/plugins/fr.ac6.mcu.externaltools.arm-none.linux64_1.17.0.201812190825/tools/compiler/bin/../lib/gcc/arm-none-eabi/7.3.1/thumb/v7e-m/fpv4-sp/hard/crtn.o
                0x0000000020020000                _estack = 0x20020000
                0x0000000000000200                _Min_Heap_Size = 0x200
                0x0000000000000400                _Min_Stack_Size = 0x400

.isr_vector     0x0000000008000000      0x198
                0x0000000008000000                . = ALIGN (0x4)
 *(.isr_vector)
 .isr_vector    0x0000000008000000      0x198 startup/startup_stm32f411xe.o
                0x0000000008000000                g_pfnVectors
                0x0000000008000198                . = ALIGN (0x4)

.text           0x00000000080001a0     0xc040
                0x00000000080001a0                . = ALIGN (0x4)
 *(.text)
 .text          0x00000000080001a0       0x40 /home/ilya/Ac6/SystemWorkbench/plugins/fr.ac6.mcu.externaltools.arm-none.linux64_1.17.0.201812190825/tools/compiler/bin/../lib/gcc/arm-none-eabi/7.3.1/thumb/v7e-m/fpv4-sp/hard/crtbegin.o
 .text          0x00000000080001e0       0xc0 /home/ilya/UCU/Grade2/POC/labs/STM32_Tune/libs/CMSIS-master/CMSIS/Lib/GCC/libarm_cortexM4lf_math.a(arm_bitreversal2.o)
                0x00000000080001e0                arm_bitreversal_32
                0x000000000800024a                arm_bitreversal_16
 .text          0x00000000080002a0      0x378 /home/ilya/Ac6/SystemWorkbench/plugins/fr.ac6.mcu.externaltools.arm-none.linux64_1.17.0.201812190825/tools/compiler/bin/../lib/gcc/arm-none-eabi/7.3.1/thumb/v7e-m/fpv4-sp/hard/libgcc.a(_arm_addsubdf3.o)
                0x00000000080002a0                __aeabi_drsub
                0x00000000080002a8                __aeabi_dsub
                0x00000000080002a8                __subdf3
                0x00000000080002ac                __adddf3
                0x00000000080002ac                __aeabi_dadd
                0x0000000008000524                __aeabi_ui2d
                0x0000000008000524                __floatunsidf
                0x0000000008000544                __floatsidf
                0x0000000008000544                __aeabi_i2d
                0x0000000008000568                __extendsfdf2
                0x0000000008000568                __aeabi_f2d
                0x00000000080005ac                __aeabi_ul2d
                0x00000000080005ac                __floatundidf
                0x00000000080005bc                __floatdidf
                0x00000000080005bc                __aeabi_l2d
 .text          0x0000000008000618      0x424 /home/ilya/Ac6/SystemWorkbench/plugins/fr.ac6.mcu.externaltools.arm-none.linux64_1.17.0.201812190825/tools/compiler/bin/../lib/gcc/arm-none-eabi/7.3.1/thumb/v7e-m/fpv4-sp/hard/libgcc.a(_arm_muldivdf3.o)
                0x0000000008000618                __aeabi_dmul
                0x0000000008000618                __muldf3
                0x000000000800086c                __aeabi_ddiv
                0x000000000800086c                __divdf3
 .text          0x0000000008000a3c      0x110 /home/ilya/Ac6/SystemWorkbench/plugins/fr.ac6.mcu.externaltools.arm-none.linux64_1.17.0.201812190825/tools/compiler/bin/../lib/gcc/arm-none-eabi/7.3.1/thumb/v7e-m/fpv4-sp/hard/libgcc.a(_arm_cmpdf2.o)
                0x0000000008000a3c                __gtdf2
                0x0000000008000a3c                __gedf2
                0x0000000008000a44                __ltdf2
                0x0000000008000a44                __ledf2
                0x0000000008000a4c                __cmpdf2
                0x0000000008000a4c                __eqdf2
                0x0000000008000a4c                __nedf2
                0x0000000008000ac8                __aeabi_cdrcmple
                0x0000000008000ad8                __aeabi_cdcmple
                0x0000000008000ad8                __aeabi_cdcmpeq
                0x0000000008000ae8                __aeabi_dcmpeq
                0x0000000008000afc                __aeabi_dcmplt
                0x0000000008000b10                __aeabi_dcmple
                0x0000000008000b24                __aeabi_dcmpge
                0x0000000008000b38                __aeabi_dcmpgt
 .text          0x0000000008000b4c       0x2c /home/ilya/Ac6/SystemWorkbench/plugins/fr.ac6.mcu.externaltools.arm-none.linux64_1.17.0.201812190825/tools/compiler/bin/../lib/gcc/arm-none-eabi/7.3.1/thumb/v7e-m/fpv4-sp/hard/libgcc.a(_arm_unorddf2.o)
                0x0000000008000b4c                __aeabi_dcmpun
                0x0000000008000b4c                __unorddf2
 .text          0x0000000008000b78       0xa0 /home/ilya/Ac6/SystemWorkbench/plugins/fr.ac6.mcu.externaltools.arm-none.linux64_1.17.0.201812190825/tools/compiler/bin/../lib/gcc/arm-none-eabi/7.3.1/thumb/v7e-m/fpv4-sp/hard/libgcc.a(_arm_truncdfsf2.o)
                0x0000000008000b78                __aeabi_d2f
                0x0000000008000b78                __truncdfsf2
 .text          0x0000000008000c18       0x30 /home/ilya/Ac6/SystemWorkbench/plugins/fr.ac6.mcu.externaltools.arm-none.linux64_1.17.0.201812190825/tools/compiler/bin/../lib/gcc/arm-none-eabi/7.3.1/thumb/v7e-m/fpv4-sp/hard/libgcc.a(_aeabi_uldivmod.o)
                0x0000000008000c18                __aeabi_uldivmod
 .text          0x0000000008000c48      0x2cc /home/ilya/Ac6/SystemWorkbench/plugins/fr.ac6.mcu.externaltools.arm-none.linux64_1.17.0.201812190825/tools/compiler/bin/../lib/gcc/arm-none-eabi/7.3.1/thumb/v7e-m/fpv4-sp/hard/libgcc.a(_udivmoddi4.o)
                0x0000000008000c48                __udivmoddi4
 .text          0x0000000008000f14        0x4 /home/ilya/Ac6/SystemWorkbench/plugins/fr.ac6.mcu.externaltools.arm-none.linux64_1.17.0.201812190825/tools/compiler/bin/../lib/gcc/arm-none-eabi/7.3.1/thumb/v7e-m/fpv4-sp/hard/libgcc.a(_dvmd_tls.o)
                0x0000000008000f14                __aeabi_ldiv0
                0x0000000008000f14                __aeabi_idiv0
 .text          0x0000000008000f18       0x10 /home/ilya/Ac6/SystemWorkbench/plugins/fr.ac6.mcu.externaltools.arm-none.linux64_1.17.0.201812190825/tools/compiler/bin/../lib/gcc/arm-none-eabi/7.3.1/../../../../arm-none-eabi/lib/thumb/v7e-m/fpv4-sp/hard/libc_nano.a(lib_a-strlen.o)
                0x0000000008000f18                strlen
 *fill*         0x0000000008000f28        0x8 
 .text          0x0000000008000f30       0xa0 /home/ilya/Ac6/SystemWorkbench/plugins/fr.ac6.mcu.externaltools.arm-none.linux64_1.17.0.201812190825/tools/compiler/bin/../lib/gcc/arm-none-eabi/7.3.1/../../../../arm-none-eabi/lib/thumb/v7e-m/fpv4-sp/hard/libc_nano.a(lib_a-memchr.o)
                0x0000000008000f30                memchr
 .text          0x0000000008000fd0       0x50 /home/ilya/Ac6/SystemWorkbench/plugins/fr.ac6.mcu.externaltools.arm-none.linux64_1.17.0.201812190825/tools/compiler/bin/../lib/gcc/arm-none-eabi/7.3.1/thumb/v7e-m/fpv4-sp/hard/libgcc.a(_arm_fixdfsi.o)
                0x0000000008000fd0                __fixdfsi
                0x0000000008000fd0                __aeabi_d2iz
 *(.text*)
 .text.MX_CRC_Init
                0x0000000008001020       0x20 Core/Src/crc.o
                0x0000000008001020                MX_CRC_Init
 .text.HAL_CRC_MspInit
                0x0000000008001040       0x30 Core/Src/crc.o
                0x0000000008001040                HAL_CRC_MspInit
 .text.MX_DMA_Init
                0x0000000008001070       0x34 Core/Src/dma.o
                0x0000000008001070                MX_DMA_Init
 .text.MX_GPIO_Init
                0x00000000080010a4      0x188 Core/Src/gpio.o
                0x00000000080010a4                MX_GPIO_Init
 .text.MX_I2C1_Init
                0x000000000800122c       0x3c Core/Src/i2c.o
                0x000000000800122c                MX_I2C1_Init
 .text.HAL_I2C_MspInit
                0x0000000008001268       0x70 Core/Src/i2c.o
                0x0000000008001268                HAL_I2C_MspInit
 .text.MX_I2S2_Init
                0x00000000080012d8       0x44 Core/Src/i2s.o
                0x00000000080012d8                MX_I2S2_Init
 .text.HAL_I2S_MspInit
                0x000000000800131c      0x128 Core/Src/i2s.o
                0x000000000800131c                HAL_I2S_MspInit
 .text.ReadSample
                0x0000000008001444       0xe0 Core/Src/main.o
                0x0000000008001444                ReadSample
 .text.DoFFT_find_freq
                0x0000000008001524       0xbc Core/Src/main.o
                0x0000000008001524                DoFFT_find_freq
 .text.detectString
                0x00000000080015e0       0xc8 Core/Src/main.o
                0x00000000080015e0                detectString
 .text.SystemClock_Config
                0x00000000080016a8       0xb0 Core/Src/main.o
                0x00000000080016a8                SystemClock_Config
 .text.main     0x0000000008001758       0x6c Core/Src/main.o
                0x0000000008001758                main
 .text.HAL_I2S_RxHalfCpltCallback
                0x00000000080017c4        0xc Core/Src/main.o
                0x00000000080017c4                HAL_I2S_RxHalfCpltCallback
 .text.HAL_I2S_RxCpltCallback
                0x00000000080017d0        0xc Core/Src/main.o
                0x00000000080017d0                HAL_I2S_RxCpltCallback
 .text.Error_Handler
                0x00000000080017dc        0x2 Core/Src/main.o
                0x00000000080017dc                Error_Handler
 .text.assert_failed
                0x00000000080017de        0x2 Core/Src/main.o
                0x00000000080017de                assert_failed
 .text.MX_SPI1_Init
                0x00000000080017e0       0x40 Core/Src/spi.o
                0x00000000080017e0                MX_SPI1_Init
 .text.HAL_SPI_MspInit
                0x0000000008001820       0x70 Core/Src/spi.o
                0x0000000008001820                HAL_SPI_MspInit
 .text.HAL_MspInit
                0x0000000008001890       0x40 Core/Src/stm32f4xx_hal_msp.o
                0x0000000008001890                HAL_MspInit
 .text.NMI_Handler
                0x00000000080018d0        0x2 Core/Src/stm32f4xx_it.o
                0x00000000080018d0                NMI_Handler
 .text.HardFault_Handler
                0x00000000080018d2        0x2 Core/Src/stm32f4xx_it.o
                0x00000000080018d2                HardFault_Handler
 .text.MemManage_Handler
                0x00000000080018d4        0x2 Core/Src/stm32f4xx_it.o
                0x00000000080018d4                MemManage_Handler
 .text.BusFault_Handler
                0x00000000080018d6        0x2 Core/Src/stm32f4xx_it.o
                0x00000000080018d6                BusFault_Handler
 .text.UsageFault_Handler
                0x00000000080018d8        0x2 Core/Src/stm32f4xx_it.o
                0x00000000080018d8                UsageFault_Handler
 .text.SVC_Handler
                0x00000000080018da        0x2 Core/Src/stm32f4xx_it.o
                0x00000000080018da                SVC_Handler
 .text.DebugMon_Handler
                0x00000000080018dc        0x2 Core/Src/stm32f4xx_it.o
                0x00000000080018dc                DebugMon_Handler
 .text.PendSV_Handler
                0x00000000080018de        0x2 Core/Src/stm32f4xx_it.o
                0x00000000080018de                PendSV_Handler
 .text.SysTick_Handler
                0x00000000080018e0        0x8 Core/Src/stm32f4xx_it.o
                0x00000000080018e0                SysTick_Handler
 .text.DMA1_Stream3_IRQHandler
                0x00000000080018e8       0x10 Core/Src/stm32f4xx_it.o
                0x00000000080018e8                DMA1_Stream3_IRQHandler
 .text.OTG_FS_IRQHandler
                0x00000000080018f8       0x10 Core/Src/stm32f4xx_it.o
                0x00000000080018f8                OTG_FS_IRQHandler
 .text._sbrk    0x0000000008001908       0x3c Core/Src/syscalls.o
                0x0000000008001908                _sbrk
 .text.SystemInit
                0x0000000008001944       0x1c Core/Src/system_stm32f4xx.o
                0x0000000008001944                SystemInit
 .text.HAL_InitTick
                0x0000000008001960       0x48 Drivers/STM32F4xx_HAL_Driver/Src/stm32f4xx_hal.o
                0x0000000008001960                HAL_InitTick
 .text.HAL_Init
                0x00000000080019a8       0x34 Drivers/STM32F4xx_HAL_Driver/Src/stm32f4xx_hal.o
                0x00000000080019a8                HAL_Init
 .text.HAL_IncTick
                0x00000000080019dc       0x18 Drivers/STM32F4xx_HAL_Driver/Src/stm32f4xx_hal.o
                0x00000000080019dc                HAL_IncTick
 .text.HAL_GetTick
                0x00000000080019f4        0xc Drivers/STM32F4xx_HAL_Driver/Src/stm32f4xx_hal.o
                0x00000000080019f4                HAL_GetTick
 .text.HAL_Delay
                0x0000000008001a00       0x28 Drivers/STM32F4xx_HAL_Driver/Src/stm32f4xx_hal.o
                0x0000000008001a00                HAL_Delay
 .text.HAL_NVIC_SetPriorityGrouping
                0x0000000008001a28       0x3c Drivers/STM32F4xx_HAL_Driver/Src/stm32f4xx_hal_cortex.o
                0x0000000008001a28                HAL_NVIC_SetPriorityGrouping
 .text.HAL_NVIC_SetPriority
                0x0000000008001a64       0x8c Drivers/STM32F4xx_HAL_Driver/Src/stm32f4xx_hal_cortex.o
                0x0000000008001a64                HAL_NVIC_SetPriority
 .text.HAL_NVIC_EnableIRQ
                0x0000000008001af0       0x30 Drivers/STM32F4xx_HAL_Driver/Src/stm32f4xx_hal_cortex.o
                0x0000000008001af0                HAL_NVIC_EnableIRQ
 .text.HAL_SYSTICK_Config
                0x0000000008001b20       0x2c Drivers/STM32F4xx_HAL_Driver/Src/stm32f4xx_hal_cortex.o
                0x0000000008001b20                HAL_SYSTICK_Config
 .text.HAL_CRC_Init
                0x0000000008001b4c       0x38 Drivers/STM32F4xx_HAL_Driver/Src/stm32f4xx_hal_crc.o
                0x0000000008001b4c                HAL_CRC_Init
 .text.DMA_SetConfig
                0x0000000008001b84       0x2c Drivers/STM32F4xx_HAL_Driver/Src/stm32f4xx_hal_dma.o
 .text.DMA_CalcBaseAndBitshift
                0x0000000008001bb0       0x3c Drivers/STM32F4xx_HAL_Driver/Src/stm32f4xx_hal_dma.o
 .text.DMA_CheckFifoParam
                0x0000000008001bec       0x8e Drivers/STM32F4xx_HAL_Driver/Src/stm32f4xx_hal_dma.o
 *fill*         0x0000000008001c7a        0x2 
 .text.HAL_DMA_Init
                0x0000000008001c7c      0x290 Drivers/STM32F4xx_HAL_Driver/Src/stm32f4xx_hal_dma.o
                0x0000000008001c7c                HAL_DMA_Init
 .text.HAL_DMA_Start_IT
                0x0000000008001f0c       0x94 Drivers/STM32F4xx_HAL_Driver/Src/stm32f4xx_hal_dma.o
                0x0000000008001f0c                HAL_DMA_Start_IT
 .text.HAL_DMA_IRQHandler
                0x0000000008001fa0      0x1dc Drivers/STM32F4xx_HAL_Driver/Src/stm32f4xx_hal_dma.o
                0x0000000008001fa0                HAL_DMA_IRQHandler
 .text.HAL_GPIO_Init
                0x000000000800217c      0x2ac Drivers/STM32F4xx_HAL_Driver/Src/stm32f4xx_hal_gpio.o
                0x000000000800217c                HAL_GPIO_Init
 .text.HAL_GPIO_WritePin
                0x0000000008002428       0x38 Drivers/STM32F4xx_HAL_Driver/Src/stm32f4xx_hal_gpio.o
                0x0000000008002428                HAL_GPIO_WritePin
 .text.HAL_I2C_Init
                0x0000000008002460      0x2a4 Drivers/STM32F4xx_HAL_Driver/Src/stm32f4xx_hal_i2c.o
                0x0000000008002460                HAL_I2C_Init
 .text.HAL_I2S_Init
                0x0000000008002704      0x2a8 Drivers/STM32F4xx_HAL_Driver/Src/stm32f4xx_hal_i2s.o
                0x0000000008002704                HAL_I2S_Init
 .text.HAL_I2S_Receive_DMA
                0x00000000080029ac       0xfc Drivers/STM32F4xx_HAL_Driver/Src/stm32f4xx_hal_i2s.o
                0x00000000080029ac                HAL_I2S_Receive_DMA
 .text.HAL_I2S_TxCpltCallback
                0x0000000008002aa8        0x2 Drivers/STM32F4xx_HAL_Driver/Src/stm32f4xx_hal_i2s.o
                0x0000000008002aa8                HAL_I2S_TxCpltCallback
 .text.I2S_Transmit_IT
                0x0000000008002aaa       0x36 Drivers/STM32F4xx_HAL_Driver/Src/stm32f4xx_hal_i2s.o
 .text.I2S_DMARxHalfCplt
                0x0000000008002ae0        0xa Drivers/STM32F4xx_HAL_Driver/Src/stm32f4xx_hal_i2s.o
 .text.I2S_Receive_IT
                0x0000000008002aea       0x36 Drivers/STM32F4xx_HAL_Driver/Src/stm32f4xx_hal_i2s.o
 .text.I2S_DMARxCplt
                0x0000000008002b20       0x24 Drivers/STM32F4xx_HAL_Driver/Src/stm32f4xx_hal_i2s.o
 .text.HAL_I2S_ErrorCallback
                0x0000000008002b44        0x2 Drivers/STM32F4xx_HAL_Driver/Src/stm32f4xx_hal_i2s.o
                0x0000000008002b44                HAL_I2S_ErrorCallback
 .text.I2S_IRQHandler
                0x0000000008002b46       0xd0 Drivers/STM32F4xx_HAL_Driver/Src/stm32f4xx_hal_i2s.o
 .text.I2S_DMAError
                0x0000000008002c16       0x28 Drivers/STM32F4xx_HAL_Driver/Src/stm32f4xx_hal_i2s.o
 .text.HAL_I2SEx_TxRxCpltCallback
                0x0000000008002c3e        0x2 Drivers/STM32F4xx_HAL_Driver/Src/stm32f4xx_hal_i2s_ex.o
                0x0000000008002c3e                HAL_I2SEx_TxRxCpltCallback
 .text.I2SEx_TxISR_I2S
                0x0000000008002c40       0x3a Drivers/STM32F4xx_HAL_Driver/Src/stm32f4xx_hal_i2s_ex.o
 *fill*         0x0000000008002c7a        0x2 
 .text.I2SEx_RxISR_I2SExt
                0x0000000008002c7c       0x60 Drivers/STM32F4xx_HAL_Driver/Src/stm32f4xx_hal_i2s_ex.o
 .text.I2SEx_TxISR_I2SExt
                0x0000000008002cdc       0x60 Drivers/STM32F4xx_HAL_Driver/Src/stm32f4xx_hal_i2s_ex.o
 .text.I2SEx_RxISR_I2S
                0x0000000008002d3c       0x3a Drivers/STM32F4xx_HAL_Driver/Src/stm32f4xx_hal_i2s_ex.o
 *fill*         0x0000000008002d76        0x2 
 .text.HAL_I2SEx_FullDuplex_IRQHandler
                0x0000000008002d78      0x1d8 Drivers/STM32F4xx_HAL_Driver/Src/stm32f4xx_hal_i2s_ex.o
                0x0000000008002d78                HAL_I2SEx_FullDuplex_IRQHandler
 .text.PCD_WriteEmptyTxFifo
                0x0000000008002f50       0xd4 Drivers/STM32F4xx_HAL_Driver/Src/stm32f4xx_hal_pcd.o
 .text.HAL_PCD_Init
                0x0000000008003024      0x138 Drivers/STM32F4xx_HAL_Driver/Src/stm32f4xx_hal_pcd.o
                0x0000000008003024                HAL_PCD_Init
 .text.HAL_PCD_Start
                0x000000000800315c       0x42 Drivers/STM32F4xx_HAL_Driver/Src/stm32f4xx_hal_pcd.o
                0x000000000800315c                HAL_PCD_Start
 *fill*         0x000000000800319e        0x2 
 .text.PCD_EP_OutXfrComplete_int
                0x00000000080031a0      0x100 Drivers/STM32F4xx_HAL_Driver/Src/stm32f4xx_hal_pcd.o
 .text.PCD_EP_OutSetupPacket_int
                0x00000000080032a0       0x50 Drivers/STM32F4xx_HAL_Driver/Src/stm32f4xx_hal_pcd.o
 .text.HAL_PCD_IRQHandler
                0x00000000080032f0      0x4a6 Drivers/STM32F4xx_HAL_Driver/Src/stm32f4xx_hal_pcd.o
                0x00000000080032f0                HAL_PCD_IRQHandler
 .text.HAL_PCD_SetAddress
                0x0000000008003796       0x28 Drivers/STM32F4xx_HAL_Driver/Src/stm32f4xx_hal_pcd.o
                0x0000000008003796                HAL_PCD_SetAddress
 .text.HAL_PCD_EP_Open
                0x00000000080037be       0x82 Drivers/STM32F4xx_HAL_Driver/Src/stm32f4xx_hal_pcd.o
                0x00000000080037be                HAL_PCD_EP_Open
 .text.HAL_PCD_EP_Close
                0x0000000008003840       0x6e Drivers/STM32F4xx_HAL_Driver/Src/stm32f4xx_hal_pcd.o
                0x0000000008003840                HAL_PCD_EP_Close
 .text.HAL_PCD_EP_Receive
                0x00000000080038ae       0x5c Drivers/STM32F4xx_HAL_Driver/Src/stm32f4xx_hal_pcd.o
                0x00000000080038ae                HAL_PCD_EP_Receive
 .text.HAL_PCD_EP_GetRxCount
                0x000000000800390a       0x12 Drivers/STM32F4xx_HAL_Driver/Src/stm32f4xx_hal_pcd.o
                0x000000000800390a                HAL_PCD_EP_GetRxCount
 .text.HAL_PCD_EP_Transmit
                0x000000000800391c       0x54 Drivers/STM32F4xx_HAL_Driver/Src/stm32f4xx_hal_pcd.o
                0x000000000800391c                HAL_PCD_EP_Transmit
 .text.HAL_PCD_EP_SetStall
                0x0000000008003970       0x82 Drivers/STM32F4xx_HAL_Driver/Src/stm32f4xx_hal_pcd.o
                0x0000000008003970                HAL_PCD_EP_SetStall
 .text.HAL_PCD_EP_ClrStall
                0x00000000080039f2       0x6e Drivers/STM32F4xx_HAL_Driver/Src/stm32f4xx_hal_pcd.o
                0x00000000080039f2                HAL_PCD_EP_ClrStall
 .text.HAL_PCDEx_SetTxFiFo
                0x0000000008003a60       0x48 Drivers/STM32F4xx_HAL_Driver/Src/stm32f4xx_hal_pcd_ex.o
                0x0000000008003a60                HAL_PCDEx_SetTxFiFo
 .text.HAL_PCDEx_SetRxFiFo
                0x0000000008003aa8        0x8 Drivers/STM32F4xx_HAL_Driver/Src/stm32f4xx_hal_pcd_ex.o
                0x0000000008003aa8                HAL_PCDEx_SetRxFiFo
 .text.HAL_PCDEx_LPM_Callback
                0x0000000008003ab0        0x2 Drivers/STM32F4xx_HAL_Driver/Src/stm32f4xx_hal_pcd_ex.o
                0x0000000008003ab0                HAL_PCDEx_LPM_Callback
 *fill*         0x0000000008003ab2        0x2 
 .text.HAL_RCC_OscConfig
                0x0000000008003ab4      0x4f4 Drivers/STM32F4xx_HAL_Driver/Src/stm32f4xx_hal_rcc.o
                0x0000000008003ab4                HAL_RCC_OscConfig
 .text.HAL_RCC_GetSysClockFreq
                0x0000000008003fa8       0xd8 Drivers/STM32F4xx_HAL_Driver/Src/stm32f4xx_hal_rcc.o
                0x0000000008003fa8                HAL_RCC_GetSysClockFreq
 .text.HAL_RCC_ClockConfig
                0x0000000008004080      0x21c Drivers/STM32F4xx_HAL_Driver/Src/stm32f4xx_hal_rcc.o
                0x0000000008004080                HAL_RCC_ClockConfig
 .text.HAL_RCC_GetHCLKFreq
                0x000000000800429c        0xc Drivers/STM32F4xx_HAL_Driver/Src/stm32f4xx_hal_rcc.o
                0x000000000800429c                HAL_RCC_GetHCLKFreq
 .text.HAL_RCC_GetPCLK1Freq
                0x00000000080042a8       0x20 Drivers/STM32F4xx_HAL_Driver/Src/stm32f4xx_hal_rcc.o
                0x00000000080042a8                HAL_RCC_GetPCLK1Freq
 .text.HAL_RCCEx_PeriphCLKConfig
                0x00000000080042c8      0x2cc Drivers/STM32F4xx_HAL_Driver/Src/stm32f4xx_hal_rcc_ex.o
                0x00000000080042c8                HAL_RCCEx_PeriphCLKConfig
 .text.HAL_RCCEx_GetPeriphCLKFreq
                0x0000000008004594       0x78 Drivers/STM32F4xx_HAL_Driver/Src/stm32f4xx_hal_rcc_ex.o
                0x0000000008004594                HAL_RCCEx_GetPeriphCLKFreq
 .text.HAL_SPI_Init
                0x000000000800460c      0x1a4 Drivers/STM32F4xx_HAL_Driver/Src/stm32f4xx_hal_spi.o
                0x000000000800460c                HAL_SPI_Init
 .text.USB_CoreReset
                0x00000000080047b0       0x3c Drivers/STM32F4xx_HAL_Driver/Src/stm32f4xx_ll_usb.o
 .text.USB_CoreInit
                0x00000000080047ec       0x8a Drivers/STM32F4xx_HAL_Driver/Src/stm32f4xx_ll_usb.o
                0x00000000080047ec                USB_CoreInit
 *fill*         0x0000000008004876        0x2 
 .text.USB_SetTurnaroundTime
                0x0000000008004878       0xec Drivers/STM32F4xx_HAL_Driver/Src/stm32f4xx_ll_usb.o
                0x0000000008004878                USB_SetTurnaroundTime
 .text.USB_EnableGlobalInt
                0x0000000008004964        0xc Drivers/STM32F4xx_HAL_Driver/Src/stm32f4xx_ll_usb.o
                0x0000000008004964                USB_EnableGlobalInt
 .text.USB_DisableGlobalInt
                0x0000000008004970        0xc Drivers/STM32F4xx_HAL_Driver/Src/stm32f4xx_ll_usb.o
                0x0000000008004970                USB_DisableGlobalInt
 .text.USB_SetCurrentMode
                0x000000000800497c       0x30 Drivers/STM32F4xx_HAL_Driver/Src/stm32f4xx_ll_usb.o
                0x000000000800497c                USB_SetCurrentMode
 .text.USB_FlushTxFifo
                0x00000000080049ac       0x28 Drivers/STM32F4xx_HAL_Driver/Src/stm32f4xx_ll_usb.o
                0x00000000080049ac                USB_FlushTxFifo
 .text.USB_FlushRxFifo
                0x00000000080049d4       0x24 Drivers/STM32F4xx_HAL_Driver/Src/stm32f4xx_ll_usb.o
                0x00000000080049d4                USB_FlushRxFifo
 .text.USB_SetDevSpeed
                0x00000000080049f8        0xe Drivers/STM32F4xx_HAL_Driver/Src/stm32f4xx_ll_usb.o
                0x00000000080049f8                USB_SetDevSpeed
 *fill*         0x0000000008004a06        0x2 
 .text.USB_DevInit
                0x0000000008004a08      0x190 Drivers/STM32F4xx_HAL_Driver/Src/stm32f4xx_ll_usb.o
                0x0000000008004a08                USB_DevInit
 .text.USB_GetDevSpeed
                0x0000000008004b98       0x22 Drivers/STM32F4xx_HAL_Driver/Src/stm32f4xx_ll_usb.o
                0x0000000008004b98                USB_GetDevSpeed
 .text.USB_ActivateEndpoint
                0x0000000008004bba       0x94 Drivers/STM32F4xx_HAL_Driver/Src/stm32f4xx_ll_usb.o
                0x0000000008004bba                USB_ActivateEndpoint
 *fill*         0x0000000008004c4e        0x2 
 .text.USB_DeactivateEndpoint
                0x0000000008004c50       0xdc Drivers/STM32F4xx_HAL_Driver/Src/stm32f4xx_ll_usb.o
                0x0000000008004c50                USB_DeactivateEndpoint
 .text.USB_EP0StartXfer
                0x0000000008004d2c      0x11c Drivers/STM32F4xx_HAL_Driver/Src/stm32f4xx_ll_usb.o
                0x0000000008004d2c                USB_EP0StartXfer
 .text.USB_WritePacket
                0x0000000008004e48       0x28 Drivers/STM32F4xx_HAL_Driver/Src/stm32f4xx_ll_usb.o
                0x0000000008004e48                USB_WritePacket
 .text.USB_EPStartXfer
                0x0000000008004e70      0x21c Drivers/STM32F4xx_HAL_Driver/Src/stm32f4xx_ll_usb.o
                0x0000000008004e70                USB_EPStartXfer
 .text.USB_ReadPacket
                0x000000000800508c       0x28 Drivers/STM32F4xx_HAL_Driver/Src/stm32f4xx_ll_usb.o
                0x000000000800508c                USB_ReadPacket
 .text.USB_EPSetStall
                0x00000000080050b4       0x5a Drivers/STM32F4xx_HAL_Driver/Src/stm32f4xx_ll_usb.o
                0x00000000080050b4                USB_EPSetStall
 .text.USB_EPClearStall
                0x000000000800510e       0x5c Drivers/STM32F4xx_HAL_Driver/Src/stm32f4xx_ll_usb.o
                0x000000000800510e                USB_EPClearStall
 .text.USB_SetDevAddress
                0x000000000800516a       0x20 Drivers/STM32F4xx_HAL_Driver/Src/stm32f4xx_ll_usb.o
                0x000000000800516a                USB_SetDevAddress
 .text.USB_DevConnect
                0x000000000800518a       0x1c Drivers/STM32F4xx_HAL_Driver/Src/stm32f4xx_ll_usb.o
                0x000000000800518a                USB_DevConnect
 .text.USB_DevDisconnect
                0x00000000080051a6       0x1c Drivers/STM32F4xx_HAL_Driver/Src/stm32f4xx_ll_usb.o
                0x00000000080051a6                USB_DevDisconnect
 .text.USB_ReadInterrupts
                0x00000000080051c2        0x8 Drivers/STM32F4xx_HAL_Driver/Src/stm32f4xx_ll_usb.o
                0x00000000080051c2                USB_ReadInterrupts
 .text.USB_ReadDevAllOutEpInterrupt
                0x00000000080051ca       0x10 Drivers/STM32F4xx_HAL_Driver/Src/stm32f4xx_ll_usb.o
                0x00000000080051ca                USB_ReadDevAllOutEpInterrupt
 .text.USB_ReadDevAllInEpInterrupt
                0x00000000080051da       0x10 Drivers/STM32F4xx_HAL_Driver/Src/stm32f4xx_ll_usb.o
                0x00000000080051da                USB_ReadDevAllInEpInterrupt
 .text.USB_ReadDevOutEPInterrupt
                0x00000000080051ea       0x12 Drivers/STM32F4xx_HAL_Driver/Src/stm32f4xx_ll_usb.o
                0x00000000080051ea                USB_ReadDevOutEPInterrupt
 .text.USB_ReadDevInEPInterrupt
                0x00000000080051fc       0x28 Drivers/STM32F4xx_HAL_Driver/Src/stm32f4xx_ll_usb.o
                0x00000000080051fc                USB_ReadDevInEPInterrupt
 .text.USB_GetMode
                0x0000000008005224        0x8 Drivers/STM32F4xx_HAL_Driver/Src/stm32f4xx_ll_usb.o
                0x0000000008005224                USB_GetMode
 .text.USB_ActivateSetup
                0x000000000800522c       0x20 Drivers/STM32F4xx_HAL_Driver/Src/stm32f4xx_ll_usb.o
                0x000000000800522c                USB_ActivateSetup
 .text.USB_EP0_OutStart
                0x000000000800524c       0x60 Drivers/STM32F4xx_HAL_Driver/Src/stm32f4xx_ll_usb.o
                0x000000000800524c                USB_EP0_OutStart
 .text.USBD_CDC_EP0_RxReady
                0x00000000080052ac       0x28 Middlewares/ST/STM32_USB_Device_Library/Class/CDC/Src/usbd_cdc.o
 .text.USBD_CDC_GetFSCfgDesc
                0x00000000080052d4        0xc Middlewares/ST/STM32_USB_Device_Library/Class/CDC/Src/usbd_cdc.o
 .text.USBD_CDC_GetHSCfgDesc
                0x00000000080052e0        0xc Middlewares/ST/STM32_USB_Device_Library/Class/CDC/Src/usbd_cdc.o
 .text.USBD_CDC_GetOtherSpeedCfgDesc
                0x00000000080052ec        0xc Middlewares/ST/STM32_USB_Device_Library/Class/CDC/Src/usbd_cdc.o
 .text.USBD_CDC_GetDeviceQualifierDescriptor
                0x00000000080052f8        0xc Middlewares/ST/STM32_USB_Device_Library/Class/CDC/Src/usbd_cdc.o
                0x00000000080052f8                USBD_CDC_GetDeviceQualifierDescriptor
 .text.USBD_CDC_DataOut
                0x0000000008005304       0x2a Middlewares/ST/STM32_USB_Device_Library/Class/CDC/Src/usbd_cdc.o
 .text.USBD_CDC_DataIn
                0x000000000800532e       0x66 Middlewares/ST/STM32_USB_Device_Library/Class/CDC/Src/usbd_cdc.o
 .text.USBD_CDC_Setup
                0x0000000008005394       0xe8 Middlewares/ST/STM32_USB_Device_Library/Class/CDC/Src/usbd_cdc.o
 .text.USBD_CDC_DeInit
                0x000000000800547c       0x48 Middlewares/ST/STM32_USB_Device_Library/Class/CDC/Src/usbd_cdc.o
 .text.USBD_CDC_Init
                0x00000000080054c4       0xc2 Middlewares/ST/STM32_USB_Device_Library/Class/CDC/Src/usbd_cdc.o
 .text.USBD_CDC_RegisterInterface
                0x0000000008005586        0xe Middlewares/ST/STM32_USB_Device_Library/Class/CDC/Src/usbd_cdc.o
                0x0000000008005586                USBD_CDC_RegisterInterface
 .text.USBD_CDC_SetTxBuffer
                0x0000000008005594       0x10 Middlewares/ST/STM32_USB_Device_Library/Class/CDC/Src/usbd_cdc.o
                0x0000000008005594                USBD_CDC_SetTxBuffer
 .text.USBD_CDC_SetRxBuffer
                0x00000000080055a4        0xc Middlewares/ST/STM32_USB_Device_Library/Class/CDC/Src/usbd_cdc.o
                0x00000000080055a4                USBD_CDC_SetRxBuffer
 .text.USBD_CDC_TransmitPacket
                0x00000000080055b0       0x34 Middlewares/ST/STM32_USB_Device_Library/Class/CDC/Src/usbd_cdc.o
                0x00000000080055b0                USBD_CDC_TransmitPacket
 .text.USBD_CDC_ReceivePacket
                0x00000000080055e4       0x32 Middlewares/ST/STM32_USB_Device_Library/Class/CDC/Src/usbd_cdc.o
                0x00000000080055e4                USBD_CDC_ReceivePacket
 .text.USBD_Init
                0x0000000008005616       0x38 Middlewares/ST/STM32_USB_Device_Library/Core/Src/usbd_core.o
                0x0000000008005616                USBD_Init
 .text.USBD_RegisterClass
                0x000000000800564e       0x28 Middlewares/ST/STM32_USB_Device_Library/Core/Src/usbd_core.o
                0x000000000800564e                USBD_RegisterClass
 .text.USBD_Start
                0x0000000008005676        0x8 Middlewares/ST/STM32_USB_Device_Library/Core/Src/usbd_core.o
                0x0000000008005676                USBD_Start
 .text.USBD_SetClassConfig
                0x000000000800567e       0x12 Middlewares/ST/STM32_USB_Device_Library/Core/Src/usbd_core.o
                0x000000000800567e                USBD_SetClassConfig
 .text.USBD_ClrClassConfig
                0x0000000008005690       0x10 Middlewares/ST/STM32_USB_Device_Library/Core/Src/usbd_core.o
                0x0000000008005690                USBD_ClrClassConfig
 .text.USBD_LL_SetupStage
                0x00000000080056a0       0x58 Middlewares/ST/STM32_USB_Device_Library/Core/Src/usbd_core.o
                0x00000000080056a0                USBD_LL_SetupStage
 .text.USBD_LL_DataOutStage
                0x00000000080056f8       0x72 Middlewares/ST/STM32_USB_Device_Library/Core/Src/usbd_core.o
                0x00000000080056f8                USBD_LL_DataOutStage
 .text.USBD_LL_DataInStage
                0x000000000800576a       0xb6 Middlewares/ST/STM32_USB_Device_Library/Core/Src/usbd_core.o
                0x000000000800576a                USBD_LL_DataInStage
 .text.USBD_LL_Reset
                0x0000000008005820       0x52 Middlewares/ST/STM32_USB_Device_Library/Core/Src/usbd_core.o
                0x0000000008005820                USBD_LL_Reset
 .text.USBD_LL_SetSpeed
                0x0000000008005872        0x6 Middlewares/ST/STM32_USB_Device_Library/Core/Src/usbd_core.o
                0x0000000008005872                USBD_LL_SetSpeed
 .text.USBD_LL_Suspend
                0x0000000008005878       0x12 Middlewares/ST/STM32_USB_Device_Library/Core/Src/usbd_core.o
                0x0000000008005878                USBD_LL_Suspend
 .text.USBD_LL_Resume
                0x000000000800588a       0x16 Middlewares/ST/STM32_USB_Device_Library/Core/Src/usbd_core.o
                0x000000000800588a                USBD_LL_Resume
 .text.USBD_LL_SOF
                0x00000000080058a0       0x1c Middlewares/ST/STM32_USB_Device_Library/Core/Src/usbd_core.o
                0x00000000080058a0                USBD_LL_SOF
 .text.USBD_LL_IsoINIncomplete
                0x00000000080058bc        0x4 Middlewares/ST/STM32_USB_Device_Library/Core/Src/usbd_core.o
                0x00000000080058bc                USBD_LL_IsoINIncomplete
 .text.USBD_LL_IsoOUTIncomplete
                0x00000000080058c0        0x4 Middlewares/ST/STM32_USB_Device_Library/Core/Src/usbd_core.o
                0x00000000080058c0                USBD_LL_IsoOUTIncomplete
 .text.USBD_LL_DevConnected
                0x00000000080058c4        0x4 Middlewares/ST/STM32_USB_Device_Library/Core/Src/usbd_core.o
                0x00000000080058c4                USBD_LL_DevConnected
 .text.USBD_LL_DevDisconnected
                0x00000000080058c8       0x18 Middlewares/ST/STM32_USB_Device_Library/Core/Src/usbd_core.o
                0x00000000080058c8                USBD_LL_DevDisconnected
 .text.USBD_GetLen
                0x00000000080058e0       0x14 Middlewares/ST/STM32_USB_Device_Library/Core/Src/usbd_ctlreq.o
 .text.USBD_SetFeature
                0x00000000080058f4       0x14 Middlewares/ST/STM32_USB_Device_Library/Core/Src/usbd_ctlreq.o
 .text.USBD_ParseSetupRequest
                0x0000000008005908       0x28 Middlewares/ST/STM32_USB_Device_Library/Core/Src/usbd_ctlreq.o
                0x0000000008005908                USBD_ParseSetupRequest
 .text.USBD_CtlError
                0x0000000008005930       0x14 Middlewares/ST/STM32_USB_Device_Library/Core/Src/usbd_ctlreq.o
                0x0000000008005930                USBD_CtlError
 .text.USBD_GetDescriptor
                0x0000000008005944      0x18a Middlewares/ST/STM32_USB_Device_Library/Core/Src/usbd_ctlreq.o
 .text.USBD_SetAddress
                0x0000000008005ace       0x4e Middlewares/ST/STM32_USB_Device_Library/Core/Src/usbd_ctlreq.o
 .text.USBD_SetConfig
                0x0000000008005b1c       0xc8 Middlewares/ST/STM32_USB_Device_Library/Core/Src/usbd_ctlreq.o
 .text.USBD_GetConfig
                0x0000000008005be4       0x3c Middlewares/ST/STM32_USB_Device_Library/Core/Src/usbd_ctlreq.o
 .text.USBD_GetStatus
                0x0000000008005c20       0x38 Middlewares/ST/STM32_USB_Device_Library/Core/Src/usbd_ctlreq.o
 .text.USBD_ClrFeature
                0x0000000008005c58       0x26 Middlewares/ST/STM32_USB_Device_Library/Core/Src/usbd_ctlreq.o
 .text.USBD_StdDevReq
                0x0000000008005c7e       0x76 Middlewares/ST/STM32_USB_Device_Library/Core/Src/usbd_ctlreq.o
                0x0000000008005c7e                USBD_StdDevReq
 .text.USBD_StdItfReq
                0x0000000008005cf4       0x68 Middlewares/ST/STM32_USB_Device_Library/Core/Src/usbd_ctlreq.o
                0x0000000008005cf4                USBD_StdItfReq
 .text.USBD_StdEPReq
                0x0000000008005d5c      0x202 Middlewares/ST/STM32_USB_Device_Library/Core/Src/usbd_ctlreq.o
                0x0000000008005d5c                USBD_StdEPReq
 .text.USBD_GetString
                0x0000000008005f5e       0x38 Middlewares/ST/STM32_USB_Device_Library/Core/Src/usbd_ctlreq.o
                0x0000000008005f5e                USBD_GetString
 .text.USBD_CtlSendData
                0x0000000008005f96       0x1a Middlewares/ST/STM32_USB_Device_Library/Core/Src/usbd_ioreq.o
                0x0000000008005f96                USBD_CtlSendData
 .text.USBD_CtlContinueSendData
                0x0000000008005fb0       0x10 Middlewares/ST/STM32_USB_Device_Library/Core/Src/usbd_ioreq.o
                0x0000000008005fb0                USBD_CtlContinueSendData
 .text.USBD_CtlPrepareRx
                0x0000000008005fc0       0x1e Middlewares/ST/STM32_USB_Device_Library/Core/Src/usbd_ioreq.o
                0x0000000008005fc0                USBD_CtlPrepareRx
 .text.USBD_CtlContinueRx
                0x0000000008005fde       0x10 Middlewares/ST/STM32_USB_Device_Library/Core/Src/usbd_ioreq.o
                0x0000000008005fde                USBD_CtlContinueRx
 .text.USBD_CtlSendStatus
                0x0000000008005fee       0x16 Middlewares/ST/STM32_USB_Device_Library/Core/Src/usbd_ioreq.o
                0x0000000008005fee                USBD_CtlSendStatus
 .text.USBD_CtlReceiveStatus
                0x0000000008006004       0x16 Middlewares/ST/STM32_USB_Device_Library/Core/Src/usbd_ioreq.o
                0x0000000008006004                USBD_CtlReceiveStatus
 *fill*         0x000000000800601a        0x2 
 .text.MX_PDM2PCM_Init
                0x000000000800601c       0x3c PDM2PCM/App/pdm2pcm.o
                0x000000000800601c                MX_PDM2PCM_Init
 .text.MX_USB_DEVICE_Init
                0x0000000008006058       0x54 USB_DEVICE/App/usb_device.o
                0x0000000008006058                MX_USB_DEVICE_Init
 .text.CDC_DeInit_FS
                0x00000000080060ac        0x4 USB_DEVICE/App/usbd_cdc_if.o
 .text.CDC_Control_FS
                0x00000000080060b0        0x4 USB_DEVICE/App/usbd_cdc_if.o
 .text.CDC_TransmitCplt_FS
                0x00000000080060b4        0x4 USB_DEVICE/App/usbd_cdc_if.o
 .text.CDC_Receive_FS
                0x00000000080060b8       0x1c USB_DEVICE/App/usbd_cdc_if.o
 .text.CDC_Init_FS
                0x00000000080060d4       0x28 USB_DEVICE/App/usbd_cdc_if.o
 .text.CDC_Transmit_FS
                0x00000000080060fc       0x2c USB_DEVICE/App/usbd_cdc_if.o
                0x00000000080060fc                CDC_Transmit_FS
 .text.USBD_FS_DeviceDescriptor
                0x0000000008006128        0xc USB_DEVICE/App/usbd_desc.o
                0x0000000008006128                USBD_FS_DeviceDescriptor
 .text.USBD_FS_LangIDStrDescriptor
                0x0000000008006134        0xc USB_DEVICE/App/usbd_desc.o
                0x0000000008006134                USBD_FS_LangIDStrDescriptor
 .text.IntToUnicode
                0x0000000008006140       0x36 USB_DEVICE/App/usbd_desc.o
 *fill*         0x0000000008006176        0x2 
 .text.Get_SerialNum
                0x0000000008006178       0x38 USB_DEVICE/App/usbd_desc.o
 .text.USBD_FS_SerialStrDescriptor
                0x00000000080061b0       0x14 USB_DEVICE/App/usbd_desc.o
                0x00000000080061b0                USBD_FS_SerialStrDescriptor
 .text.USBD_FS_ProductStrDescriptor
                0x00000000080061c4       0x24 USB_DEVICE/App/usbd_desc.o
                0x00000000080061c4                USBD_FS_ProductStrDescriptor
 .text.USBD_FS_ManufacturerStrDescriptor
                0x00000000080061e8       0x1c USB_DEVICE/App/usbd_desc.o
                0x00000000080061e8                USBD_FS_ManufacturerStrDescriptor
 .text.USBD_FS_ConfigStrDescriptor
                0x0000000008006204       0x24 USB_DEVICE/App/usbd_desc.o
                0x0000000008006204                USBD_FS_ConfigStrDescriptor
 .text.USBD_FS_InterfaceStrDescriptor
                0x0000000008006228       0x24 USB_DEVICE/App/usbd_desc.o
                0x0000000008006228                USBD_FS_InterfaceStrDescriptor
 .text.HAL_PCD_MspInit
                0x000000000800624c       0x9c USB_DEVICE/Target/usbd_conf.o
                0x000000000800624c                HAL_PCD_MspInit
 .text.HAL_PCD_SetupStageCallback
                0x00000000080062e8       0x10 USB_DEVICE/Target/usbd_conf.o
                0x00000000080062e8                HAL_PCD_SetupStageCallback
 .text.HAL_PCD_DataOutStageCallback
                0x00000000080062f8       0x18 USB_DEVICE/Target/usbd_conf.o
                0x00000000080062f8                HAL_PCD_DataOutStageCallback
 .text.HAL_PCD_DataInStageCallback
                0x0000000008006310       0x16 USB_DEVICE/Target/usbd_conf.o
                0x0000000008006310                HAL_PCD_DataInStageCallback
 .text.HAL_PCD_SOFCallback
                0x0000000008006326        0xc USB_DEVICE/Target/usbd_conf.o
                0x0000000008006326                HAL_PCD_SOFCallback
 .text.HAL_PCD_ResetCallback
                0x0000000008006332       0x22 USB_DEVICE/Target/usbd_conf.o
                0x0000000008006332                HAL_PCD_ResetCallback
 .text.HAL_PCD_SuspendCallback
                0x0000000008006354       0x30 USB_DEVICE/Target/usbd_conf.o
                0x0000000008006354                HAL_PCD_SuspendCallback
 .text.HAL_PCD_ResumeCallback
                0x0000000008006384        0xc USB_DEVICE/Target/usbd_conf.o
                0x0000000008006384                HAL_PCD_ResumeCallback
 .text.HAL_PCD_ISOOUTIncompleteCallback
                0x0000000008006390        0xc USB_DEVICE/Target/usbd_conf.o
                0x0000000008006390                HAL_PCD_ISOOUTIncompleteCallback
 .text.HAL_PCD_ISOINIncompleteCallback
                0x000000000800639c        0xc USB_DEVICE/Target/usbd_conf.o
                0x000000000800639c                HAL_PCD_ISOINIncompleteCallback
 .text.HAL_PCD_ConnectCallback
                0x00000000080063a8        0xc USB_DEVICE/Target/usbd_conf.o
                0x00000000080063a8                HAL_PCD_ConnectCallback
 .text.HAL_PCD_DisconnectCallback
                0x00000000080063b4        0xc USB_DEVICE/Target/usbd_conf.o
                0x00000000080063b4                HAL_PCD_DisconnectCallback
 .text.USBD_LL_Init
                0x00000000080063c0       0x68 USB_DEVICE/Target/usbd_conf.o
                0x00000000080063c0                USBD_LL_Init
 .text.USBD_LL_IsStallEP
                0x0000000008006428       0x2e USB_DEVICE/Target/usbd_conf.o
                0x0000000008006428                USBD_LL_IsStallEP
 .text.USBD_LL_GetRxDataSize
                0x0000000008006456        0xc USB_DEVICE/Target/usbd_conf.o
                0x0000000008006456                USBD_LL_GetRxDataSize
 .text.USBD_Get_USB_Status
                0x0000000008006462       0x12 USB_DEVICE/Target/usbd_conf.o
                0x0000000008006462                USBD_Get_USB_Status
 .text.USBD_LL_Start
                0x0000000008006474       0x10 USB_DEVICE/Target/usbd_conf.o
                0x0000000008006474                USBD_LL_Start
 .text.USBD_LL_OpenEP
                0x0000000008006484       0x16 USB_DEVICE/Target/usbd_conf.o
                0x0000000008006484                USBD_LL_OpenEP
 .text.USBD_LL_CloseEP
                0x000000000800649a       0x10 USB_DEVICE/Target/usbd_conf.o
                0x000000000800649a                USBD_LL_CloseEP
 .text.USBD_LL_StallEP
                0x00000000080064aa       0x10 USB_DEVICE/Target/usbd_conf.o
                0x00000000080064aa                USBD_LL_StallEP
 .text.USBD_LL_ClearStallEP
                0x00000000080064ba       0x10 USB_DEVICE/Target/usbd_conf.o
                0x00000000080064ba                USBD_LL_ClearStallEP
 .text.USBD_LL_SetUSBAddress
                0x00000000080064ca       0x10 USB_DEVICE/Target/usbd_conf.o
                0x00000000080064ca                USBD_LL_SetUSBAddress
 .text.USBD_LL_Transmit
                0x00000000080064da       0x10 USB_DEVICE/Target/usbd_conf.o
                0x00000000080064da                USBD_LL_Transmit
 .text.USBD_LL_PrepareReceive
                0x00000000080064ea       0x10 USB_DEVICE/Target/usbd_conf.o
                0x00000000080064ea                USBD_LL_PrepareReceive
 *fill*         0x00000000080064fa        0x2 
 .text.Reset_Handler
                0x00000000080064fc       0x50 startup/startup_stm32f411xe.o
                0x00000000080064fc                Reset_Handler
 .text.Default_Handler
                0x000000000800654c        0x2 startup/startup_stm32f411xe.o
                0x000000000800654c                RTC_Alarm_IRQHandler
                0x000000000800654c                EXTI2_IRQHandler
                0x000000000800654c                SPI4_IRQHandler
                0x000000000800654c                TIM1_CC_IRQHandler
                0x000000000800654c                DMA2_Stream5_IRQHandler
                0x000000000800654c                DMA1_Stream5_IRQHandler
                0x000000000800654c                PVD_IRQHandler
                0x000000000800654c                SDIO_IRQHandler
                0x000000000800654c                TAMP_STAMP_IRQHandler
                0x000000000800654c                EXTI3_IRQHandler
                0x000000000800654c                TIM1_UP_TIM10_IRQHandler
                0x000000000800654c                I2C3_ER_IRQHandler
                0x000000000800654c                EXTI0_IRQHandler
                0x000000000800654c                I2C2_EV_IRQHandler
                0x000000000800654c                DMA1_Stream2_IRQHandler
                0x000000000800654c                FPU_IRQHandler
                0x000000000800654c                DMA2_Stream2_IRQHandler
                0x000000000800654c                SPI1_IRQHandler
                0x000000000800654c                TIM1_BRK_TIM9_IRQHandler
                0x000000000800654c                DMA2_Stream3_IRQHandler
                0x000000000800654c                USART6_IRQHandler
                0x000000000800654c                DMA2_Stream0_IRQHandler
                0x000000000800654c                TIM4_IRQHandler
                0x000000000800654c                I2C1_EV_IRQHandler
                0x000000000800654c                DMA1_Stream6_IRQHandler
                0x000000000800654c                DMA1_Stream1_IRQHandler
                0x000000000800654c                TIM3_IRQHandler
                0x000000000800654c                RCC_IRQHandler
                0x000000000800654c                Default_Handler
                0x000000000800654c                EXTI15_10_IRQHandler
                0x000000000800654c                ADC_IRQHandler
                0x000000000800654c                DMA1_Stream7_IRQHandler
                0x000000000800654c                SPI5_IRQHandler
                0x000000000800654c                TIM5_IRQHandler
                0x000000000800654c                DMA2_Stream7_IRQHandler
                0x000000000800654c                I2C3_EV_IRQHandler
                0x000000000800654c                EXTI9_5_IRQHandler
                0x000000000800654c                RTC_WKUP_IRQHandler
                0x000000000800654c                SPI2_IRQHandler
                0x000000000800654c                DMA1_Stream0_IRQHandler
                0x000000000800654c                EXTI4_IRQHandler
                0x000000000800654c                WWDG_IRQHandler
                0x000000000800654c                TIM2_IRQHandler
                0x000000000800654c                OTG_FS_WKUP_IRQHandler
                0x000000000800654c                TIM1_TRG_COM_TIM11_IRQHandler
                0x000000000800654c                EXTI1_IRQHandler
                0x000000000800654c                USART2_IRQHandler
                0x000000000800654c                I2C2_ER_IRQHandler
                0x000000000800654c                DMA2_Stream1_IRQHandler
                0x000000000800654c                FLASH_IRQHandler
                0x000000000800654c                DMA2_Stream4_IRQHandler
                0x000000000800654c                USART1_IRQHandler
                0x000000000800654c                SPI3_IRQHandler
                0x000000000800654c                DMA1_Stream4_IRQHandler
                0x000000000800654c                I2C1_ER_IRQHandler
                0x000000000800654c                DMA2_Stream6_IRQHandler
 *fill*         0x000000000800654e        0x2 
 .text.D16_GENERIC
                0x0000000008006550      0x120 /home/ilya/UCU/Grade2/POC/labs/STM32_Tune/Middlewares/ST/STM32_Audio/Addons/PDM/Lib/libPDMFilter_CM4_GCC_wc32.a(pdm_filter.o)
 .text.D24_GENERIC
                0x0000000008006670      0x190 /home/ilya/UCU/Grade2/POC/labs/STM32_Tune/Middlewares/ST/STM32_Audio/Addons/PDM/Lib/libPDMFilter_CM4_GCC_wc32.a(pdm_filter.o)
 .text.D32_GENERIC
                0x0000000008006800      0x198 /home/ilya/UCU/Grade2/POC/labs/STM32_Tune/Middlewares/ST/STM32_Audio/Addons/PDM/Lib/libPDMFilter_CM4_GCC_wc32.a(pdm_filter.o)
 .text.D48_GENERIC
                0x0000000008006998      0x1ec /home/ilya/UCU/Grade2/POC/labs/STM32_Tune/Middlewares/ST/STM32_Audio/Addons/PDM/Lib/libPDMFilter_CM4_GCC_wc32.a(pdm_filter.o)
 .text.D64_GENERIC
                0x0000000008006b84      0x220 /home/ilya/UCU/Grade2/POC/labs/STM32_Tune/Middlewares/ST/STM32_Audio/Addons/PDM/Lib/libPDMFilter_CM4_GCC_wc32.a(pdm_filter.o)
 .text.D80_GENERIC
                0x0000000008006da4      0x2a0 /home/ilya/UCU/Grade2/POC/labs/STM32_Tune/Middlewares/ST/STM32_Audio/Addons/PDM/Lib/libPDMFilter_CM4_GCC_wc32.a(pdm_filter.o)
 .text.D128_GENERIC
                0x0000000008007044      0x3f0 /home/ilya/UCU/Grade2/POC/labs/STM32_Tune/Middlewares/ST/STM32_Audio/Addons/PDM/Lib/libPDMFilter_CM4_GCC_wc32.a(pdm_filter.o)
 .text.D16_1CH_HTONS_VOL_HP
                0x0000000008007434       0xe4 /home/ilya/UCU/Grade2/POC/labs/STM32_Tune/Middlewares/ST/STM32_Audio/Addons/PDM/Lib/libPDMFilter_CM4_GCC_wc32.a(pdm_filter.o)
 .text.D24_1CH_HTONS_VOL_HP
                0x0000000008007518      0x138 /home/ilya/UCU/Grade2/POC/labs/STM32_Tune/Middlewares/ST/STM32_Audio/Addons/PDM/Lib/libPDMFilter_CM4_GCC_wc32.a(pdm_filter.o)
 .text.D32_1CH_HTONS_VOL_HP
                0x0000000008007650      0x144 /home/ilya/UCU/Grade2/POC/labs/STM32_Tune/Middlewares/ST/STM32_Audio/Addons/PDM/Lib/libPDMFilter_CM4_GCC_wc32.a(pdm_filter.o)
 .text.D48_1CH_HTONS_VOL_HP
                0x0000000008007794      0x16c /home/ilya/UCU/Grade2/POC/labs/STM32_Tune/Middlewares/ST/STM32_Audio/Addons/PDM/Lib/libPDMFilter_CM4_GCC_wc32.a(pdm_filter.o)
 .text.D64_1CH_HTONS_VOL_HP
                0x0000000008007900      0x1b8 /home/ilya/UCU/Grade2/POC/labs/STM32_Tune/Middlewares/ST/STM32_Audio/Addons/PDM/Lib/libPDMFilter_CM4_GCC_wc32.a(pdm_filter.o)
 .text.D80_1CH_HTONS_VOL_HP
                0x0000000008007ab8      0x214 /home/ilya/UCU/Grade2/POC/labs/STM32_Tune/Middlewares/ST/STM32_Audio/Addons/PDM/Lib/libPDMFilter_CM4_GCC_wc32.a(pdm_filter.o)
 .text.D128_1CH_HTONS_VOL_HP
                0x0000000008007ccc      0x324 /home/ilya/UCU/Grade2/POC/labs/STM32_Tune/Middlewares/ST/STM32_Audio/Addons/PDM/Lib/libPDMFilter_CM4_GCC_wc32.a(pdm_filter.o)
 .text.PDM_Filter_Init
                0x0000000008007ff0      0x114 /home/ilya/UCU/Grade2/POC/labs/STM32_Tune/Middlewares/ST/STM32_Audio/Addons/PDM/Lib/libPDMFilter_CM4_GCC_wc32.a(pdm_filter.o)
                0x0000000008007ff0                PDM_Filter_Init
 .text.PDM_Filter_setConfig
                0x0000000008008104      0x1e4 /home/ilya/UCU/Grade2/POC/labs/STM32_Tune/Middlewares/ST/STM32_Audio/Addons/PDM/Lib/libPDMFilter_CM4_GCC_wc32.a(pdm_filter.o)
                0x0000000008008104                PDM_Filter_setConfig
 .text.PDM_Filter
                0x00000000080082e8       0x38 /home/ilya/UCU/Grade2/POC/labs/STM32_Tune/Middlewares/ST/STM32_Audio/Addons/PDM/Lib/libPDMFilter_CM4_GCC_wc32.a(pdm_filter.o)
                0x00000000080082e8                PDM_Filter
 .text.CRC_Lock
                0x0000000008008320       0x7c /home/ilya/UCU/Grade2/POC/labs/STM32_Tune/Middlewares/ST/STM32_Audio/Addons/PDM/Lib/libPDMFilter_CM4_GCC_wc32.a(stm32_crc_lock.o)
                0x0000000008008320                CRC_Lock
 .text.arm_rfft_fast_init_f32
                0x000000000800839c      0x108 /home/ilya/UCU/Grade2/POC/labs/STM32_Tune/libs/CMSIS-master/CMSIS/Lib/GCC/libarm_cortexM4lf_math.a(arm_rfft_fast_init_f32.o)
                0x000000000800839c                arm_rfft_fast_init_f32
 .text.arm_rfft_fast_f32
                0x00000000080084a4      0x188 /home/ilya/UCU/Grade2/POC/labs/STM32_Tune/libs/CMSIS-master/CMSIS/Lib/GCC/libarm_cortexM4lf_math.a(arm_rfft_fast_f32.o)
                0x00000000080084a4                arm_rfft_fast_f32
 .text.arm_cfft_radix8by2_f32
                0x000000000800862c      0x1a4 /home/ilya/UCU/Grade2/POC/labs/STM32_Tune/libs/CMSIS-master/CMSIS/Lib/GCC/libarm_cortexM4lf_math.a(arm_cfft_f32.o)
                0x000000000800862c                arm_cfft_radix8by2_f32
 .text.arm_cfft_radix8by4_f32
                0x00000000080087d0      0x4bc /home/ilya/UCU/Grade2/POC/labs/STM32_Tune/libs/CMSIS-master/CMSIS/Lib/GCC/libarm_cortexM4lf_math.a(arm_cfft_f32.o)
                0x00000000080087d0                arm_cfft_radix8by4_f32
 .text.arm_cfft_f32
                0x0000000008008c8c       0xf4 /home/ilya/UCU/Grade2/POC/labs/STM32_Tune/libs/CMSIS-master/CMSIS/Lib/GCC/libarm_cortexM4lf_math.a(arm_cfft_f32.o)
                0x0000000008008c8c                arm_cfft_f32
 .text.arm_radix8_butterfly_f32
                0x0000000008008d80      0x5c4 /home/ilya/UCU/Grade2/POC/labs/STM32_Tune/libs/CMSIS-master/CMSIS/Lib/GCC/libarm_cortexM4lf_math.a(arm_cfft_radix8_f32.o)
                0x0000000008008d80                arm_radix8_butterfly_f32
 .text.roundf   0x0000000008009344       0x60 /home/ilya/Ac6/SystemWorkbench/plugins/fr.ac6.mcu.externaltools.arm-none.linux64_1.17.0.201812190825/tools/compiler/bin/../lib/gcc/arm-none-eabi/7.3.1/../../../../arm-none-eabi/lib/thumb/v7e-m/fpv4-sp/hard/libm.a(lib_a-sf_round.o)
                0x0000000008009344                roundf
 .text.sqrt     0x00000000080093a4       0xb8 /home/ilya/Ac6/SystemWorkbench/plugins/fr.ac6.mcu.externaltools.arm-none.linux64_1.17.0.201812190825/tools/compiler/bin/../lib/gcc/arm-none-eabi/7.3.1/../../../../arm-none-eabi/lib/thumb/v7e-m/fpv4-sp/hard/libm.a(lib_a-w_sqrt.o)
                0x00000000080093a4                sqrt
 .text.powf     0x000000000800945c      0x324 /home/ilya/Ac6/SystemWorkbench/plugins/fr.ac6.mcu.externaltools.arm-none.linux64_1.17.0.201812190825/tools/compiler/bin/../lib/gcc/arm-none-eabi/7.3.1/../../../../arm-none-eabi/lib/thumb/v7e-m/fpv4-sp/hard/libm.a(lib_a-wf_pow.o)
                0x000000000800945c                powf
 .text.__ieee754_sqrt
                0x0000000008009780      0x194 /home/ilya/Ac6/SystemWorkbench/plugins/fr.ac6.mcu.externaltools.arm-none.linux64_1.17.0.201812190825/tools/compiler/bin/../lib/gcc/arm-none-eabi/7.3.1/../../../../arm-none-eabi/lib/thumb/v7e-m/fpv4-sp/hard/libm.a(lib_a-e_sqrt.o)
                0x0000000008009780                __ieee754_sqrt
 .text.__ieee754_powf
                0x0000000008009914      0x5e4 /home/ilya/Ac6/SystemWorkbench/plugins/fr.ac6.mcu.externaltools.arm-none.linux64_1.17.0.201812190825/tools/compiler/bin/../lib/gcc/arm-none-eabi/7.3.1/../../../../arm-none-eabi/lib/thumb/v7e-m/fpv4-sp/hard/libm.a(lib_a-ef_pow.o)
                0x0000000008009914                __ieee754_powf
 .text.__ieee754_sqrtf
                0x0000000008009ef8        0x8 /home/ilya/Ac6/SystemWorkbench/plugins/fr.ac6.mcu.externaltools.arm-none.linux64_1.17.0.201812190825/tools/compiler/bin/../lib/gcc/arm-none-eabi/7.3.1/../../../../arm-none-eabi/lib/thumb/v7e-m/fpv4-sp/hard/libm.a(lib_a-ef_sqrt.o)
                0x0000000008009ef8                __ieee754_sqrtf
 .text.matherr  0x0000000008009f00        0x4 /home/ilya/Ac6/SystemWorkbench/plugins/fr.ac6.mcu.externaltools.arm-none.linux64_1.17.0.201812190825/tools/compiler/bin/../lib/gcc/arm-none-eabi/7.3.1/../../../../arm-none-eabi/lib/thumb/v7e-m/fpv4-sp/hard/libm.a(lib_a-s_matherr.o)
                0x0000000008009f00                matherr
 .text.fabsf    0x0000000008009f04       0x10 /home/ilya/Ac6/SystemWorkbench/plugins/fr.ac6.mcu.externaltools.arm-none.linux64_1.17.0.201812190825/tools/compiler/bin/../lib/gcc/arm-none-eabi/7.3.1/../../../../arm-none-eabi/lib/thumb/v7e-m/fpv4-sp/hard/libm.a(lib_a-sf_fabs.o)
                0x0000000008009f04                fabsf
 .text.finitef  0x0000000008009f14       0x14 /home/ilya/Ac6/SystemWorkbench/plugins/fr.ac6.mcu.externaltools.arm-none.linux64_1.17.0.201812190825/tools/compiler/bin/../lib/gcc/arm-none-eabi/7.3.1/../../../../arm-none-eabi/lib/thumb/v7e-m/fpv4-sp/hard/libm.a(lib_a-sf_finite.o)
                0x0000000008009f14                finitef
 .text.nanf     0x0000000008009f28        0xc /home/ilya/Ac6/SystemWorkbench/plugins/fr.ac6.mcu.externaltools.arm-none.linux64_1.17.0.201812190825/tools/compiler/bin/../lib/gcc/arm-none-eabi/7.3.1/../../../../arm-none-eabi/lib/thumb/v7e-m/fpv4-sp/hard/libm.a(lib_a-sf_nan.o)
                0x0000000008009f28                nanf
 .text.rintf    0x0000000008009f34       0xc0 /home/ilya/Ac6/SystemWorkbench/plugins/fr.ac6.mcu.externaltools.arm-none.linux64_1.17.0.201812190825/tools/compiler/bin/../lib/gcc/arm-none-eabi/7.3.1/../../../../arm-none-eabi/lib/thumb/v7e-m/fpv4-sp/hard/libm.a(lib_a-sf_rint.o)
                0x0000000008009f34                rintf
 .text.scalbnf  0x0000000008009ff4       0xd0 /home/ilya/Ac6/SystemWorkbench/plugins/fr.ac6.mcu.externaltools.arm-none.linux64_1.17.0.201812190825/tools/compiler/bin/../lib/gcc/arm-none-eabi/7.3.1/../../../../arm-none-eabi/lib/thumb/v7e-m/fpv4-sp/hard/libm.a(lib_a-sf_scalbn.o)
                0x0000000008009ff4                scalbnf
 .text.copysignf
                0x000000000800a0c4       0x18 /home/ilya/Ac6/SystemWorkbench/plugins/fr.ac6.mcu.externaltools.arm-none.linux64_1.17.0.201812190825/tools/compiler/bin/../lib/gcc/arm-none-eabi/7.3.1/../../../../arm-none-eabi/lib/thumb/v7e-m/fpv4-sp/hard/libm.a(lib_a-sf_copysign.o)
                0x000000000800a0c4                copysignf
 .text.__errno  0x000000000800a0dc        0xc /home/ilya/Ac6/SystemWorkbench/plugins/fr.ac6.mcu.externaltools.arm-none.linux64_1.17.0.201812190825/tools/compiler/bin/../lib/gcc/arm-none-eabi/7.3.1/../../../../arm-none-eabi/lib/thumb/v7e-m/fpv4-sp/hard/libc_nano.a(lib_a-errno.o)
                0x000000000800a0dc                __errno
 .text.__libc_init_array
                0x000000000800a0e8       0x48 /home/ilya/Ac6/SystemWorkbench/plugins/fr.ac6.mcu.externaltools.arm-none.linux64_1.17.0.201812190825/tools/compiler/bin/../lib/gcc/arm-none-eabi/7.3.1/../../../../arm-none-eabi/lib/thumb/v7e-m/fpv4-sp/hard/libc_nano.a(lib_a-init.o)
                0x000000000800a0e8                __libc_init_array
 .text.malloc   0x000000000800a130       0x10 /home/ilya/Ac6/SystemWorkbench/plugins/fr.ac6.mcu.externaltools.arm-none.linux64_1.17.0.201812190825/tools/compiler/bin/../lib/gcc/arm-none-eabi/7.3.1/../../../../arm-none-eabi/lib/thumb/v7e-m/fpv4-sp/hard/libc_nano.a(lib_a-malloc.o)
                0x000000000800a130                malloc
 .text.free     0x000000000800a140       0x10 /home/ilya/Ac6/SystemWorkbench/plugins/fr.ac6.mcu.externaltools.arm-none.linux64_1.17.0.201812190825/tools/compiler/bin/../lib/gcc/arm-none-eabi/7.3.1/../../../../arm-none-eabi/lib/thumb/v7e-m/fpv4-sp/hard/libc_nano.a(lib_a-malloc.o)
                0x000000000800a140                free
 .text.memset   0x000000000800a150       0x10 /home/ilya/Ac6/SystemWorkbench/plugins/fr.ac6.mcu.externaltools.arm-none.linux64_1.17.0.201812190825/tools/compiler/bin/../lib/gcc/arm-none-eabi/7.3.1/../../../../arm-none-eabi/lib/thumb/v7e-m/fpv4-sp/hard/libc_nano.a(lib_a-memset.o)
                0x000000000800a150                memset
 .text._free_r  0x000000000800a160       0x9c /home/ilya/Ac6/SystemWorkbench/plugins/fr.ac6.mcu.externaltools.arm-none.linux64_1.17.0.201812190825/tools/compiler/bin/../lib/gcc/arm-none-eabi/7.3.1/../../../../arm-none-eabi/lib/thumb/v7e-m/fpv4-sp/hard/libc_nano.a(lib_a-nano-freer.o)
                0x000000000800a160                _free_r
 .text._malloc_r
                0x000000000800a1fc       0xb4 /home/ilya/Ac6/SystemWorkbench/plugins/fr.ac6.mcu.externaltools.arm-none.linux64_1.17.0.201812190825/tools/compiler/bin/../lib/gcc/arm-none-eabi/7.3.1/../../../../arm-none-eabi/lib/thumb/v7e-m/fpv4-sp/hard/libc_nano.a(lib_a-nano-mallocr.o)
                0x000000000800a1fc                _malloc_r
 .text.__cvt    0x000000000800a2b0       0xc2 /home/ilya/Ac6/SystemWorkbench/plugins/fr.ac6.mcu.externaltools.arm-none.linux64_1.17.0.201812190825/tools/compiler/bin/../lib/gcc/arm-none-eabi/7.3.1/../../../../arm-none-eabi/lib/thumb/v7e-m/fpv4-sp/hard/libc_nano.a(lib_a-nano-vfprintf_float.o)
                0x000000000800a2b0                __cvt
 .text.__exponent
                0x000000000800a372       0x66 /home/ilya/Ac6/SystemWorkbench/plugins/fr.ac6.mcu.externaltools.arm-none.linux64_1.17.0.201812190825/tools/compiler/bin/../lib/gcc/arm-none-eabi/7.3.1/../../../../arm-none-eabi/lib/thumb/v7e-m/fpv4-sp/hard/libc_nano.a(lib_a-nano-vfprintf_float.o)
                0x000000000800a372                __exponent
 .text._printf_float
                0x000000000800a3d8      0x480 /home/ilya/Ac6/SystemWorkbench/plugins/fr.ac6.mcu.externaltools.arm-none.linux64_1.17.0.201812190825/tools/compiler/bin/../lib/gcc/arm-none-eabi/7.3.1/../../../../arm-none-eabi/lib/thumb/v7e-m/fpv4-sp/hard/libc_nano.a(lib_a-nano-vfprintf_float.o)
                0x000000000800a3d8                _printf_float
 .text._printf_common
                0x000000000800a858       0xea /home/ilya/Ac6/SystemWorkbench/plugins/fr.ac6.mcu.externaltools.arm-none.linux64_1.17.0.201812190825/tools/compiler/bin/../lib/gcc/arm-none-eabi/7.3.1/../../../../arm-none-eabi/lib/thumb/v7e-m/fpv4-sp/hard/libc_nano.a(lib_a-nano-vfprintf_i.o)
                0x000000000800a858                _printf_common
 *fill*         0x000000000800a942        0x2 
 .text._printf_i
                0x000000000800a944      0x224 /home/ilya/Ac6/SystemWorkbench/plugins/fr.ac6.mcu.externaltools.arm-none.linux64_1.17.0.201812190825/tools/compiler/bin/../lib/gcc/arm-none-eabi/7.3.1/../../../../arm-none-eabi/lib/thumb/v7e-m/fpv4-sp/hard/libc_nano.a(lib_a-nano-vfprintf_i.o)
                0x000000000800a944                _printf_i
 .text._sbrk_r  0x000000000800ab68       0x20 /home/ilya/Ac6/SystemWorkbench/plugins/fr.ac6.mcu.externaltools.arm-none.linux64_1.17.0.201812190825/tools/compiler/bin/../lib/gcc/arm-none-eabi/7.3.1/../../../../arm-none-eabi/lib/thumb/v7e-m/fpv4-sp/hard/libc_nano.a(lib_a-sbrkr.o)
                0x000000000800ab68                _sbrk_r
 .text.sprintf  0x000000000800ab88       0x40 /home/ilya/Ac6/SystemWorkbench/plugins/fr.ac6.mcu.externaltools.arm-none.linux64_1.17.0.201812190825/tools/compiler/bin/../lib/gcc/arm-none-eabi/7.3.1/../../../../arm-none-eabi/lib/thumb/v7e-m/fpv4-sp/hard/libc_nano.a(lib_a-sprintf.o)
                0x000000000800ab88                sprintf
                0x000000000800ab88                siprintf
 .text.quorem   0x000000000800abc8      0x118 /home/ilya/Ac6/SystemWorkbench/plugins/fr.ac6.mcu.externaltools.arm-none.linux64_1.17.0.201812190825/tools/compiler/bin/../lib/gcc/arm-none-eabi/7.3.1/../../../../arm-none-eabi/lib/thumb/v7e-m/fpv4-sp/hard/libc_nano.a(lib_a-dtoa.o)
 .text._dtoa_r  0x000000000800ace0      0xb70 /home/ilya/Ac6/SystemWorkbench/plugins/fr.ac6.mcu.externaltools.arm-none.linux64_1.17.0.201812190825/tools/compiler/bin/../lib/gcc/arm-none-eabi/7.3.1/../../../../arm-none-eabi/lib/thumb/v7e-m/fpv4-sp/hard/libc_nano.a(lib_a-dtoa.o)
                0x000000000800ace0                _dtoa_r
 .text._localeconv_r
                0x000000000800b850       0x1c /home/ilya/Ac6/SystemWorkbench/plugins/fr.ac6.mcu.externaltools.arm-none.linux64_1.17.0.201812190825/tools/compiler/bin/../lib/gcc/arm-none-eabi/7.3.1/../../../../arm-none-eabi/lib/thumb/v7e-m/fpv4-sp/hard/libc_nano.a(lib_a-localeconv.o)
                0x000000000800b850                _localeconv_r
 .text.memcpy   0x000000000800b86c       0x16 /home/ilya/Ac6/SystemWorkbench/plugins/fr.ac6.mcu.externaltools.arm-none.linux64_1.17.0.201812190825/tools/compiler/bin/../lib/gcc/arm-none-eabi/7.3.1/../../../../arm-none-eabi/lib/thumb/v7e-m/fpv4-sp/hard/libc_nano.a(lib_a-memcpy-stub.o)
                0x000000000800b86c                memcpy
 .text.__malloc_lock
                0x000000000800b882        0x2 /home/ilya/Ac6/SystemWorkbench/plugins/fr.ac6.mcu.externaltools.arm-none.linux64_1.17.0.201812190825/tools/compiler/bin/../lib/gcc/arm-none-eabi/7.3.1/../../../../arm-none-eabi/lib/thumb/v7e-m/fpv4-sp/hard/libc_nano.a(lib_a-mlock.o)
                0x000000000800b882                __malloc_lock
 .text.__malloc_unlock
                0x000000000800b884        0x2 /home/ilya/Ac6/SystemWorkbench/plugins/fr.ac6.mcu.externaltools.arm-none.linux64_1.17.0.201812190825/tools/compiler/bin/../lib/gcc/arm-none-eabi/7.3.1/../../../../arm-none-eabi/lib/thumb/v7e-m/fpv4-sp/hard/libc_nano.a(lib_a-mlock.o)
                0x000000000800b884                __malloc_unlock
 .text._Balloc  0x000000000800b886       0x68 /home/ilya/Ac6/SystemWorkbench/plugins/fr.ac6.mcu.externaltools.arm-none.linux64_1.17.0.201812190825/tools/compiler/bin/../lib/gcc/arm-none-eabi/7.3.1/../../../../arm-none-eabi/lib/thumb/v7e-m/fpv4-sp/hard/libc_nano.a(lib_a-mprec.o)
                0x000000000800b886                _Balloc
 .text._Bfree   0x000000000800b8ee       0x2e /home/ilya/Ac6/SystemWorkbench/plugins/fr.ac6.mcu.externaltools.arm-none.linux64_1.17.0.201812190825/tools/compiler/bin/../lib/gcc/arm-none-eabi/7.3.1/../../../../arm-none-eabi/lib/thumb/v7e-m/fpv4-sp/hard/libc_nano.a(lib_a-mprec.o)
                0x000000000800b8ee                _Bfree
 .text.__multadd
                0x000000000800b91c       0x76 /home/ilya/Ac6/SystemWorkbench/plugins/fr.ac6.mcu.externaltools.arm-none.linux64_1.17.0.201812190825/tools/compiler/bin/../lib/gcc/arm-none-eabi/7.3.1/../../../../arm-none-eabi/lib/thumb/v7e-m/fpv4-sp/hard/libc_nano.a(lib_a-mprec.o)
                0x000000000800b91c                __multadd
 .text.__hi0bits
                0x000000000800b992       0x3e /home/ilya/Ac6/SystemWorkbench/plugins/fr.ac6.mcu.externaltools.arm-none.linux64_1.17.0.201812190825/tools/compiler/bin/../lib/gcc/arm-none-eabi/7.3.1/../../../../arm-none-eabi/lib/thumb/v7e-m/fpv4-sp/hard/libc_nano.a(lib_a-mprec.o)
                0x000000000800b992                __hi0bits
 .text.__lo0bits
                0x000000000800b9d0       0x5e /home/ilya/Ac6/SystemWorkbench/plugins/fr.ac6.mcu.externaltools.arm-none.linux64_1.17.0.201812190825/tools/compiler/bin/../lib/gcc/arm-none-eabi/7.3.1/../../../../arm-none-eabi/lib/thumb/v7e-m/fpv4-sp/hard/libc_nano.a(lib_a-mprec.o)
                0x000000000800b9d0                __lo0bits
 .text.__i2b    0x000000000800ba2e       0x12 /home/ilya/Ac6/SystemWorkbench/plugins/fr.ac6.mcu.externaltools.arm-none.linux64_1.17.0.201812190825/tools/compiler/bin/../lib/gcc/arm-none-eabi/7.3.1/../../../../arm-none-eabi/lib/thumb/v7e-m/fpv4-sp/hard/libc_nano.a(lib_a-mprec.o)
                0x000000000800ba2e                __i2b
 .text.__multiply
                0x000000000800ba40      0x12c /home/ilya/Ac6/SystemWorkbench/plugins/fr.ac6.mcu.externaltools.arm-none.linux64_1.17.0.201812190825/tools/compiler/bin/../lib/gcc/arm-none-eabi/7.3.1/../../../../arm-none-eabi/lib/thumb/v7e-m/fpv4-sp/hard/libc_nano.a(lib_a-mprec.o)
                0x000000000800ba40                __multiply
 .text.__pow5mult
                0x000000000800bb6c       0x9c /home/ilya/Ac6/SystemWorkbench/plugins/fr.ac6.mcu.externaltools.arm-none.linux64_1.17.0.201812190825/tools/compiler/bin/../lib/gcc/arm-none-eabi/7.3.1/../../../../arm-none-eabi/lib/thumb/v7e-m/fpv4-sp/hard/libc_nano.a(lib_a-mprec.o)
                0x000000000800bb6c                __pow5mult
 .text.__lshift
                0x000000000800bc08       0xa8 /home/ilya/Ac6/SystemWorkbench/plugins/fr.ac6.mcu.externaltools.arm-none.linux64_1.17.0.201812190825/tools/compiler/bin/../lib/gcc/arm-none-eabi/7.3.1/../../../../arm-none-eabi/lib/thumb/v7e-m/fpv4-sp/hard/libc_nano.a(lib_a-mprec.o)
                0x000000000800bc08                __lshift
 .text.__mcmp   0x000000000800bcb0       0x34 /home/ilya/Ac6/SystemWorkbench/plugins/fr.ac6.mcu.externaltools.arm-none.linux64_1.17.0.201812190825/tools/compiler/bin/../lib/gcc/arm-none-eabi/7.3.1/../../../../arm-none-eabi/lib/thumb/v7e-m/fpv4-sp/hard/libc_nano.a(lib_a-mprec.o)
                0x000000000800bcb0                __mcmp
 .text.__mdiff  0x000000000800bce4       0xba /home/ilya/Ac6/SystemWorkbench/plugins/fr.ac6.mcu.externaltools.arm-none.linux64_1.17.0.201812190825/tools/compiler/bin/../lib/gcc/arm-none-eabi/7.3.1/../../../../arm-none-eabi/lib/thumb/v7e-m/fpv4-sp/hard/libc_nano.a(lib_a-mprec.o)
                0x000000000800bce4                __mdiff
 .text.__d2b    0x000000000800bd9e       0x9e /home/ilya/Ac6/SystemWorkbench/plugins/fr.ac6.mcu.externaltools.arm-none.linux64_1.17.0.201812190825/tools/compiler/bin/../lib/gcc/arm-none-eabi/7.3.1/../../../../arm-none-eabi/lib/thumb/v7e-m/fpv4-sp/hard/libc_nano.a(lib_a-mprec.o)
                0x000000000800bd9e                __d2b
 .text._calloc_r
                0x000000000800be3c       0x1c /home/ilya/Ac6/SystemWorkbench/plugins/fr.ac6.mcu.externaltools.arm-none.linux64_1.17.0.201812190825/tools/compiler/bin/../lib/gcc/arm-none-eabi/7.3.1/../../../../arm-none-eabi/lib/thumb/v7e-m/fpv4-sp/hard/libc_nano.a(lib_a-nano-callocr.o)
                0x000000000800be3c                _calloc_r
 .text.__ssputs_r
                0x000000000800be58       0xb4 /home/ilya/Ac6/SystemWorkbench/plugins/fr.ac6.mcu.externaltools.arm-none.linux64_1.17.0.201812190825/tools/compiler/bin/../lib/gcc/arm-none-eabi/7.3.1/../../../../arm-none-eabi/lib/thumb/v7e-m/fpv4-sp/hard/libc_nano.a(lib_a-nano-svfprintf.o)
                0x000000000800be58                __ssputs_r
 .text._svfprintf_r
                0x000000000800bf0c      0x1f0 /home/ilya/Ac6/SystemWorkbench/plugins/fr.ac6.mcu.externaltools.arm-none.linux64_1.17.0.201812190825/tools/compiler/bin/../lib/gcc/arm-none-eabi/7.3.1/../../../../arm-none-eabi/lib/thumb/v7e-m/fpv4-sp/hard/libc_nano.a(lib_a-nano-svfprintf.o)
                0x000000000800bf0c                _svfprintf_r
                0x000000000800bf0c                _svfiprintf_r
 .text.__ascii_mbtowc
                0x000000000800c0fc       0x24 /home/ilya/Ac6/SystemWorkbench/plugins/fr.ac6.mcu.externaltools.arm-none.linux64_1.17.0.201812190825/tools/compiler/bin/../lib/gcc/arm-none-eabi/7.3.1/../../../../arm-none-eabi/lib/thumb/v7e-m/fpv4-sp/hard/libc_nano.a(lib_a-mbtowc_r.o)
                0x000000000800c0fc                __ascii_mbtowc
 .text.memmove  0x000000000800c120       0x32 /home/ilya/Ac6/SystemWorkbench/plugins/fr.ac6.mcu.externaltools.arm-none.linux64_1.17.0.201812190825/tools/compiler/bin/../lib/gcc/arm-none-eabi/7.3.1/../../../../arm-none-eabi/lib/thumb/v7e-m/fpv4-sp/hard/libc_nano.a(lib_a-memmove.o)
                0x000000000800c120                memmove
 .text._realloc_r
                0x000000000800c152       0x4c /home/ilya/Ac6/SystemWorkbench/plugins/fr.ac6.mcu.externaltools.arm-none.linux64_1.17.0.201812190825/tools/compiler/bin/../lib/gcc/arm-none-eabi/7.3.1/../../../../arm-none-eabi/lib/thumb/v7e-m/fpv4-sp/hard/libc_nano.a(lib_a-nano-reallocr.o)
                0x000000000800c152                _realloc_r
 .text.__ascii_wctomb
                0x000000000800c19e       0x1a /home/ilya/Ac6/SystemWorkbench/plugins/fr.ac6.mcu.externaltools.arm-none.linux64_1.17.0.201812190825/tools/compiler/bin/../lib/gcc/arm-none-eabi/7.3.1/../../../../arm-none-eabi/lib/thumb/v7e-m/fpv4-sp/hard/libc_nano.a(lib_a-wctomb_r.o)
                0x000000000800c19e                __ascii_wctomb
 .text._malloc_usable_size_r
                0x000000000800c1b8       0x10 /home/ilya/Ac6/SystemWorkbench/plugins/fr.ac6.mcu.externaltools.arm-none.linux64_1.17.0.201812190825/tools/compiler/bin/../lib/gcc/arm-none-eabi/7.3.1/../../../../arm-none-eabi/lib/thumb/v7e-m/fpv4-sp/hard/libc_nano.a(lib_a-nano-msizer.o)
                0x000000000800c1b8                _malloc_usable_size_r
 *(.glue_7)
 .glue_7        0x000000000800c1c8        0x0 linker stubs
 *(.glue_7t)
 .glue_7t       0x000000000800c1c8        0x0 linker stubs
 *(.eh_frame)
 .eh_frame      0x000000000800c1c8        0x0 /home/ilya/Ac6/SystemWorkbench/plugins/fr.ac6.mcu.externaltools.arm-none.linux64_1.17.0.201812190825/tools/compiler/bin/../lib/gcc/arm-none-eabi/7.3.1/thumb/v7e-m/fpv4-sp/hard/crtbegin.o
 *(.init)
 .init          0x000000000800c1c8        0x4 /home/ilya/Ac6/SystemWorkbench/plugins/fr.ac6.mcu.externaltools.arm-none.linux64_1.17.0.201812190825/tools/compiler/bin/../lib/gcc/arm-none-eabi/7.3.1/thumb/v7e-m/fpv4-sp/hard/crti.o
                0x000000000800c1c8                _init
 .init          0x000000000800c1cc        0x8 /home/ilya/Ac6/SystemWorkbench/plugins/fr.ac6.mcu.externaltools.arm-none.linux64_1.17.0.201812190825/tools/compiler/bin/../lib/gcc/arm-none-eabi/7.3.1/thumb/v7e-m/fpv4-sp/hard/crtn.o
 *(.fini)
 .fini          0x000000000800c1d4        0x4 /home/ilya/Ac6/SystemWorkbench/plugins/fr.ac6.mcu.externaltools.arm-none.linux64_1.17.0.201812190825/tools/compiler/bin/../lib/gcc/arm-none-eabi/7.3.1/thumb/v7e-m/fpv4-sp/hard/crti.o
                0x000000000800c1d4                _fini
 .fini          0x000000000800c1d8        0x8 /home/ilya/Ac6/SystemWorkbench/plugins/fr.ac6.mcu.externaltools.arm-none.linux64_1.17.0.201812190825/tools/compiler/bin/../lib/gcc/arm-none-eabi/7.3.1/thumb/v7e-m/fpv4-sp/hard/crtn.o
                0x000000000800c1e0                . = ALIGN (0x4)
                0x000000000800c1e0                _etext = .

.vfp11_veneer   0x000000000800c1e0        0x0
 .vfp11_veneer  0x000000000800c1e0        0x0 linker stubs

.v4_bx          0x000000000800c1e0        0x0
 .v4_bx         0x000000000800c1e0        0x0 linker stubs

.iplt           0x000000000800c1e0        0x0
 .iplt          0x000000000800c1e0        0x0 /home/ilya/Ac6/SystemWorkbench/plugins/fr.ac6.mcu.externaltools.arm-none.linux64_1.17.0.201812190825/tools/compiler/bin/../lib/gcc/arm-none-eabi/7.3.1/thumb/v7e-m/fpv4-sp/hard/crtbegin.o

.rodata         0x000000000800c1e0    0x139d0
                0x000000000800c1e0                . = ALIGN (0x4)
 *(.rodata)
 .rodata        0x000000000800c1e0       0x18 Core/Src/system_stm32f4xx.o
                0x000000000800c1e0                AHBPrescTable
                0x000000000800c1f0                APBPrescTable
 .rodata        0x000000000800c1f8        0x8 Drivers/STM32F4xx_HAL_Driver/Src/stm32f4xx_hal_dma.o
 .rodata        0x000000000800c200       0x38 /home/ilya/UCU/Grade2/POC/labs/STM32_Tune/Middlewares/ST/STM32_Audio/Addons/PDM/Lib/libPDMFilter_CM4_GCC_wc32.a(pdm_filter.o)
 *(.rodata*)
 .rodata.str1.4
                0x000000000800c238       0x28 Core/Src/main.o
 .rodata.str1.4
                0x000000000800c260       0x3b Drivers/STM32F4xx_HAL_Driver/Src/stm32f4xx_hal_cortex.o
 *fill*         0x000000000800c29b        0x1 
 .rodata.str1.4
                0x000000000800c29c       0x38 Drivers/STM32F4xx_HAL_Driver/Src/stm32f4xx_hal_crc.o
 .rodata.str1.4
                0x000000000800c2d4       0x38 Drivers/STM32F4xx_HAL_Driver/Src/stm32f4xx_hal_dma.o
 .rodata.str1.4
                0x000000000800c30c       0x39 Drivers/STM32F4xx_HAL_Driver/Src/stm32f4xx_hal_gpio.o
 *fill*         0x000000000800c345        0x3 
 .rodata.str1.4
                0x000000000800c348       0x38 Drivers/STM32F4xx_HAL_Driver/Src/stm32f4xx_hal_i2c.o
 .rodata.str1.4
                0x000000000800c380       0x38 Drivers/STM32F4xx_HAL_Driver/Src/stm32f4xx_hal_i2s.o
 .rodata.str1.4
                0x000000000800c3b8       0x38 Drivers/STM32F4xx_HAL_Driver/Src/stm32f4xx_hal_pcd.o
 .rodata.str1.4
                0x000000000800c3f0       0x38 Drivers/STM32F4xx_HAL_Driver/Src/stm32f4xx_hal_rcc.o
 .rodata.str1.4
                0x000000000800c428       0x3b Drivers/STM32F4xx_HAL_Driver/Src/stm32f4xx_hal_rcc_ex.o
 *fill*         0x000000000800c463        0x1 
 .rodata.str1.4
                0x000000000800c464       0x38 Drivers/STM32F4xx_HAL_Driver/Src/stm32f4xx_hal_spi.o
 .rodata.str1.4
                0x000000000800c49c       0x46 USB_DEVICE/App/usbd_desc.o
 *fill*         0x000000000800c4e2        0x2 
 .rodata.twiddleCoef_2048
                0x000000000800c4e4     0x4000 /home/ilya/UCU/Grade2/POC/labs/STM32_Tune/libs/CMSIS-master/CMSIS/Lib/GCC/libarm_cortexM4lf_math.a(arm_common_tables.o)
                0x000000000800c4e4                twiddleCoef_2048
 .rodata.twiddleCoef_rfft_64
                0x00000000080104e4      0x100 /home/ilya/UCU/Grade2/POC/labs/STM32_Tune/libs/CMSIS-master/CMSIS/Lib/GCC/libarm_cortexM4lf_math.a(arm_common_tables.o)
                0x00000000080104e4                twiddleCoef_rfft_64
 .rodata.armBitRevIndexTable64
                0x00000000080105e4       0x70 /home/ilya/UCU/Grade2/POC/labs/STM32_Tune/libs/CMSIS-master/CMSIS/Lib/GCC/libarm_cortexM4lf_math.a(arm_common_tables.o)
                0x00000000080105e4                armBitRevIndexTable64
 .rodata.twiddleCoef_rfft_2048
                0x0000000008010654     0x2000 /home/ilya/UCU/Grade2/POC/labs/STM32_Tune/libs/CMSIS-master/CMSIS/Lib/GCC/libarm_cortexM4lf_math.a(arm_common_tables.o)
                0x0000000008010654                twiddleCoef_rfft_2048
 .rodata.twiddleCoef_rfft_4096
                0x0000000008012654     0x4000 /home/ilya/UCU/Grade2/POC/labs/STM32_Tune/libs/CMSIS-master/CMSIS/Lib/GCC/libarm_cortexM4lf_math.a(arm_common_tables.o)
                0x0000000008012654                twiddleCoef_rfft_4096
 .rodata.twiddleCoef_256
                0x0000000008016654      0x800 /home/ilya/UCU/Grade2/POC/labs/STM32_Tune/libs/CMSIS-master/CMSIS/Lib/GCC/libarm_cortexM4lf_math.a(arm_common_tables.o)
                0x0000000008016654                twiddleCoef_256
 .rodata.twiddleCoef_16
                0x0000000008016e54       0x80 /home/ilya/UCU/Grade2/POC/labs/STM32_Tune/libs/CMSIS-master/CMSIS/Lib/GCC/libarm_cortexM4lf_math.a(arm_common_tables.o)
                0x0000000008016e54                twiddleCoef_16
 .rodata.twiddleCoef_1024
                0x0000000008016ed4     0x2000 /home/ilya/UCU/Grade2/POC/labs/STM32_Tune/libs/CMSIS-master/CMSIS/Lib/GCC/libarm_cortexM4lf_math.a(arm_common_tables.o)
                0x0000000008016ed4                twiddleCoef_1024
 .rodata.twiddleCoef_32
                0x0000000008018ed4      0x100 /home/ilya/UCU/Grade2/POC/labs/STM32_Tune/libs/CMSIS-master/CMSIS/Lib/GCC/libarm_cortexM4lf_math.a(arm_common_tables.o)
                0x0000000008018ed4                twiddleCoef_32
 .rodata.armBitRevIndexTable1024
                0x0000000008018fd4      0xe10 /home/ilya/UCU/Grade2/POC/labs/STM32_Tune/libs/CMSIS-master/CMSIS/Lib/GCC/libarm_cortexM4lf_math.a(arm_common_tables.o)
                0x0000000008018fd4                armBitRevIndexTable1024
 .rodata.armBitRevIndexTable16
                0x0000000008019de4       0x28 /home/ilya/UCU/Grade2/POC/labs/STM32_Tune/libs/CMSIS-master/CMSIS/Lib/GCC/libarm_cortexM4lf_math.a(arm_common_tables.o)
                0x0000000008019de4                armBitRevIndexTable16
 .rodata.twiddleCoef_rfft_32
                0x0000000008019e0c       0x80 /home/ilya/UCU/Grade2/POC/labs/STM32_Tune/libs/CMSIS-master/CMSIS/Lib/GCC/libarm_cortexM4lf_math.a(arm_common_tables.o)
                0x0000000008019e0c                twiddleCoef_rfft_32
 .rodata.armBitRevIndexTable32
                0x0000000008019e8c       0x60 /home/ilya/UCU/Grade2/POC/labs/STM32_Tune/libs/CMSIS-master/CMSIS/Lib/GCC/libarm_cortexM4lf_math.a(arm_common_tables.o)
                0x0000000008019e8c                armBitRevIndexTable32
 .rodata.twiddleCoef_128
                0x0000000008019eec      0x400 /home/ilya/UCU/Grade2/POC/labs/STM32_Tune/libs/CMSIS-master/CMSIS/Lib/GCC/libarm_cortexM4lf_math.a(arm_common_tables.o)
                0x0000000008019eec                twiddleCoef_128
 .rodata.twiddleCoef_512
                0x000000000801a2ec     0x1000 /home/ilya/UCU/Grade2/POC/labs/STM32_Tune/libs/CMSIS-master/CMSIS/Lib/GCC/libarm_cortexM4lf_math.a(arm_common_tables.o)
                0x000000000801a2ec                twiddleCoef_512
 .rodata.armBitRevIndexTable2048
                0x000000000801b2ec     0x1dc0 /home/ilya/UCU/Grade2/POC/labs/STM32_Tune/libs/CMSIS-master/CMSIS/Lib/GCC/libarm_cortexM4lf_math.a(arm_common_tables.o)
                0x000000000801b2ec                armBitRevIndexTable2048
 .rodata.twiddleCoef_64
                0x000000000801d0ac      0x200 /home/ilya/UCU/Grade2/POC/labs/STM32_Tune/libs/CMSIS-master/CMSIS/Lib/GCC/libarm_cortexM4lf_math.a(arm_common_tables.o)
                0x000000000801d0ac                twiddleCoef_64
 .rodata.twiddleCoef_rfft_512
                0x000000000801d2ac      0x800 /home/ilya/UCU/Grade2/POC/labs/STM32_Tune/libs/CMSIS-master/CMSIS/Lib/GCC/libarm_cortexM4lf_math.a(arm_common_tables.o)
                0x000000000801d2ac                twiddleCoef_rfft_512
 .rodata.armBitRevIndexTable512
                0x000000000801daac      0x380 /home/ilya/UCU/Grade2/POC/labs/STM32_Tune/libs/CMSIS-master/CMSIS/Lib/GCC/libarm_cortexM4lf_math.a(arm_common_tables.o)
                0x000000000801daac                armBitRevIndexTable512
 .rodata.twiddleCoef_rfft_1024
                0x000000000801de2c     0x1000 /home/ilya/UCU/Grade2/POC/labs/STM32_Tune/libs/CMSIS-master/CMSIS/Lib/GCC/libarm_cortexM4lf_math.a(arm_common_tables.o)
                0x000000000801de2c                twiddleCoef_rfft_1024
 .rodata.twiddleCoef_rfft_256
                0x000000000801ee2c      0x400 /home/ilya/UCU/Grade2/POC/labs/STM32_Tune/libs/CMSIS-master/CMSIS/Lib/GCC/libarm_cortexM4lf_math.a(arm_common_tables.o)
                0x000000000801ee2c                twiddleCoef_rfft_256
 .rodata.armBitRevIndexTable256
                0x000000000801f22c      0x370 /home/ilya/UCU/Grade2/POC/labs/STM32_Tune/libs/CMSIS-master/CMSIS/Lib/GCC/libarm_cortexM4lf_math.a(arm_common_tables.o)
                0x000000000801f22c                armBitRevIndexTable256
 .rodata.twiddleCoef_rfft_128
                0x000000000801f59c      0x200 /home/ilya/UCU/Grade2/POC/labs/STM32_Tune/libs/CMSIS-master/CMSIS/Lib/GCC/libarm_cortexM4lf_math.a(arm_common_tables.o)
                0x000000000801f59c                twiddleCoef_rfft_128
 .rodata.armBitRevIndexTable128
                0x000000000801f79c      0x1a0 /home/ilya/UCU/Grade2/POC/labs/STM32_Tune/libs/CMSIS-master/CMSIS/Lib/GCC/libarm_cortexM4lf_math.a(arm_common_tables.o)
                0x000000000801f79c                armBitRevIndexTable128
 .rodata.sqrt.str1.4
                0x000000000801f93c        0x5 /home/ilya/Ac6/SystemWorkbench/plugins/fr.ac6.mcu.externaltools.arm-none.linux64_1.17.0.201812190825/tools/compiler/bin/../lib/gcc/arm-none-eabi/7.3.1/../../../../arm-none-eabi/lib/thumb/v7e-m/fpv4-sp/hard/libm.a(lib_a-w_sqrt.o)
 *fill*         0x000000000801f941        0x3 
 .rodata.powf.str1.4
                0x000000000801f944        0x5 /home/ilya/Ac6/SystemWorkbench/plugins/fr.ac6.mcu.externaltools.arm-none.linux64_1.17.0.201812190825/tools/compiler/bin/../lib/gcc/arm-none-eabi/7.3.1/../../../../arm-none-eabi/lib/thumb/v7e-m/fpv4-sp/hard/libm.a(lib_a-wf_pow.o)
 .rodata.__ieee754_powf.str1.4
                0x000000000801f949        0x8 /home/ilya/Ac6/SystemWorkbench/plugins/fr.ac6.mcu.externaltools.arm-none.linux64_1.17.0.201812190825/tools/compiler/bin/../lib/gcc/arm-none-eabi/7.3.1/../../../../arm-none-eabi/lib/thumb/v7e-m/fpv4-sp/hard/libm.a(lib_a-ef_pow.o)
                                          0x1 (size before relaxing)
 *fill*         0x000000000801f949        0x3 
 .rodata.TWO23  0x000000000801f94c        0x8 /home/ilya/Ac6/SystemWorkbench/plugins/fr.ac6.mcu.externaltools.arm-none.linux64_1.17.0.201812190825/tools/compiler/bin/../lib/gcc/arm-none-eabi/7.3.1/../../../../arm-none-eabi/lib/thumb/v7e-m/fpv4-sp/hard/libm.a(lib_a-sf_rint.o)
 .rodata._printf_float.str1.1
                0x000000000801f954       0x12 /home/ilya/Ac6/SystemWorkbench/plugins/fr.ac6.mcu.externaltools.arm-none.linux64_1.17.0.201812190825/tools/compiler/bin/../lib/gcc/arm-none-eabi/7.3.1/../../../../arm-none-eabi/lib/thumb/v7e-m/fpv4-sp/hard/libc_nano.a(lib_a-nano-vfprintf_float.o)
 .rodata._printf_i.str1.1
                0x000000000801f966       0x22 /home/ilya/Ac6/SystemWorkbench/plugins/fr.ac6.mcu.externaltools.arm-none.linux64_1.17.0.201812190825/tools/compiler/bin/../lib/gcc/arm-none-eabi/7.3.1/../../../../arm-none-eabi/lib/thumb/v7e-m/fpv4-sp/hard/libc_nano.a(lib_a-nano-vfprintf_i.o)
 .rodata._dtoa_r.str1.1
                0x000000000801f988        0xd /home/ilya/Ac6/SystemWorkbench/plugins/fr.ac6.mcu.externaltools.arm-none.linux64_1.17.0.201812190825/tools/compiler/bin/../lib/gcc/arm-none-eabi/7.3.1/../../../../arm-none-eabi/lib/thumb/v7e-m/fpv4-sp/hard/libc_nano.a(lib_a-dtoa.o)
                                          0xf (size before relaxing)
 *fill*         0x000000000801f995        0x3 
 .rodata.__mprec_bigtens
                0x000000000801f998       0x28 /home/ilya/Ac6/SystemWorkbench/plugins/fr.ac6.mcu.externaltools.arm-none.linux64_1.17.0.201812190825/tools/compiler/bin/../lib/gcc/arm-none-eabi/7.3.1/../../../../arm-none-eabi/lib/thumb/v7e-m/fpv4-sp/hard/libc_nano.a(lib_a-mprec.o)
                0x000000000801f998                __mprec_bigtens
 .rodata.__mprec_tens
                0x000000000801f9c0       0xc8 /home/ilya/Ac6/SystemWorkbench/plugins/fr.ac6.mcu.externaltools.arm-none.linux64_1.17.0.201812190825/tools/compiler/bin/../lib/gcc/arm-none-eabi/7.3.1/../../../../arm-none-eabi/lib/thumb/v7e-m/fpv4-sp/hard/libc_nano.a(lib_a-mprec.o)
                0x000000000801f9c0                __mprec_tens
 .rodata.p05.7359
                0x000000000801fa88        0xc /home/ilya/Ac6/SystemWorkbench/plugins/fr.ac6.mcu.externaltools.arm-none.linux64_1.17.0.201812190825/tools/compiler/bin/../lib/gcc/arm-none-eabi/7.3.1/../../../../arm-none-eabi/lib/thumb/v7e-m/fpv4-sp/hard/libc_nano.a(lib_a-mprec.o)
 .rodata._svfprintf_r.str1.1
                0x000000000801fa94       0x11 /home/ilya/Ac6/SystemWorkbench/plugins/fr.ac6.mcu.externaltools.arm-none.linux64_1.17.0.201812190825/tools/compiler/bin/../lib/gcc/arm-none-eabi/7.3.1/../../../../arm-none-eabi/lib/thumb/v7e-m/fpv4-sp/hard/libc_nano.a(lib_a-nano-svfprintf.o)
 .rodata._setlocale_r.str1.1
                0x000000000801faa5        0x8 /home/ilya/Ac6/SystemWorkbench/plugins/fr.ac6.mcu.externaltools.arm-none.linux64_1.17.0.201812190825/tools/compiler/bin/../lib/gcc/arm-none-eabi/7.3.1/../../../../arm-none-eabi/lib/thumb/v7e-m/fpv4-sp/hard/libc_nano.a(lib_a-locale.o)
                                          0x9 (size before relaxing)
 .rodata.str1.1
                0x000000000801faad        0x2 /home/ilya/Ac6/SystemWorkbench/plugins/fr.ac6.mcu.externaltools.arm-none.linux64_1.17.0.201812190825/tools/compiler/bin/../lib/gcc/arm-none-eabi/7.3.1/../../../../arm-none-eabi/lib/thumb/v7e-m/fpv4-sp/hard/libc_nano.a(lib_a-locale.o)
 .rodata._ctype_
                0x000000000801faaf      0x101 /home/ilya/Ac6/SystemWorkbench/plugins/fr.ac6.mcu.externaltools.arm-none.linux64_1.17.0.201812190825/tools/compiler/bin/../lib/gcc/arm-none-eabi/7.3.1/../../../../arm-none-eabi/lib/thumb/v7e-m/fpv4-sp/hard/libc_nano.a(lib_a-ctype_.o)
                0x000000000801faaf                _ctype_
                0x000000000801fbb0                . = ALIGN (0x4)

.ARM.extab
 *(.ARM.extab* .gnu.linkonce.armextab.*)

.ARM            0x000000000801fbb0        0x8
                0x000000000801fbb0                __exidx_start = .
 *(.ARM.exidx*)
 .ARM.exidx     0x000000000801fbb0        0x8 /home/ilya/Ac6/SystemWorkbench/plugins/fr.ac6.mcu.externaltools.arm-none.linux64_1.17.0.201812190825/tools/compiler/bin/../lib/gcc/arm-none-eabi/7.3.1/thumb/v7e-m/fpv4-sp/hard/libgcc.a(_udivmoddi4.o)
                0x000000000801fbb8                __exidx_end = .

.rel.dyn        0x000000000801fbb8        0x0
 .rel.iplt      0x000000000801fbb8        0x0 /home/ilya/Ac6/SystemWorkbench/plugins/fr.ac6.mcu.externaltools.arm-none.linux64_1.17.0.201812190825/tools/compiler/bin/../lib/gcc/arm-none-eabi/7.3.1/thumb/v7e-m/fpv4-sp/hard/crtbegin.o

.preinit_array  0x000000000801fbb8        0x0
                0x000000000801fbb8                PROVIDE (__preinit_array_start = .)
 *(.preinit_array*)